__tests__/lib/services/nlq-connectors.test.ts(157,29): error TS2345: Argument of type '(d: { title?: string; }) => boolean | undefined' is not assignable to parameter of type '(value: unknown, index: number, array: unknown[]) => unknown'.
  Types of parameters 'd' and 'value' are incompatible.
    Type 'unknown' is not assignable to type '{ title?: string | undefined; }'.
__tests__/lib/services/nlq-connectors.test.ts(232,29): error TS2345: Argument of type '(d: { type?: string; }) => boolean' is not assignable to parameter of type '(value: unknown, index: number, array: unknown[]) => unknown'.
  Types of parameters 'd' and 'value' are incompatible.
    Type 'unknown' is not assignable to type '{ type?: string | undefined; }'.
__tests__/lib/services/nlq-connectors.test.ts(264,29): error TS2345: Argument of type '(d: { name?: string; }) => boolean | undefined' is not assignable to parameter of type '(value: unknown, index: number, array: unknown[]) => unknown'.
  Types of parameters 'd' and 'value' are incompatible.
    Type 'unknown' is not assignable to type '{ name?: string | undefined; }'.
app/ancestry-db/page.tsx(36,35): error TS2322: Type '"xs"' is not assignable to type '"default" | "icon" | "sm" | "lg" | "icon-sm" | "icon-lg" | null | undefined'.
app/ancestry-db/page.tsx(48,34): error TS2339: Property 'position' does not exist on type 'HTMLDivElement'.
app/ancestry-db/page.tsx(49,17): error TS2339: Property 'scale' does not exist on type 'HTMLDivElement'.
app/ancestry-db/page.tsx(57,13): error TS2322: Type '{ children: Element; transform: true; occlude: true; }' is not assignable to type 'IntrinsicAttributes & { children: ReactNode; distanceFactor: number; }'.
  Property 'transform' does not exist on type 'IntrinsicAttributes & { children: ReactNode; distanceFactor: number; }'.
app/ancestry/phylogeny/page.tsx(65,42): error TS2322: Type 'Dispatch<SetStateAction<"cladogram" | "phylogram" | "radial" | "unrooted">>' is not assignable to type '(value: string) => void'.
  Types of parameters 'value' and 'value' are incompatible.
    Type 'string' is not assignable to type 'SetStateAction<"cladogram" | "phylogram" | "radial" | "unrooted">'.
app/ancestry/phylogeny/page.tsx(257,29): error TS2872: This kind of expression is always truthy.
app/api/agent/events/route.ts(46,83): error TS2339: Property 'event_type' does not exist on type 'never'.
app/api/agent/events/route.ts(47,63): error TS2339: Property 'event_type' does not exist on type 'never'.
app/api/agent/events/route.ts(48,20): error TS2698: Spread types may only be created from object types.
app/api/agent/keys/route.ts(65,17): error TS2345: Argument of type '{ is_active: boolean; revoked_at: string; }' is not assignable to parameter of type 'never'.
app/api/agent/keys/route.ts(82,8): error TS2769: No overload matches this call.
  Overload 1 of 2, '(values: never, options?: { count?: "exact" | "planned" | "estimated" | undefined; } | undefined): PostgrestFilterBuilder<{ PostgrestVersion: string; }, never, never, null, "agent_api_keys", never, "POST">', gave the following error.
    Argument of type '{ profile_id: string; key_hash: string; key_prefix: string; name: any; scopes: string[]; is_active: boolean; rotated_from: any; }' is not assignable to parameter of type 'never'.
  Overload 2 of 2, '(values: never[], options?: { count?: "exact" | "planned" | "estimated" | undefined; defaultToNull?: boolean | undefined; } | undefined): PostgrestFilterBuilder<{ PostgrestVersion: string; }, never, never, null, "agent_api_keys", never, "POST">', gave the following error.
    Object literal may only specify known properties, and 'profile_id' does not exist in type 'never[]'.
app/api/agent/keys/route.ts(102,26): error TS2339: Property 'id' does not exist on type 'never'.
app/api/agent/keys/route.ts(111,18): error TS2339: Property 'id' does not exist on type 'never'.
app/api/agent/keys/route.ts(112,26): error TS2339: Property 'key_prefix' does not exist on type 'never'.
app/api/agent/keys/route.ts(141,15): error TS2345: Argument of type '{ is_active: boolean; revoked_at: string; revoke_reason: any; }' is not assignable to parameter of type 'never'.
app/api/agent/success/route.ts(42,26): error TS2339: Property 'expires_at' does not exist on type 'never'.
app/api/agent/success/route.ts(44,69): error TS2339: Property 'id' does not exist on type 'never'.
app/api/agent/success/route.ts(52,25): error TS2339: Property 'profile_id' does not exist on type 'never'.
app/api/agent/success/route.ts(56,67): error TS2339: Property 'id' does not exist on type 'never'.
app/api/agent/success/route.ts(59,24): error TS2339: Property 'raw_key' does not exist on type 'never'.
app/api/agent/success/route.ts(60,31): error TS2339: Property 'balance_cents' does not exist on type 'never'.
app/api/agent/usage/route.ts(17,72): error TS2345: Argument of type '{ p_profile_id: string; }' is not assignable to parameter of type 'undefined'.
app/api/ancestry/[id]/route.ts(37,39): error TS2339: Property 'metadata' does not exist on type 'Species'.
app/api/auth/[...nextauth]/route.ts(283,3): error TS2353: Object literal may only specify known properties, and 'trustHost' does not exist in type 'AuthOptions'.
app/api/billing/route.ts(59,51): error TS2339: Property 'current_period_start' does not exist on type 'Subscription'.
app/api/billing/route.ts(60,49): error TS2339: Property 'current_period_end' does not exist on type 'Subscription'.
app/api/compound-image/route.ts(33,25): error TS2345: Argument of type 'Buffer<ArrayBufferLike>' is not assignable to parameter of type 'BodyInit | null | undefined'.
  Type 'Buffer<ArrayBufferLike>' is missing the following properties from type 'URLSearchParams': size, append, delete, get, and 2 more.
app/api/crypto/verify/route.ts(231,20): error TS2737: BigInt literals are not available when targeting lower than ES2020.
app/api/devices/ingest/route.ts(224,9): error TS2353: Object literal may only specify known properties, and 'location' does not exist in type 'Observation'.
app/api/devices/register/route.ts(70,9): error TS2322: Type '"registration"' is not assignable to type '"manual" | "network" | "estimated" | "gps" | undefined'.
app/api/devices/register/route.ts(251,34): error TS2345: Argument of type '{ id: string; type: string; name: string; status: string; lastSeenAt: string; properties: { unregisteredAt: string; }; provenance: { source: string; sourceId: string; collectedAt: string; reliability: number; }; }' is not assignable to parameter of type 'Entity'.
  Type '{ id: string; type: string; name: string; status: string; lastSeenAt: string; properties: { unregisteredAt: string; }; provenance: { source: string; sourceId: string; collectedAt: string; reliability: number; }; }' is missing the following properties from type 'Entity': createdAt, updatedAt
app/api/earth-simulator/heat-tiles/[z]/[x]/[y]/route.ts(168,29): error TS2345: Argument of type 'Buffer<ArrayBufferLike>' is not assignable to parameter of type 'BodyInit | null | undefined'.
  Type 'Buffer<ArrayBufferLike>' is missing the following properties from type 'URLSearchParams': size, append, delete, get, and 2 more.
app/api/earth-simulator/mycelium-tiles/[z]/[x]/[y]/route.ts(193,29): error TS2345: Argument of type 'Buffer<ArrayBufferLike>' is not assignable to parameter of type 'BodyInit | null | undefined'.
  Type 'Buffer<ArrayBufferLike>' is missing the following properties from type 'URLSearchParams': size, append, delete, get, and 2 more.
app/api/earth-simulator/weather-tiles/[z]/[x]/[y]/route.ts(181,29): error TS2345: Argument of type 'Buffer<ArrayBufferLike>' is not assignable to parameter of type 'BodyInit | null | undefined'.
  Type 'Buffer<ArrayBufferLike>' is missing the following properties from type 'URLSearchParams': size, append, delete, get, and 2 more.
app/api/mas/agents/route.ts(99,36): error TS2339: Property 'status' does not exist on type '{}'.
app/api/mas/agents/route.ts(100,42): error TS2339: Property 'container_id' does not exist on type '{}'.
app/api/mas/agents/route.ts(101,40): error TS2339: Property 'started_at' does not exist on type '{}'.
app/api/mas/agents/route.ts(102,44): error TS2339: Property 'last_heartbeat' does not exist on type '{}'.
app/api/mas/agents/route.ts(103,45): error TS2339: Property 'tasks_completed' does not exist on type '{}'.
app/api/mas/agents/route.ts(104,42): error TS2339: Property 'tasks_failed' does not exist on type '{}'.
app/api/mas/agents/route.ts(105,39): error TS2339: Property 'cpu_usage' does not exist on type '{}'.
app/api/mas/agents/route.ts(106,42): error TS2339: Property 'memory_usage' does not exist on type '{}'.
app/api/mas/agents/route.ts(107,43): error TS2339: Property 'error_message' does not exist on type '{}'.
app/api/mas/topology/route.ts(299,7): error TS2353: Object literal may only specify known properties, and 'metadata' does not exist in type 'TopologyConnection'.
app/api/mas/topology/route.ts(405,20): error TS2345: Argument of type '{ id: string; connectionId: string; sourceId: string; targetId: string; type: PacketType; size: number; timestamp: number; progress: number; }' is not assignable to parameter of type 'DataPacket'.
  Type '{ id: string; connectionId: string; sourceId: string; targetId: string; type: PacketType; size: number; timestamp: number; progress: number; }' is missing the following properties from type 'DataPacket': priority, latency, direction
app/api/mas/topology/route.ts(530,54): error TS2339: Property 'metadata' does not exist on type 'TopologyConnection'.
app/api/mas/topology/route.ts(541,9): error TS2353: Object literal may only specify known properties, and 'persistedConnections' does not exist in type '{ totalNodes: number; activeNodes: number; totalConnections: number; activeConnections: number; messagesPerSecond: number; avgLatencyMs: number; systemLoad: number; uptimeSeconds: number; }'.
app/api/mas/voice/orchestrator/route.ts(265,37): error TS2339: Property 'name' does not exist on type '{ scientific_name?: string | undefined; common_name?: string | undefined; }'.
app/api/mas/world/[[...path]]/route.ts(154,62): error TS2345: Argument of type '{ p_event_type: string; p_balance_cents: number; }' is not assignable to parameter of type 'undefined'.
app/api/mas/world/[[...path]]/route.ts(204,82): error TS2345: Argument of type '{ p_api_key_id: string; p_cost_cents: number; }' is not assignable to parameter of type 'undefined'.
app/api/mas/world/[[...path]]/route.ts(310,46): error TS2769: No overload matches this call.
  Overload 1 of 2, '(values: never, options?: { count?: "exact" | "planned" | "estimated" | undefined; } | undefined): PostgrestFilterBuilder<{ PostgrestVersion: string; }, never, never, null, "agent_usage_log", never, "POST">', gave the following error.
    Argument of type '{ api_key_id: string | undefined; profile_id: string; endpoint: string; method: string; status_code: number; cost_cents: number; latency_ms: number; ip_address: string | null; user_agent: string | null; }' is not assignable to parameter of type 'never'.
  Overload 2 of 2, '(values: never[], options?: { count?: "exact" | "planned" | "estimated" | undefined; defaultToNull?: boolean | undefined; } | undefined): PostgrestFilterBuilder<{ PostgrestVersion: string; }, never, never, null, "agent_usage_log", never, "POST">', gave the following error.
    Object literal may only specify known properties, and 'api_key_id' does not exist in type 'never[]'.
app/api/mycobrain/[port]/telemetry/route.ts(292,31): error TS2322: Type 'boolean' is not assignable to type 'string | number'.
app/api/mycobrain/route.ts(116,78): error TS2339: Property 'replace' does not exist on type '{}'.
app/api/mycobrain/route.ts(123,21): error TS2339: Property 'side' does not exist on type '{}'.
app/api/mycobrain/route.ts(124,33): error TS2339: Property 'firmware' does not exist on type '{}'.
app/api/mycobrain/route.ts(125,27): error TS2339: Property 'board' does not exist on type '{}'.
app/api/natureos/mindex/containers/route.ts(68,22): error TS2345: Argument of type '(row: ContainerVisibility) => string' is not assignable to parameter of type '(value: { container_id: any; }, index: number, array: { container_id: any; }[]) => string'.
  Types of parameters 'row' and 'value' are incompatible.
    Type '{ container_id: any; }' is missing the following properties from type 'ContainerVisibility': user_id, access_level
app/api/natureos/settings/route.ts(339,22): error TS2345: Argument of type '{ id: any; timestamp: string; category: string; key: string; oldValue: unknown; newValue: unknown; source: string; userId: string | undefined; approved: boolean; approvedBy: any; appliedAt: string; }' is not assignable to parameter of type '{ id: string; timestamp: string; category: string; key: string; oldValue: unknown; newValue: unknown; source: "user" | "myca" | "system" | "api"; userId?: string | undefined; approved: boolean; approvedBy?: string | undefined; appliedAt?: string | undefined; }'.
  Types of property 'source' are incompatible.
    Type 'string' is not assignable to type '"user" | "myca" | "system" | "api"'.
app/api/oei/aisstream/route.ts(151,34): error TS2345: Argument of type 'VesselEntity[]' is not assignable to parameter of type '{ [key: string]: unknown; mmsi?: string | undefined; name?: string | undefined; latitude?: number | undefined; longitude?: number | undefined; speed?: number | undefined; course?: number | undefined; type?: string | undefined; }[]'.
  Type 'VesselEntity' is not assignable to type '{ [key: string]: unknown; mmsi?: string | undefined; name?: string | undefined; latitude?: number | undefined; longitude?: number | undefined; speed?: number | undefined; course?: number | undefined; type?: string | undefined; }'.
    Index signature for type 'string' is missing in type 'VesselEntity'.
app/api/oei/aisstream/route.ts(165,34): error TS2345: Argument of type 'VesselEntity[]' is not assignable to parameter of type '{ [key: string]: unknown; mmsi?: string | undefined; name?: string | undefined; latitude?: number | undefined; longitude?: number | undefined; speed?: number | undefined; course?: number | undefined; type?: string | undefined; }[]'.
  Type 'VesselEntity' is not assignable to type '{ [key: string]: unknown; mmsi?: string | undefined; name?: string | undefined; latitude?: number | undefined; longitude?: number | undefined; speed?: number | undefined; course?: number | undefined; type?: string | undefined; }'.
    Index signature for type 'string' is missing in type 'VesselEntity'.
app/api/oei/flightradar24/route.ts(89,37): error TS2345: Argument of type 'AircraftEntity[]' is not assignable to parameter of type '{ [key: string]: unknown; icao24?: string | undefined; callsign?: string | undefined; latitude?: number | undefined; longitude?: number | undefined; altitude?: number | undefined; velocity?: number | undefined; heading?: number | undefined; on_ground?: boolean | undefined; }[]'.
  Type 'AircraftEntity' is not assignable to type '{ [key: string]: unknown; icao24?: string | undefined; callsign?: string | undefined; latitude?: number | undefined; longitude?: number | undefined; altitude?: number | undefined; velocity?: number | undefined; heading?: number | undefined; on_ground?: boolean | undefined; }'.
    Types of property 'altitude' are incompatible.
      Type 'number | null | undefined' is not assignable to type 'number | undefined'.
        Type 'null' is not assignable to type 'number | undefined'.
app/api/oei/satellites/route.ts(127,35): error TS2345: Argument of type 'SatelliteEntity[]' is not assignable to parameter of type '{ [key: string]: unknown; noradId?: number | undefined; name?: string | undefined; latitude?: number | undefined; longitude?: number | undefined; altitude?: number | undefined; velocity?: number | undefined; }[]'.
  Type 'SatelliteEntity' is not assignable to type '{ [key: string]: unknown; noradId?: number | undefined; name?: string | undefined; latitude?: number | undefined; longitude?: number | undefined; altitude?: number | undefined; velocity?: number | undefined; }'.
    Index signature for type 'string' is missing in type 'SatelliteEntity'.
app/api/presence/online/route.ts(57,54): error TS7006: Parameter 'p' implicitly has an 'any' type.
app/api/presence/online/route.ts(65,54): error TS7006: Parameter 's' implicitly has an 'any' type.
app/api/presence/online/route.ts(71,19): error TS2339: Property 'role' does not exist on type '{}'.
app/api/presence/online/route.ts(73,30): error TS2339: Property 'started_at' does not exist on type '{}'.
app/api/presence/online/route.ts(75,51): error TS2339: Property 'started_at' does not exist on type '{}'.
app/api/presence/online/route.ts(81,24): error TS2339: Property 'full_name' does not exist on type '{}'.
app/api/presence/online/route.ts(81,46): error TS2339: Property 'email' does not exist on type '{}'.
app/api/presence/online/route.ts(82,25): error TS2339: Property 'email' does not exist on type '{}'.
app/api/presence/online/route.ts(83,24): error TS2339: Property 'role' does not exist on type '{}'.
app/api/presence/sessions/route.ts(68,55): error TS7006: Parameter 's' implicitly has an 'any' type.
app/api/presence/sessions/route.ts(74,54): error TS7006: Parameter 'p' implicitly has an 'any' type.
app/api/presence/sessions/route.ts(76,44): error TS7006: Parameter 's' implicitly has an 'any' type.
app/api/scrapers/space-weather/route.ts(30,16): error TS2352: Conversion of type 'ScrapedData<unknown>' to type 'null' may be a mistake because neither type sufficiently overlaps with the other. If this was intentional, convert the expression to 'unknown' first.
app/api/scrapers/space-weather/route.ts(44,18): error TS18047: 'data' is possibly 'null'.
app/api/scrapers/space-weather/route.ts(45,18): error TS18047: 'data' is possibly 'null'.
app/api/scrapers/space-weather/route.ts(46,17): error TS18047: 'data' is possibly 'null'.
app/api/scrapers/space-weather/route.ts(47,13): error TS18047: 'data' is possibly 'null'.
app/api/search/route.ts(224,11): error TS2322: Type '{ id: string | number | undefined; title: string; description: string; type: string; url: string; source: string; }[]' is not assignable to type 'SearchResult[]'.
  Type '{ id: string | number | undefined; title: string; description: string; type: string; url: string; source: string; }' is not assignable to type 'SearchResult'.
    Types of property 'id' are incompatible.
      Type 'string | number | undefined' is not assignable to type 'string'.
        Type 'undefined' is not assignable to type 'string'.
app/api/search/route.ts(228,18): error TS2345: Argument of type '{ id: string | number; title: string; description: string; type: "fungi"; url: string; source: "Mycosoft"; metadata: { scientificName: string; category: string | undefined; popularity: number | undefined; regions: string[] | undefined; }; }' is not assignable to parameter of type 'SearchResult'.
  Types of property 'id' are incompatible.
    Type 'string | number' is not assignable to type 'string'.
      Type 'number' is not assignable to type 'string'.
app/api/search/route.ts(239,42): error TS2345: Argument of type 'never[] | Record<string, unknown>[]' is not assignable to parameter of type 'INaturalistResult[]'.
  Type 'Record<string, unknown>[]' is not assignable to type 'INaturalistResult[]'.
    Type 'Record<string, unknown>' is missing the following properties from type 'INaturalistResult': id, name
app/api/search/unified-v2/route.ts(997,27): error TS2322: Type '{ id: unknown; canonical_name: unknown; common_name: unknown; rank: {}; description: unknown; image_url: unknown; toxicity: unknown; edibility: unknown; }[]' is not assignable to type 'TaxonResult[]'.
  Type '{ id: unknown; canonical_name: unknown; common_name: unknown; rank: {}; description: unknown; image_url: unknown; toxicity: unknown; edibility: unknown; }' is not assignable to type 'TaxonResult'.
    Types of property 'id' are incompatible.
      Type 'unknown' is not assignable to type 'string'.
app/api/search/unified-v2/route.ts(997,33): error TS2322: Type '{ id: unknown; name: unknown; formula: unknown; molecular_weight: unknown; fungal_sources: unknown; }[]' is not assignable to type 'CompoundResult[]'.
  Type '{ id: unknown; name: unknown; formula: unknown; molecular_weight: unknown; fungal_sources: unknown; }' is not assignable to type 'CompoundResult'.
    Types of property 'id' are incompatible.
      Type 'unknown' is not assignable to type 'string'.
app/api/search/unified-v2/route.ts(997,44): error TS2322: Type '{ id: unknown; title: unknown; authors: unknown; journal: unknown; year: unknown; doi: unknown; abstract: unknown; }[]' is not assignable to type 'ResearchResult[]'.
  Type '{ id: unknown; title: unknown; authors: unknown; journal: unknown; year: unknown; doi: unknown; abstract: unknown; }' is not assignable to type 'ResearchResult'.
    Types of property 'id' are incompatible.
      Type 'unknown' is not assignable to type 'string'.
app/api/search/unified-v2/route.ts(1159,27): error TS2322: Type '{ id: unknown; canonical_name: unknown; common_name: unknown; rank: {}; description: unknown; image_url: unknown; toxicity: unknown; edibility: unknown; }[]' is not assignable to type 'TaxonResult[]'.
  Type '{ id: unknown; canonical_name: unknown; common_name: unknown; rank: {}; description: unknown; image_url: unknown; toxicity: unknown; edibility: unknown; }' is not assignable to type 'TaxonResult'.
    Types of property 'id' are incompatible.
      Type 'unknown' is not assignable to type 'string'.
app/api/search/unified-v2/route.ts(1159,33): error TS2322: Type '{ id: unknown; name: unknown; formula: unknown; molecular_weight: unknown; fungal_sources: unknown; }[]' is not assignable to type 'CompoundResult[]'.
  Type '{ id: unknown; name: unknown; formula: unknown; molecular_weight: unknown; fungal_sources: unknown; }' is not assignable to type 'CompoundResult'.
    Types of property 'id' are incompatible.
      Type 'unknown' is not assignable to type 'string'.
app/api/search/unified-v2/route.ts(1159,44): error TS2322: Type '{ id: unknown; title: unknown; authors: unknown; journal: unknown; year: unknown; doi: unknown; abstract: unknown; }[]' is not assignable to type 'ResearchResult[]'.
  Type '{ id: unknown; title: unknown; authors: unknown; journal: unknown; year: unknown; doi: unknown; abstract: unknown; }' is not assignable to type 'ResearchResult'.
    Types of property 'id' are incompatible.
      Type 'unknown' is not assignable to type 'string'.
app/api/search/unified/route.ts(355,21): error TS2352: Conversion of type 'Record<string, unknown>[]' to type 'INaturalistTaxon[]' may be a mistake because neither type sufficiently overlaps with the other. If this was intentional, convert the expression to 'unknown' first.
  Property 'id' is missing in type 'Record<string, unknown>' but required in type 'INaturalistTaxon'.
app/api/search/unified/route.ts(373,34): error TS2322: Type 'string | undefined' is not assignable to type 'string'.
  Type 'undefined' is not assignable to type 'string'.
app/api/search/unified/route.ts(374,38): error TS2322: Type 'string | undefined' is not assignable to type 'string'.
  Type 'undefined' is not assignable to type 'string'.
app/api/search/unified/route.ts(375,38): error TS2322: Type 'string | undefined' is not assignable to type 'string'.
  Type 'undefined' is not assignable to type 'string'.
app/api/search/unified/route.ts(376,39): error TS2322: Type 'string | undefined' is not assignable to type 'string'.
  Type 'undefined' is not assignable to type 'string'.
app/api/search/unified/route.ts(377,38): error TS2322: Type 'string | undefined' is not assignable to type 'string'.
  Type 'undefined' is not assignable to type 'string'.
app/api/search/unified/route.ts(785,34): error TS2322: Type 'string | undefined' is not assignable to type 'string'.
  Type 'undefined' is not assignable to type 'string'.
app/api/search/unified/route.ts(786,38): error TS2322: Type 'string | undefined' is not assignable to type 'string'.
  Type 'undefined' is not assignable to type 'string'.
app/api/search/unified/route.ts(787,38): error TS2322: Type 'string | undefined' is not assignable to type 'string'.
  Type 'undefined' is not assignable to type 'string'.
app/api/search/unified/route.ts(788,39): error TS2322: Type 'string | undefined' is not assignable to type 'string'.
  Type 'undefined' is not assignable to type 'string'.
app/api/search/unified/route.ts(789,38): error TS2322: Type 'string | undefined' is not assignable to type 'string'.
  Type 'undefined' is not assignable to type 'string'.
app/api/security/incidents/test/route.ts(321,9): error TS2322: Type '"updated" | "resolved"' is not assignable to type '"fixed" | "monitored" | "resolved" | "escalated" | "detected" | "investigated" | "analyzed" | "logged" | "notified"'.
  Type '"updated"' is not assignable to type '"fixed" | "monitored" | "resolved" | "escalated" | "detected" | "investigated" | "analyzed" | "logged" | "notified"'.
app/api/security/incidents/test/route.ts(473,7): error TS2322: Type '"infrastructure" | "security" | "monitoring"' is not assignable to type '"core" | "communication" | "data" | "infrastructure" | "security"'.
  Type '"monitoring"' is not assignable to type '"core" | "communication" | "data" | "infrastructure" | "security"'.
app/api/sse/_proxy.ts(59,9): error TS2741: Property 'dispatchEvent' is missing in type 'import("C:/Users/admin2/Desktop/MYCOSOFT/CODE/WEBSITE/website/node_modules/@types/ws/index").default' but required in type 'WebSocket'.
app/api/sse/_proxy.ts(69,9): error TS18047: 'ws' is possibly 'null'.
app/api/sse/_proxy.ts(69,12): error TS2339: Property 'on' does not exist on type 'WebSocket'.
app/api/sse/_proxy.ts(90,9): error TS18047: 'ws' is possibly 'null'.
app/api/sse/_proxy.ts(90,12): error TS2339: Property 'on' does not exist on type 'WebSocket'.
app/api/sse/_proxy.ts(99,9): error TS18047: 'ws' is possibly 'null'.
app/api/sse/_proxy.ts(99,12): error TS2339: Property 'on' does not exist on type 'WebSocket'.
app/api/sse/_proxy.ts(112,9): error TS18047: 'ws' is possibly 'null'.
app/api/sse/_proxy.ts(112,12): error TS2339: Property 'on' does not exist on type 'WebSocket'.
app/api/storage/nas/route.ts(211,5): error TS2353: Object literal may only specify known properties, and 'totalStorageTB' does not exist in type 'NASStatus'.
app/api/stream/agents/route.ts(44,9): error TS2741: Property 'dispatchEvent' is missing in type 'import("C:/Users/admin2/Desktop/MYCOSOFT/CODE/WEBSITE/website/node_modules/@types/ws/index").default' but required in type 'WebSocket'.
app/api/stream/agents/route.ts(55,9): error TS18047: 'ws' is possibly 'null'.
app/api/stream/agents/route.ts(55,12): error TS2339: Property 'on' does not exist on type 'WebSocket'.
app/api/stream/agents/route.ts(59,11): error TS18047: 'ws' is possibly 'null'.
app/api/stream/agents/route.ts(70,9): error TS18047: 'ws' is possibly 'null'.
app/api/stream/agents/route.ts(70,12): error TS2339: Property 'on' does not exist on type 'WebSocket'.
app/api/stream/agents/route.ts(87,9): error TS18047: 'ws' is possibly 'null'.
app/api/stream/agents/route.ts(87,12): error TS2339: Property 'on' does not exist on type 'WebSocket'.
app/api/stream/agents/route.ts(87,25): error TS7006: Parameter 'error' implicitly has an 'any' type.
app/api/stream/agents/route.ts(100,9): error TS18047: 'ws' is possibly 'null'.
app/api/stream/agents/route.ts(100,12): error TS2339: Property 'on' does not exist on type 'WebSocket'.
app/api/stream/devices/[id]/route.ts(51,9): error TS2741: Property 'dispatchEvent' is missing in type 'import("C:/Users/admin2/Desktop/MYCOSOFT/CODE/WEBSITE/website/node_modules/@types/ws/index").default' but required in type 'WebSocket'.
app/api/stream/devices/[id]/route.ts(63,9): error TS18047: 'ws' is possibly 'null'.
app/api/stream/devices/[id]/route.ts(63,12): error TS2339: Property 'on' does not exist on type 'WebSocket'.
app/api/stream/devices/[id]/route.ts(75,9): error TS18047: 'ws' is possibly 'null'.
app/api/stream/devices/[id]/route.ts(75,12): error TS2339: Property 'on' does not exist on type 'WebSocket'.
app/api/stream/devices/[id]/route.ts(92,9): error TS18047: 'ws' is possibly 'null'.
app/api/stream/devices/[id]/route.ts(92,12): error TS2339: Property 'on' does not exist on type 'WebSocket'.
app/api/stream/devices/[id]/route.ts(92,25): error TS7006: Parameter 'error' implicitly has an 'any' type.
app/api/stream/devices/[id]/route.ts(106,9): error TS18047: 'ws' is possibly 'null'.
app/api/stream/devices/[id]/route.ts(106,12): error TS2339: Property 'on' does not exist on type 'WebSocket'.
app/api/stream/scientific/route.ts(43,9): error TS2741: Property 'dispatchEvent' is missing in type 'import("C:/Users/admin2/Desktop/MYCOSOFT/CODE/WEBSITE/website/node_modules/@types/ws/index").default' but required in type 'WebSocket'.
app/api/stream/scientific/route.ts(54,9): error TS18047: 'ws' is possibly 'null'.
app/api/stream/scientific/route.ts(54,12): error TS2339: Property 'on' does not exist on type 'WebSocket'.
app/api/stream/scientific/route.ts(66,9): error TS18047: 'ws' is possibly 'null'.
app/api/stream/scientific/route.ts(66,12): error TS2339: Property 'on' does not exist on type 'WebSocket'.
app/api/stream/scientific/route.ts(83,9): error TS18047: 'ws' is possibly 'null'.
app/api/stream/scientific/route.ts(83,12): error TS2339: Property 'on' does not exist on type 'WebSocket'.
app/api/stream/scientific/route.ts(83,25): error TS7006: Parameter 'error' implicitly has an 'any' type.
app/api/stream/scientific/route.ts(96,9): error TS18047: 'ws' is possibly 'null'.
app/api/stream/scientific/route.ts(96,12): error TS2339: Property 'on' does not exist on type 'WebSocket'.
app/api/stripe/webhooks/route.ts(179,45): error TS2769: No overload matches this call.
  Overload 1 of 2, '(values: never, options?: { count?: "exact" | "planned" | "estimated" | undefined; } | undefined): PostgrestFilterBuilder<{ PostgrestVersion: string; }, never, never, null, "orders", never, "POST">', gave the following error.
    Argument of type '{ user_id: string; stripe_session_id: string; stripe_payment_intent_id: string; product_id: string | undefined; amount: number | null; currency: string | null; status: string; shipping_address: any; }' is not assignable to parameter of type 'never'.
  Overload 2 of 2, '(values: never[], options?: { count?: "exact" | "planned" | "estimated" | undefined; defaultToNull?: boolean | undefined; } | undefined): PostgrestFilterBuilder<{ PostgrestVersion: string; }, never, never, null, "orders", never, "POST">', gave the following error.
    Object literal may only specify known properties, and 'user_id' does not exist in type 'never[]'.
app/api/stripe/webhooks/route.ts(187,33): error TS2339: Property 'shipping_details' does not exist on type 'Session'.
app/api/stripe/webhooks/route.ts(212,28): error TS2339: Property 'id' does not exist on type 'never'.
app/api/stripe/webhooks/route.ts(219,37): error TS2769: No overload matches this call.
  Overload 1 of 2, '(values: never, options?: { count?: "exact" | "planned" | "estimated" | undefined; } | undefined): PostgrestFilterBuilder<{ PostgrestVersion: string; }, never, never, null, "profiles", never, "POST">', gave the following error.
    Argument of type '{ id: string; email: string | null; balance_cents: number; total_paid_cents: number; is_agent: boolean; }' is not assignable to parameter of type 'never'.
  Overload 2 of 2, '(values: never[], options?: { count?: "exact" | "planned" | "estimated" | undefined; defaultToNull?: boolean | undefined; } | undefined): PostgrestFilterBuilder<{ PostgrestVersion: string; }, never, never, null, "profiles", never, "POST">', gave the following error.
    Object literal may only specify known properties, and 'id' does not exist in type 'never[]'.
app/api/stripe/webhooks/route.ts(229,35): error TS2769: No overload matches this call.
  Overload 1 of 2, '(values: never, options?: { count?: "exact" | "planned" | "estimated" | undefined; } | undefined): PostgrestFilterBuilder<{ PostgrestVersion: string; }, never, never, null, "payments", never, "POST">', gave the following error.
    Argument of type '{ user_id: string; amount: number; currency: string; method: string; status: string; stripe_checkout_session_id: string; stripe_payment_intent_id: string; description: string; }' is not assignable to parameter of type 'never'.
  Overload 2 of 2, '(values: never[], options?: { count?: "exact" | "planned" | "estimated" | undefined; defaultToNull?: boolean | undefined; } | undefined): PostgrestFilterBuilder<{ PostgrestVersion: string; }, never, never, null, "payments", never, "POST">', gave the following error.
    Object literal may only specify known properties, and 'user_id' does not exist in type 'never[]'.
app/api/stripe/webhooks/route.ts(247,35): error TS2339: Property 'balance_cents' does not exist on type 'never'.
app/api/stripe/webhooks/route.ts(248,32): error TS2339: Property 'total_paid_cents' does not exist on type 'never'.
app/api/stripe/webhooks/route.ts(252,13): error TS2345: Argument of type '{ balance_cents: any; total_paid_cents: any; }' is not assignable to parameter of type 'never'.
app/api/stripe/webhooks/route.ts(263,41): error TS2769: No overload matches this call.
  Overload 1 of 2, '(values: never, options?: { count?: "exact" | "planned" | "estimated" | undefined; } | undefined): PostgrestFilterBuilder<{ PostgrestVersion: string; }, never, never, null, "agent_api_keys", never, "POST">', gave the following error.
    Argument of type '{ profile_id: string; key_hash: string; key_prefix: string; name: string; scopes: string[]; is_active: boolean; }' is not assignable to parameter of type 'never'.
  Overload 2 of 2, '(values: never[], options?: { count?: "exact" | "planned" | "estimated" | undefined; defaultToNull?: boolean | undefined; } | undefined): PostgrestFilterBuilder<{ PostgrestVersion: string; }, never, never, null, "agent_api_keys", never, "POST">', gave the following error.
    Object literal may only specify known properties, and 'profile_id' does not exist in type 'never[]'.
app/api/stripe/webhooks/route.ts(273,39): error TS2769: No overload matches this call.
  Overload 1 of 2, '(values: never, options?: { count?: "exact" | "planned" | "estimated" | undefined; } | undefined): PostgrestFilterBuilder<{ PostgrestVersion: string; }, never, never, null, "agent_events", never, "POST">', gave the following error.
    Argument of type '{ profile_id: string; event_type: string; severity: string; message: string; metadata: { session_id: string; amount_cents: number; }; }' is not assignable to parameter of type 'never'.
  Overload 2 of 2, '(values: never[], options?: { count?: "exact" | "planned" | "estimated" | undefined; defaultToNull?: boolean | undefined; } | undefined): PostgrestFilterBuilder<{ PostgrestVersion: string; }, never, never, null, "agent_events", never, "POST">', gave the following error.
    Object literal may only specify known properties, and 'profile_id' does not exist in type 'never[]'.
app/api/stripe/webhooks/route.ts(282,42): error TS2769: No overload matches this call.
  Overload 1 of 2, '(values: never, options?: { count?: "exact" | "planned" | "estimated" | undefined; } | undefined): PostgrestFilterBuilder<{ PostgrestVersion: string; }, never, never, null, "agent_temp_keys", never, "POST">', gave the following error.
    Argument of type '{ session_id: string; raw_key: string; profile_id: string; }' is not assignable to parameter of type 'never'.
  Overload 2 of 2, '(values: never[], options?: { count?: "exact" | "planned" | "estimated" | undefined; defaultToNull?: boolean | undefined; } | undefined): PostgrestFilterBuilder<{ PostgrestVersion: string; }, never, never, null, "agent_temp_keys", never, "POST">', gave the following error.
    Object literal may only specify known properties, and 'session_id' does not exist in type 'never[]'.
app/api/stripe/webhooks/route.ts(348,50): error TS2769: No overload matches this call.
  Overload 1 of 2, '(values: never, options?: { count?: "exact" | "planned" | "estimated" | undefined; } | undefined): PostgrestFilterBuilder<{ PostgrestVersion: string; }, never, never, null, "notifications", never, "POST">', gave the following error.
    Argument of type '{ user_id: string; type: string; title: string; message: string; read: boolean; }' is not assignable to parameter of type 'never'.
  Overload 2 of 2, '(values: never[], options?: { count?: "exact" | "planned" | "estimated" | undefined; defaultToNull?: boolean | undefined; } | undefined): PostgrestFilterBuilder<{ PostgrestVersion: string; }, never, never, null, "notifications", never, "POST">', gave the following error.
    Object literal may only specify known properties, and 'user_id' does not exist in type 'never[]'.
app/api/stripe/webhooks/route.ts(365,47): error TS2769: No overload matches this call.
  Overload 1 of 2, '(values: never, options?: { count?: "exact" | "planned" | "estimated" | undefined; } | undefined): PostgrestFilterBuilder<{ PostgrestVersion: string; }, never, never, null, "payments", never, "POST">', gave the following error.
    Argument of type '{ user_id: string; stripe_invoice_id: string; stripe_payment_intent_id: string; amount: number; currency: string; status: string; description: string; }' is not assignable to parameter of type 'never'.
  Overload 2 of 2, '(values: never[], options?: { count?: "exact" | "planned" | "estimated" | undefined; defaultToNull?: boolean | undefined; } | undefined): PostgrestFilterBuilder<{ PostgrestVersion: string; }, never, never, null, "payments", never, "POST">', gave the following error.
    Object literal may only specify known properties, and 'user_id' does not exist in type 'never[]'.
app/api/stripe/webhooks/route.ts(368,41): error TS2339: Property 'payment_intent' does not exist on type 'Invoice'.
app/api/stripe/webhooks/route.ts(387,52): error TS2769: No overload matches this call.
  Overload 1 of 2, '(values: never, options?: { count?: "exact" | "planned" | "estimated" | undefined; } | undefined): PostgrestFilterBuilder<{ PostgrestVersion: string; }, never, never, null, "notifications", never, "POST">', gave the following error.
    Argument of type '{ user_id: string; type: string; title: string; message: string; read: boolean; }' is not assignable to parameter of type 'never'.
  Overload 2 of 2, '(values: never[], options?: { count?: "exact" | "planned" | "estimated" | undefined; defaultToNull?: boolean | undefined; } | undefined): PostgrestFilterBuilder<{ PostgrestVersion: string; }, never, never, null, "notifications", never, "POST">', gave the following error.
    Object literal may only specify known properties, and 'user_id' does not exist in type 'never[]'.
app/api/stripe/webhooks/route.ts(396,47): error TS2769: No overload matches this call.
  Overload 1 of 2, '(values: never, options?: { count?: "exact" | "planned" | "estimated" | undefined; } | undefined): PostgrestFilterBuilder<{ PostgrestVersion: string; }, never, never, null, "payments", never, "POST">', gave the following error.
    Argument of type '{ user_id: string; stripe_invoice_id: string; amount: number; currency: string; status: string; description: string; }' is not assignable to parameter of type 'never'.
  Overload 2 of 2, '(values: never[], options?: { count?: "exact" | "planned" | "estimated" | undefined; defaultToNull?: boolean | undefined; } | undefined): PostgrestFilterBuilder<{ PostgrestVersion: string; }, never, never, null, "payments", never, "POST">', gave the following error.
    Object literal may only specify known properties, and 'user_id' does not exist in type 'never[]'.
app/api/stripe/webhooks/route.ts(435,13): error TS2345: Argument of type '{ subscription_tier: string; stripe_subscription_id: string; subscription_status: Stripe.Subscription.Status; subscription_period_end: string; }' is not assignable to parameter of type 'never'.
app/api/stripe/webhooks/route.ts(439,54): error TS2339: Property 'current_period_end' does not exist on type 'Subscription'.
app/api/stripe/webhooks/route.ts(449,13): error TS2345: Argument of type '{ subscription_tier: string; stripe_subscription_id: null; subscription_status: string; }' is not assignable to parameter of type 'never'.
app/api/unifi/route.ts(41,3): error TS2578: Unused '@ts-expect-error' directive.
app/api/unifi/route.ts(46,5): error TS2769: No overload matches this call.
  Overload 1 of 2, '(input: string | Request | URL, init?: RequestInit | undefined): Promise<Response>', gave the following error.
    Object literal may only specify known properties, and 'agent' does not exist in type 'RequestInit'.
  Overload 2 of 2, '(input: RequestInfo | URL, init?: RequestInit | undefined): Promise<Response>', gave the following error.
    Object literal may only specify known properties, and 'agent' does not exist in type 'RequestInit'.
app/api/unifi/route.ts(56,3): error TS2578: Unused '@ts-expect-error' directive.
app/api/unifi/route.ts(63,5): error TS2769: No overload matches this call.
  Overload 1 of 2, '(input: string | Request | URL, init?: RequestInit | undefined): Promise<Response>', gave the following error.
    Object literal may only specify known properties, and 'agent' does not exist in type 'RequestInit'.
  Overload 2 of 2, '(input: RequestInfo | URL, init?: RequestInit | undefined): Promise<Response>', gave the following error.
    Object literal may only specify known properties, and 'agent' does not exist in type 'RequestInit'.
app/api/user/settings/route.ts(93,5): error TS2739: Type 'Record<string, unknown>' is missing the following properties from type '{ profile: { displayName: string; bio: string; avatar: string; }; notifications: { emailNotifications: boolean; pushNotifications: boolean; deviceAlerts: boolean; weeklyReports: boolean; securityAlerts: boolean; }; account: { ...; }; integrations: { ...; }; security: { ...; }; }': profile, notifications, account, integrations, security
app/api/weather/current/route.ts(89,19): error TS2345: Argument of type '{ id: string; lat: number; lng: number; city: string; windSpeed: any; windDirection: any; humidity: any; temperature: any; pressure: any; precipitation: any; cloudCover: any; } | null' is not assignable to parameter of type 'WeatherStation'.
  Type 'null' is not assignable to type 'WeatherStation'.
app/api/weather/current/route.ts(89,47): error TS2677: A type predicate's type must be assignable to its parameter's type.
  Type 'WeatherStation' is not assignable to type '{ id: string; lat: number; lng: number; city: string; windSpeed: any; windDirection: any; humidity: any; temperature: any; pressure: any; precipitation: any; cloudCover: any; }'.
    Types of property 'city' are incompatible.
      Type 'string | undefined' is not assignable to type 'string'.
        Type 'undefined' is not assignable to type 'string'.
app/auth/reset-password/page.tsx(63,7): error TS18047: 'supabase' is possibly 'null'.
app/auth/reset-password/page.tsx(117,44): error TS18047: 'supabase' is possibly 'null'.
app/compounds/[id]/page.tsx(35,30): error TS2739: Type 'ChemSpiderCompound' is missing the following properties from type 'Compound': name, formula, chemicalClass
app/dashboard/crep/CREPDashboardClient.tsx(4676,82): error TS2304: Cannot find name 'gsConnected'.
app/dashboard/crep/CREPDashboardClient.tsx(4678,77): error TS2552: Cannot find name 'gsSatellites'. Did you mean 'satellites'?
app/dashboard/crep/CREPDashboardClient.tsx(4681,40): error TS2304: Cannot find name 'gsSelectedGroupId'.
app/dashboard/crep/CREPDashboardClient.tsx(4682,50): error TS2304: Cannot find name 'setGsSelectedGroupId'.
app/dashboard/crep/CREPDashboardClient.tsx(4686,34): error TS2304: Cannot find name 'gsGroups'.
app/dashboard/crep/CREPDashboardClient.tsx(4686,48): error TS7006: Parameter 'g' implicitly has an 'any' type.
app/dashboard/crep/CREPDashboardClient.tsx(4690,32): error TS2304: Cannot find name 'gsPasses'.
app/dashboard/crep/CREPDashboardClient.tsx(4692,36): error TS2304: Cannot find name 'gsPasses'.
app/dashboard/crep/CREPDashboardClient.tsx(4692,62): error TS7006: Parameter 'p' implicitly has an 'any' type.
app/dashboard/crep/CREPDashboardClient.tsx(4692,65): error TS7006: Parameter 'i' implicitly has an 'any' type.
app/dashboard/crep/CREPDashboardClient.tsx(5030,14): error TS2769: No overload matches this call.
  Overload 1 of 2, '(props: GSPassTimelineProps, context?: any): string | number | bigint | boolean | ReactElement<unknown, string | JSXElementConstructor<any>> | ... 4 more ... | undefined', gave the following error.
    Property 'passes' is missing in type '{}' but required in type 'GSPassTimelineProps'.
  Overload 2 of 2, '(props: GSPassTimelineProps): string | number | bigint | boolean | ReactElement<unknown, string | JSXElementConstructor<any>> | ... 4 more ... | undefined', gave the following error.
    Property 'passes' is missing in type '{}' but required in type 'GSPassTimelineProps'.
app/dashboard/soc/page.tsx(294,13): error TS2322: Type 'boolean | 0 | undefined' is not assignable to type 'boolean | undefined'.
  Type '0' is not assignable to type 'boolean | undefined'.
app/ethics/page.tsx(141,15): error TS2322: Type 'string' is not assignable to type 'never'.
app/natureos/api/page.tsx(69,36): error TS2353: Object literal may only specify known properties, and 'description' does not exist in type '{ name: string; type: string; required?: boolean | undefined; }'.
app/natureos/api/page.tsx(70,39): error TS2353: Object literal may only specify known properties, and 'description' does not exist in type '{ name: string; type: string; required?: boolean | undefined; }'.
app/natureos/api/page.tsx(71,40): error TS2353: Object literal may only specify known properties, and 'description' does not exist in type '{ name: string; type: string; required?: boolean | undefined; }'.
app/natureos/api/page.tsx(72,41): error TS2353: Object literal may only specify known properties, and 'description' does not exist in type '{ name: string; type: string; required?: boolean | undefined; }'.
app/natureos/api/page.tsx(90,43): error TS2353: Object literal may only specify known properties, and 'description' does not exist in type '{ name: string; type: string; required?: boolean | undefined; }'.
app/natureos/api/page.tsx(91,40): error TS2353: Object literal may only specify known properties, and 'description' does not exist in type '{ name: string; type: string; required?: boolean | undefined; }'.
app/natureos/api/page.tsx(92,38): error TS2353: Object literal may only specify known properties, and 'description' does not exist in type '{ name: string; type: string; required?: boolean | undefined; }'.
app/natureos/api/page.tsx(93,39): error TS2353: Object literal may only specify known properties, and 'description' does not exist in type '{ name: string; type: string; required?: boolean | undefined; }'.
app/natureos/api/page.tsx(94,40): error TS2353: Object literal may only specify known properties, and 'description' does not exist in type '{ name: string; type: string; required?: boolean | undefined; }'.
app/natureos/api/page.tsx(95,41): error TS2353: Object literal may only specify known properties, and 'description' does not exist in type '{ name: string; type: string; required?: boolean | undefined; }'.
app/natureos/storage/page.tsx(718,84): error TS2322: Type '{ children: Element; className: string; asChild: true; }' is not assignable to type 'IntrinsicAttributes & ClassAttributes<HTMLDivElement> & HTMLAttributes<HTMLDivElement>'.
  Property 'asChild' does not exist on type 'IntrinsicAttributes & ClassAttributes<HTMLDivElement> & HTMLAttributes<HTMLDivElement>'.
app/pricing/page.tsx(361,34): error TS2339: Property 'limit' does not exist on type '{ name: string; limit: string; included: boolean; } | { name: string; included: boolean; limit?: undefined; } | { name: string; included: boolean; }'.
  Property 'limit' does not exist on type '{ name: string; included: boolean; }'.
app/pricing/page.tsx(362,82): error TS2339: Property 'limit' does not exist on type '{ name: string; limit: string; included: boolean; } | { name: string; included: boolean; limit?: undefined; } | { name: string; included: boolean; }'.
  Property 'limit' does not exist on type '{ name: string; included: boolean; }'.
app/security/incidents/page.tsx(213,15): error TS2322: Type 'string' is not assignable to type 'never'.
app/security/incidents/page.tsx(389,21): error TS2322: Type 'string' is not assignable to type 'never'.
app/security/redteam/page.tsx(306,14): error TS2367: This comparison appears to be unintentional because the types '"daily"' and '"weekly"' have no overlap.
app/species/[id]/page.tsx(75,37): error TS2339: Property 'description' does not exist on type '{ iNaturalistId: string; commonNames: string[]; scientificName: string; description: string; characteristics: { habitat: string[]; season: string[]; edibility: string; ecology: string; }; taxonomy: { ...; }; ... 5 more ...; defaultImages: { ...; }[]; } | ... 4 more ... | { ...; }'.
  Property 'description' does not exist on type '{ iNaturalistId: string; commonNames: string[]; scientificName: string; searchTerms: string[]; compounds: { id: string; name: string; }[]; relatedResearch: string[]; }'.
app/species/[id]/page.tsx(76,41): error TS2339: Property 'characteristics' does not exist on type '{ iNaturalistId: string; commonNames: string[]; scientificName: string; description: string; characteristics: { habitat: string[]; season: string[]; edibility: string; ecology: string; }; taxonomy: { ...; }; ... 5 more ...; defaultImages: { ...; }[]; } | ... 4 more ... | { ...; }'.
  Property 'characteristics' does not exist on type '{ iNaturalistId: string; commonNames: string[]; scientificName: string; searchTerms: string[]; compounds: { id: string; name: string; }[]; relatedResearch: string[]; }'.
app/species/[id]/page.tsx(81,30): error TS2339: Property 'defaultImages' does not exist on type '{ iNaturalistId: string; commonNames: string[]; scientificName: string; description: string; characteristics: { habitat: string[]; season: string[]; edibility: string; ecology: string; }; taxonomy: { ...; }; ... 5 more ...; defaultImages: { ...; }[]; } | ... 4 more ... | { ...; }'.
  Property 'defaultImages' does not exist on type '{ iNaturalistId: string; commonNames: string[]; scientificName: string; searchTerms: string[]; compounds: { id: string; name: string; }[]; relatedResearch: string[]; }'.
app/species/[id]/page.tsx(81,56): error TS7006: Parameter 'img' implicitly has an 'any' type.
app/species/[id]/page.tsx(94,37): error TS2339: Property 'description' does not exist on type '{ iNaturalistId: string; commonNames: string[]; scientificName: string; description: string; characteristics: { habitat: string[]; season: string[]; edibility: string; ecology: string; }; taxonomy: { ...; }; ... 5 more ...; defaultImages: { ...; }[]; } | ... 4 more ... | { ...; }'.
  Property 'description' does not exist on type '{ iNaturalistId: string; commonNames: string[]; scientificName: string; searchTerms: string[]; compounds: { id: string; name: string; }[]; relatedResearch: string[]; }'.
app/species/[id]/page.tsx(95,34): error TS2339: Property 'taxonomy' does not exist on type '{ iNaturalistId: string; commonNames: string[]; scientificName: string; description: string; characteristics: { habitat: string[]; season: string[]; edibility: string; ecology: string; }; taxonomy: { ...; }; ... 5 more ...; defaultImages: { ...; }[]; } | ... 4 more ... | { ...; }'.
  Property 'taxonomy' does not exist on type '{ iNaturalistId: string; commonNames: string[]; scientificName: string; searchTerms: string[]; compounds: { id: string; name: string; }[]; relatedResearch: string[]; }'.
app/species/[id]/page.tsx(96,41): error TS2339: Property 'characteristics' does not exist on type '{ iNaturalistId: string; commonNames: string[]; scientificName: string; description: string; characteristics: { habitat: string[]; season: string[]; edibility: string; ecology: string; }; taxonomy: { ...; }; ... 5 more ...; defaultImages: { ...; }[]; } | ... 4 more ... | { ...; }'.
  Property 'characteristics' does not exist on type '{ iNaturalistId: string; commonNames: string[]; scientificName: string; searchTerms: string[]; compounds: { id: string; name: string; }[]; relatedResearch: string[]; }'.
app/species/[id]/page.tsx(98,33): error TS2339: Property 'defaultImages' does not exist on type '{ iNaturalistId: string; commonNames: string[]; scientificName: string; description: string; characteristics: { habitat: string[]; season: string[]; edibility: string; ecology: string; }; taxonomy: { ...; }; ... 5 more ...; defaultImages: { ...; }[]; } | ... 4 more ... | { ...; }'.
  Property 'defaultImages' does not exist on type '{ iNaturalistId: string; commonNames: string[]; scientificName: string; searchTerms: string[]; compounds: { id: string; name: string; }[]; relatedResearch: string[]; }'.
app/species/[id]/page.tsx(98,59): error TS7006: Parameter 'img' implicitly has an 'any' type.
app/species/[id]/page.tsx(125,29): error TS2322: Type '{ id: string; commonName: any; scientificName: string; description: any; taxonomy: INaturalistTaxonomy; characteristics: { habitat: never[]; season: never[]; edibility: string; ecology: string; }; ... 5 more ...; observationsCount: any; } | { ...; } | { ...; }' is not assignable to type 'FungiSpecies'.
  Type '{ id: string; commonName: any; scientificName: string; description: any; taxonomy: INaturalistTaxonomy; characteristics: { habitat: never[]; season: never[]; edibility: string; ecology: string; }; ... 5 more ...; observationsCount: any; }' is not assignable to type 'FungiSpecies'.
    Types of property 'images' are incompatible.
      Type '{ url: string; medium_url: string; large_url: string; attribution: string; license_code: string; type: "primary"; taxon_id: string | undefined; source_url: string; }[]' is not assignable to type 'Image[]'.
        Property 'alt' is missing in type '{ url: string; medium_url: string; large_url: string; attribution: string; license_code: string; type: "primary"; taxon_id: string | undefined; source_url: string; }' but required in type 'Image'.
app/test-voice/page.tsx(289,33): error TS2749: 'SpeechRecognition' refers to a value, but is being used as a type here. Did you mean 'typeof SpeechRecognition'?
app/test-voice/page.tsx(509,77): error TS2345: Argument of type 'Record<string, boolean> | undefined' is not assignable to parameter of type 'SetStateAction<Record<string, boolean>>'.
  Type 'undefined' is not assignable to type 'SetStateAction<Record<string, boolean>>'.
app/test-voice/page.tsx(621,26): error TS2554: Expected 0 arguments, but got 1.
app/test-voice/page.tsx(727,19): error TS2367: This comparison appears to be unintentional because the types '"system" | "feedback" | "tool_call" | "memory_write" | "memory_read" | "agent_invoke"' and '"injection"' have no overlap.
app/test-voice/page.tsx(728,30): error TS2345: Argument of type 'string' is not assignable to parameter of type '"tool_result" | "agent_update" | "system_alert" | "memory_insight"'.
app/test-voice/page.tsx(981,33): error TS7006: Parameter 'event' implicitly has an 'any' type.
app/test-voice/page.tsx(1034,32): error TS7006: Parameter 'e' implicitly has an 'any' type.
app/test-voice/page.tsx(1675,32): error TS2367: This comparison appears to be unintentional because the types '"idle" | "complete" | "ready" | "checking" | "listening"' and '"voice"' have no overlap.
app/test-voice/page.tsx(1678,31): error TS2367: This comparison appears to be unintentional because the types '"idle" | "complete" | "ready" | "checking" | "listening"' and '"voice"' have no overlap.
components/3d/mycelium-3d-network.tsx(104,10): error TS2741: Property 'args' is missing in type '{ attach: string; count: number; array: Float32Array<ArrayBuffer>; itemSize: number; }' but required in type 'Mutable<Overwrite<Partial<Overwrite<BufferAttribute, MathProps<BufferAttribute> & ReactProps<BufferAttribute>>>, Omit<...>>>'.
components/about/CorporateLiveFeed.tsx(97,48): error TS2322: Type 'readonly [] | DocumentResult[]' is not assignable to type 'DocumentResult[]'.
  The type 'readonly []' is 'readonly' and cannot be assigned to the mutable type 'DocumentResult[]'.
components/ai/dynamic-widget.tsx(107,18): error TS18046: 'component' is of type 'unknown'.
components/ai/dynamic-widget.tsx(140,8): error TS18046: 'component' is of type 'unknown'.
components/ai/dynamic-widget.tsx(142,11): error TS18046: 'component' is of type 'unknown'.
components/ai/dynamic-widget.tsx(144,28): error TS2322: Type 'unknown' is not assignable to type '{ type: "text"; id: string; content: string; visible: boolean; variant: "small" | "h1" | "h2" | "h3" | "h4" | "p" | "muted"; }'.
components/ai/dynamic-widget.tsx(148,17): error TS18046: 'component' is of type 'unknown'.
components/ai/dynamic-widget.tsx(149,19): error TS18046: 'component' is of type 'unknown'.
components/ai/dynamic-widget.tsx(150,16): error TS18046: 'component' is of type 'unknown'.
components/ai/dynamic-widget.tsx(153,12): error TS18046: 'component' is of type 'unknown'.
components/ai/dynamic-widget.tsx(154,12): error TS18046: 'component' is of type 'unknown'.
components/ai/dynamic-widget.tsx(158,33): error TS2322: Type 'unknown' is not assignable to type '{ type: "stats-card"; id: string; title: string; visible: boolean; value: string | number; change?: number | undefined; icon?: string | undefined; changeLabel?: string | undefined; trend?: "up" | ... 2 more ... | undefined; }'.
components/ai/dynamic-widget.tsx(160,33): error TS2322: Type 'unknown' is not assignable to type '{ data: Record<string, unknown>[]; type: "data-table"; id: string; columns: { key: string; label: string; type?: "string" | "number" | "boolean" | "date" | "badge" | undefined; }[]; visible: boolean; pageSize: number; }'.
components/ai/dynamic-widget.tsx(162,28): error TS2322: Type 'unknown' is not assignable to type '{ type: "list"; id: string; visible: boolean; variant: "simple" | "cards" | "detailed"; items: { id: string; title: string; icon?: string | undefined; description?: string | undefined; badge?: string | undefined; }[]; }'.
components/ai/dynamic-widget.tsx(164,32): error TS2322: Type 'unknown' is not assignable to type '{ data: Record<string, unknown>[]; type: "chart"; id: string; height: number; visible: boolean; chartType: "line" | "area" | "bar" | "pie" | "scatter"; xKey: string; yKey: string; title?: string | undefined; }'.
components/ai/dynamic-widget.tsx(166,32): error TS2322: Type 'unknown' is not assignable to type '{ type: "progress"; id: string; visible: boolean; value: number; showValue: boolean; label?: string | undefined; variant?: "success" | "warning" | "default" | "danger" | undefined; }'.
components/ai/dynamic-widget.tsx(170,20): error TS18046: 'component' is of type 'unknown'.
components/ai/dynamic-widget.tsx(171,21): error TS18046: 'component' is of type 'unknown'.
components/ai/dynamic-widget.tsx(172,37): error TS18046: 'component' is of type 'unknown'.
components/ai/dynamic-widget.tsx(174,12): error TS18046: 'component' is of type 'unknown'.
components/ai/dynamic-widget.tsx(178,28): error TS2322: Type 'unknown' is not assignable to type '{ type: "form"; id: string; visible: boolean; fields: { type: "number" | "select" | "textarea" | "text" | "email" | "checkbox" | "date" | "password"; label: string; name: string; options?: { ...; }[] | undefined; placeholder?: string | undefined; required?: boolean | undefined; }[]; submitLabel: string; submitAction...'.
components/ai/dynamic-widget.tsx(180,29): error TS2322: Type 'unknown' is not assignable to type '{ message: string; type: "alert"; id: string; title: string; visible: boolean; variant: "error" | "success" | "info" | "warning"; dismissible: boolean; }'.
components/ai/dynamic-widget.tsx(185,51): error TS18046: 'component' is of type 'unknown'.
components/ai/dynamic-widget.tsx(187,12): error TS18046: 'component' is of type 'unknown'.
components/ai/dynamic-widget.tsx(188,37): error TS18046: 'child' is of type 'unknown'.
components/ai/dynamic-widget.tsx(193,28): error TS2322: Type 'unknown' is not assignable to type '{ type: "card"; id: string; visible: boolean; children?: unknown[] | undefined; footer?: string | undefined; title?: string | undefined; description?: string | undefined; }'.
components/ai/dynamic-widget.tsx(195,28): error TS2322: Type 'unknown' is not assignable to type '{ type: "tabs"; id: string; visible: boolean; tabs: { id: string; label: string; children: unknown[]; icon?: string | undefined; }[]; defaultTab?: string | undefined; }'.
components/ai/dynamic-widget.tsx(197,14): error TS18046: 'component' is of type 'unknown'.
components/ai/dynamic-widget.tsx(201,14): error TS18046: 'component' is of type 'unknown'.
components/ai/dynamic-widget.tsx(209,39): error TS7053: Element implicitly has an 'any' type because expression of type 'any' can't be used to index type '{ sm: number; md: number; lg: number; xl: number; }'.
components/ai/dynamic-widget.tsx(209,47): error TS18046: 'component' is of type 'unknown'.
components/ai/dynamic-widget.tsx(211,29): error TS2322: Type 'unknown' is not assignable to type '{ type: "image"; id: string; visible: boolean; alt: string; src: string; caption?: string | undefined; height?: number | undefined; width?: number | undefined; }'.
components/ai/dynamic-widget.tsx(215,54): error TS18046: 'component' is of type 'unknown'.
components/ai/dynamic-widget.tsx(215,78): error TS18046: 'component' is of type 'unknown'.
components/ai/dynamic-widget.tsx(453,37): error TS18046: 'child' is of type 'unknown'.
components/ai/dynamic-widget.tsx(485,37): error TS18046: 'child' is of type 'unknown'.
components/analytics/perspective-viewer.tsx(192,15): error TS18047: 'tableRef.current' is possibly 'null'.
components/analytics/perspective-viewer.tsx(192,39): error TS2345: Argument of type 'string | ArrayBuffer | Record<string, unknown>[]' is not assignable to parameter of type 'Record<string, unknown>[]'.
  Type 'string' is not assignable to type 'Record<string, unknown>[]'.
components/ancestry/phylogenetic-tree.tsx(538,25): error TS2769: No overload matches this call.
  The last overload gave the following error.
    Type 'number | boolean | undefined' is not assignable to type 'boolean'.
      Type 'undefined' is not assignable to type 'boolean'.
components/answers/AnswerMessageContent.tsx(67,11): error TS2322: Type 'string | Blob' is not assignable to type 'string | StaticImport'.
  Type 'Blob' is not assignable to type 'string | StaticImport'.
components/apps/apps-portal.tsx(376,27): error TS2322: Type 'string' is not assignable to type 'never'.
components/apps/apps-portal.tsx(560,46): error TS2322: Type '{ children: (string | Element)[]; variant: "primary"; size: string; }' is not assignable to type 'IntrinsicAttributes & NeuButtonProps & RefAttributes<HTMLButtonElement>'.
  Property 'size' does not exist on type 'IntrinsicAttributes & NeuButtonProps & RefAttributes<HTMLButtonElement>'.
components/apps/petri-dish-sim-content.tsx(108,15): error TS2322: Type 'SimulatorCompounds' is not assignable to type 'Record<string, number>'.
  Index signature for type 'string' is missing in type 'SimulatorCompounds'.
components/command-search.tsx(559,28): error TS2367: This comparison appears to be unintentional because the types '"article" | "fungi" | "compound"' and '"category"' have no overlap.
components/crep/ground-station/GSOverlayPanel.tsx(62,27): error TS2339: Property 'systemStatus' does not exist on type 'GroundStationState'.
components/crep/ground-station/GSOverlayPanel.tsx(81,30): error TS2339: Property 'hardware' does not exist on type 'GroundStationState'.
components/crep/ground-station/GSOverlayPanel.tsx(82,26): error TS2339: Property 'hardware' does not exist on type 'GroundStationState'.
components/crep/ground-station/GSOverlayPanel.tsx(83,26): error TS2339: Property 'hardware' does not exist on type 'GroundStationState'.
components/crep/voice-map-controls.tsx(39,63): error TS2749: 'SpeechRecognition' refers to a value, but is being used as a type here. Did you mean 'typeof SpeechRecognition'?
components/crep/voice-map-controls.tsx(67,36): error TS2749: 'SpeechRecognition' refers to a value, but is being used as a type here. Did you mean 'typeof SpeechRecognition'?
components/crep/voice-map-controls.tsx(78,36): error TS2749: 'SpeechRecognition' refers to a value, but is being used as a type here. Did you mean 'typeof SpeechRecognition'?
components/dashboard/natureos-dashboard.tsx(529,26): error TS18048: 'liveStats.species' is possibly 'undefined'.
components/dashboard/natureos-dashboard.tsx(533,31): error TS18048: 'liveStats.species' is possibly 'undefined'.
components/dashboard/natureos-dashboard.tsx(542,50): error TS18048: 'liveStats.species' is possibly 'undefined'.
components/dashboard/natureos-dashboard.tsx(543,50): error TS18048: 'liveStats.species' is possibly 'undefined'.
components/dashboard/natureos-dashboard.tsx(544,48): error TS18048: 'liveStats.species' is possibly 'undefined'.
components/dashboard/natureos-dashboard.tsx(545,54): error TS18048: 'liveStats.species' is possibly 'undefined'.
components/dashboard/natureos-dashboard.tsx(566,26): error TS18048: 'liveStats.observations' is possibly 'undefined'.
components/dashboard/natureos-dashboard.tsx(570,31): error TS18048: 'liveStats.observations' is possibly 'undefined'.
components/dashboard/natureos-dashboard.tsx(579,50): error TS18048: 'liveStats.observations' is possibly 'undefined'.
components/dashboard/natureos-dashboard.tsx(580,50): error TS18048: 'liveStats.observations' is possibly 'undefined'.
components/dashboard/natureos-dashboard.tsx(602,26): error TS18048: 'liveStats.images' is possibly 'undefined'.
components/dashboard/natureos-dashboard.tsx(606,31): error TS18048: 'liveStats.images' is possibly 'undefined'.
components/dashboard/natureos-dashboard.tsx(615,50): error TS18048: 'liveStats.images' is possibly 'undefined'.
components/dashboard/natureos-dashboard.tsx(616,50): error TS18048: 'liveStats.images' is possibly 'undefined'.
components/dashboard/natureos-dashboard.tsx(1964,72): error TS2339: Property 'cpu' does not exist on type 'SystemMetrics'.
components/dashboard/natureos-dashboard.tsx(1966,51): error TS2339: Property 'cpu' does not exist on type 'SystemMetrics'.
components/dashboard/natureos-dashboard.tsx(1974,72): error TS2339: Property 'memory' does not exist on type 'SystemMetrics'.
components/dashboard/natureos-dashboard.tsx(1976,51): error TS2339: Property 'memory' does not exist on type 'SystemMetrics'.
components/dashboard/PerspectiveTable.tsx(58,27): error TS2554: Expected 1 arguments, but got 0.
components/defense/challenge-canvas.tsx(83,48): error TS2345: Argument of type 'Node[]' is not assignable to parameter of type 'Node[][]'.
  Type 'Node' is missing the following properties from type 'Node[]': length, pop, push, concat, and 35 more.
components/defense/challenge-canvas.tsx(87,22): error TS2740: Type 'Node[]' is missing the following properties from type 'Node': lattice, x, y, isActive, and 6 more.
components/defense/cta-snake-canvas.tsx(21,18): error TS2749: 'Chain' refers to a value, but is being used as a type here. Did you mean 'typeof Chain'?
components/defense/cta-snake-canvas.tsx(41,8): error TS2683: 'this' implicitly has type 'any' because it does not have a type annotation.
components/defense/cta-snake-canvas.tsx(42,8): error TS2683: 'this' implicitly has type 'any' because it does not have a type annotation.
components/defense/cta-snake-canvas.tsx(43,8): error TS2683: 'this' implicitly has type 'any' because it does not have a type annotation.
components/defense/cta-snake-canvas.tsx(44,8): error TS2683: 'this' implicitly has type 'any' because it does not have a type annotation.
components/defense/cta-snake-canvas.tsx(45,8): error TS2683: 'this' implicitly has type 'any' because it does not have a type annotation.
components/defense/cta-snake-canvas.tsx(46,8): error TS2683: 'this' implicitly has type 'any' because it does not have a type annotation.
components/defense/cta-snake-canvas.tsx(47,8): error TS2683: 'this' implicitly has type 'any' because it does not have a type annotation.
components/defense/cta-snake-canvas.tsx(99,8): error TS2683: 'this' implicitly has type 'any' because it does not have a type annotation.
components/defense/cta-snake-canvas.tsx(100,8): error TS2683: 'this' implicitly has type 'any' because it does not have a type annotation.
components/defense/cta-snake-canvas.tsx(100,23): error TS7009: 'new' expression, whose target lacks a construct signature, implicitly has an 'any' type.
components/defense/cta-snake-canvas.tsx(101,8): error TS2683: 'this' implicitly has type 'any' because it does not have a type annotation.
components/defense/cta-snake-canvas.tsx(102,10): error TS7009: 'new' expression, whose target lacks a construct signature, implicitly has an 'any' type.
components/defense/cta-snake-canvas.tsx(103,19): error TS2683: 'this' implicitly has type 'any' because it does not have a type annotation.
components/defense/cta-snake-canvas.tsx(104,23): error TS2683: 'this' implicitly has type 'any' because it does not have a type annotation.
components/defense/cta-snake-canvas.tsx(111,39): error TS2749: 'Branch' refers to a value, but is being used as a type here. Did you mean 'typeof Branch'?
components/defense/cta-snake-canvas.tsx(112,39): error TS2749: 'Branch' refers to a value, but is being used as a type here. Did you mean 'typeof Branch'?
components/defense/cta-snake-canvas.tsx(115,36): error TS2749: 'Chain' refers to a value, but is being used as a type here. Did you mean 'typeof Chain'?
components/defense/cta-snake-canvas.tsx(115,54): error TS2749: 'Impulse' refers to a value, but is being used as a type here. Did you mean 'typeof Impulse'?
components/defense/cta-snake-canvas.tsx(116,8): error TS2683: 'this' implicitly has type 'any' because it does not have a type annotation.
components/defense/cta-snake-canvas.tsx(117,8): error TS2683: 'this' implicitly has type 'any' because it does not have a type annotation.
components/defense/cta-snake-canvas.tsx(118,8): error TS2683: 'this' implicitly has type 'any' because it does not have a type annotation.
components/defense/cta-snake-canvas.tsx(120,25): error TS7009: 'new' expression, whose target lacks a construct signature, implicitly has an 'any' type.
components/defense/cta-snake-canvas.tsx(121,20): error TS2683: 'this' implicitly has type 'any' because it does not have a type annotation.
components/defense/cta-snake-canvas.tsx(127,49): error TS2683: 'this' implicitly has type 'any' because it does not have a type annotation.
components/defense/cta-snake-canvas.tsx(129,10): error TS2683: 'this' implicitly has type 'any' because it does not have a type annotation.
components/defense/cta-snake-canvas.tsx(150,39): error TS2749: 'Entity' refers to a value, but is being used as a type here. Did you mean 'typeof Entity'?
components/defense/cta-snake-canvas.tsx(157,39): error TS2749: 'Entity' refers to a value, but is being used as a type here. Did you mean 'typeof Entity'?
components/defense/cta-snake-canvas.tsx(163,39): error TS2749: 'Entity' refers to a value, but is being used as a type here. Did you mean 'typeof Entity'?
components/defense/cta-snake-canvas.tsx(182,16): error TS2749: 'Branch' refers to a value, but is being used as a type here. Did you mean 'typeof Branch'?
components/defense/cta-snake-canvas.tsx(187,19): error TS2749: 'Entity' refers to a value, but is being used as a type here. Did you mean 'typeof Entity'?
components/defense/cta-snake-canvas.tsx(187,28): error TS2749: 'Impulse' refers to a value, but is being used as a type here. Did you mean 'typeof Impulse'?
components/defense/cta-snake-canvas.tsx(190,8): error TS2683: 'this' implicitly has type 'any' because it does not have a type annotation.
components/defense/cta-snake-canvas.tsx(191,8): error TS2683: 'this' implicitly has type 'any' because it does not have a type annotation.
components/defense/cta-snake-canvas.tsx(192,8): error TS2683: 'this' implicitly has type 'any' because it does not have a type annotation.
components/defense/cta-snake-canvas.tsx(193,8): error TS2683: 'this' implicitly has type 'any' because it does not have a type annotation.
components/defense/cta-snake-canvas.tsx(194,8): error TS2683: 'this' implicitly has type 'any' because it does not have a type annotation.
components/defense/cta-snake-canvas.tsx(195,8): error TS2683: 'this' implicitly has type 'any' because it does not have a type annotation.
components/defense/cta-snake-canvas.tsx(196,8): error TS2683: 'this' implicitly has type 'any' because it does not have a type annotation.
components/defense/cta-snake-canvas.tsx(197,8): error TS2683: 'this' implicitly has type 'any' because it does not have a type annotation.
components/defense/cta-snake-canvas.tsx(198,8): error TS2683: 'this' implicitly has type 'any' because it does not have a type annotation.
components/defense/cta-snake-canvas.tsx(253,56): error TS7009: 'new' expression, whose target lacks a construct signature, implicitly has an 'any' type.
components/defense/defense-portal-v2.tsx(558,43): error TS2322: Type 'string' is not assignable to type 'never'.
components/defense/defense-portal-v2.tsx(1225,39): error TS2322: Type 'string' is not assignable to type 'never'.
components/defense/defense-portal.tsx(512,43): error TS2322: Type 'string' is not assignable to type 'never'.
components/defense/defense-portal.tsx(1217,39): error TS2322: Type 'string' is not assignable to type 'never'.
components/demo/viz/DeckGibsDemo.tsx(70,11): error TS2322: Type '{ readonly version: 8; readonly sources: { readonly base: { readonly type: "raster"; readonly tiles: readonly ["https://tile.openstreetmap.org/{z}/{x}/{y}.png"]; readonly tileSize: 256; readonly minzoom: 0; readonly maxzoom: 19; readonly scheme: "xyz"; }; readonly gibs: { ...; }; }; readonly layers: readonly [...]; ...' is not assignable to type 'string | StyleSpecification | ImmutableLike<StyleSpecification> | undefined'.
  Type '{ readonly version: 8; readonly sources: { readonly base: { readonly type: "raster"; readonly tiles: readonly ["https://tile.openstreetmap.org/{z}/{x}/{y}.png"]; readonly tileSize: 256; readonly minzoom: 0; readonly maxzoom: 19; readonly scheme: "xyz"; }; readonly gibs: { ...; }; }; readonly layers: readonly [...]; ...' is not assignable to type 'StyleSpecification'.
    Types of property '"sources"' are incompatible.
      Type '{ readonly base: { readonly type: "raster"; readonly tiles: readonly ["https://tile.openstreetmap.org/{z}/{x}/{y}.png"]; readonly tileSize: 256; readonly minzoom: 0; readonly maxzoom: 19; readonly scheme: "xyz"; }; readonly gibs: { ...; }; }' is not assignable to type '{ [_: string]: SourceSpecification; }'.
        Property 'base' is incompatible with index signature.
          Type '{ readonly type: "raster"; readonly tiles: readonly ["https://tile.openstreetmap.org/{z}/{x}/{y}.png"]; readonly tileSize: 256; readonly minzoom: 0; readonly maxzoom: 19; readonly scheme: "xyz"; }' is not assignable to type 'SourceSpecification'.
            Type '{ readonly type: "raster"; readonly tiles: readonly ["https://tile.openstreetmap.org/{z}/{x}/{y}.png"]; readonly tileSize: 256; readonly minzoom: 0; readonly maxzoom: 19; readonly scheme: "xyz"; }' is not assignable to type 'RasterSourceSpecification'.
              Types of property '"tiles"' are incompatible.
                The type 'readonly ["https://tile.openstreetmap.org/{z}/{x}/{y}.png"]' is 'readonly' and cannot be assigned to the mutable type 'string[]'.
components/demo/viz/EonetEventsDemo.tsx(117,9): error TS2322: Type '{ readonly version: 8; readonly sources: { readonly base: { readonly type: "raster"; readonly tiles: readonly ["https://tile.openstreetmap.org/{z}/{x}/{y}.png"]; readonly tileSize: 256; readonly minzoom: 0; readonly maxzoom: 19; readonly scheme: "xyz"; }; readonly gibs: { ...; }; }; readonly layers: readonly [...]; ...' is not assignable to type 'string | StyleSpecification | ImmutableLike<StyleSpecification> | undefined'.
  Type '{ readonly version: 8; readonly sources: { readonly base: { readonly type: "raster"; readonly tiles: readonly ["https://tile.openstreetmap.org/{z}/{x}/{y}.png"]; readonly tileSize: 256; readonly minzoom: 0; readonly maxzoom: 19; readonly scheme: "xyz"; }; readonly gibs: { ...; }; }; readonly layers: readonly [...]; ...' is not assignable to type 'StyleSpecification'.
    Types of property '"sources"' are incompatible.
      Type '{ readonly base: { readonly type: "raster"; readonly tiles: readonly ["https://tile.openstreetmap.org/{z}/{x}/{y}.png"]; readonly tileSize: 256; readonly minzoom: 0; readonly maxzoom: 19; readonly scheme: "xyz"; }; readonly gibs: { ...; }; }' is not assignable to type '{ [_: string]: SourceSpecification; }'.
        Property 'base' is incompatible with index signature.
          Type '{ readonly type: "raster"; readonly tiles: readonly ["https://tile.openstreetmap.org/{z}/{x}/{y}.png"]; readonly tileSize: 256; readonly minzoom: 0; readonly maxzoom: 19; readonly scheme: "xyz"; }' is not assignable to type 'SourceSpecification'.
            Type '{ readonly type: "raster"; readonly tiles: readonly ["https://tile.openstreetmap.org/{z}/{x}/{y}.png"]; readonly tileSize: 256; readonly minzoom: 0; readonly maxzoom: 19; readonly scheme: "xyz"; }' is not assignable to type 'RasterSourceSpecification'.
              Types of property '"tiles"' are incompatible.
                The type 'readonly ["https://tile.openstreetmap.org/{z}/{x}/{y}.png"]' is 'readonly' and cannot be assigned to the mutable type 'string[]'.
components/demo/viz/LandsatViewerDemo.tsx(79,9): error TS2322: Type '{ readonly version: 8; readonly sources: { readonly landsat: { readonly type: "raster"; readonly tiles: string[]; readonly tileSize: 256; readonly minzoom: 0; readonly maxzoom: 12; readonly scheme: "xyz"; }; }; readonly layers: readonly [...]; readonly glyphs: "https://demotiles.maplibre.org/font/{fontstack}/{range}...' is not assignable to type 'string | StyleSpecification | ImmutableLike<StyleSpecification> | undefined'.
  Type '{ readonly version: 8; readonly sources: { readonly landsat: { readonly type: "raster"; readonly tiles: string[]; readonly tileSize: 256; readonly minzoom: 0; readonly maxzoom: 12; readonly scheme: "xyz"; }; }; readonly layers: readonly [...]; readonly glyphs: "https://demotiles.maplibre.org/font/{fontstack}/{range}...' is not assignable to type 'StyleSpecification'.
    Types of property '"layers"' are incompatible.
      The type 'readonly [{ readonly id: "landsat"; readonly type: "raster"; readonly source: "landsat"; readonly minzoom: 0; readonly maxzoom: 12; }]' is 'readonly' and cannot be assigned to the mutable type 'LayerSpecification[]'.
components/demo/viz/OrbitTrackerDemo.tsx(11,21): error TS2694: Namespace '"satellite.js"' has no exported member 'SatRec'.
components/demo/viz/OrbitTrackerDemo.tsx(50,7): error TS18047: 'instancedRef.current' is possibly 'null'.
components/demo/viz/SatelliteTilesDemo.tsx(52,13): error TS2339: Property 'fixedDate' does not exist on type '{ readonly id: "truecolor"; readonly label: "MODIS Terra True Color"; readonly layer: "MODIS_Terra_CorrectedReflectance_TrueColor"; readonly tileMatrix: "GoogleMapsCompatible_Level9"; readonly format: "jpg"; readonly isStatic: false; readonly dateLagDays: 1; readonly maxZoom: 9; } | { ...; }'.
  Property 'fixedDate' does not exist on type '{ readonly id: "truecolor"; readonly label: "MODIS Terra True Color"; readonly layer: "MODIS_Terra_CorrectedReflectance_TrueColor"; readonly tileMatrix: "GoogleMapsCompatible_Level9"; readonly format: "jpg"; readonly isStatic: false; readonly dateLagDays: 1; readonly maxZoom: 9; }'.
components/demo/viz/SatelliteTilesDemo.tsx(52,37): error TS2339: Property 'fixedDate' does not exist on type '{ readonly id: "truecolor"; readonly label: "MODIS Terra True Color"; readonly layer: "MODIS_Terra_CorrectedReflectance_TrueColor"; readonly tileMatrix: "GoogleMapsCompatible_Level9"; readonly format: "jpg"; readonly isStatic: false; readonly dateLagDays: 1; readonly maxZoom: 9; } | { ...; }'.
  Property 'fixedDate' does not exist on type '{ readonly id: "truecolor"; readonly label: "MODIS Terra True Color"; readonly layer: "MODIS_Terra_CorrectedReflectance_TrueColor"; readonly tileMatrix: "GoogleMapsCompatible_Level9"; readonly format: "jpg"; readonly isStatic: false; readonly dateLagDays: 1; readonly maxZoom: 9; }'.
components/demo/viz/SatelliteTilesDemo.tsx(58,23): error TS2339: Property 'useWms' does not exist on type '{ readonly id: "truecolor"; readonly label: "MODIS Terra True Color"; readonly layer: "MODIS_Terra_CorrectedReflectance_TrueColor"; readonly tileMatrix: "GoogleMapsCompatible_Level9"; readonly format: "jpg"; readonly isStatic: false; readonly dateLagDays: 1; readonly maxZoom: 9; } | { ...; } | { ...; }'.
  Property 'useWms' does not exist on type '{ readonly id: "truecolor"; readonly label: "MODIS Terra True Color"; readonly layer: "MODIS_Terra_CorrectedReflectance_TrueColor"; readonly tileMatrix: "GoogleMapsCompatible_Level9"; readonly format: "jpg"; readonly isStatic: false; readonly dateLagDays: 1; readonly maxZoom: 9; }'.
components/demo/viz/SatelliteTilesDemo.tsx(65,18): error TS2339: Property 'omitTime' does not exist on type '{ readonly id: "truecolor"; readonly label: "MODIS Terra True Color"; readonly layer: "MODIS_Terra_CorrectedReflectance_TrueColor"; readonly tileMatrix: "GoogleMapsCompatible_Level9"; readonly format: "jpg"; readonly isStatic: false; readonly dateLagDays: 1; readonly maxZoom: 9; } | { ...; } | { ...; }'.
  Property 'omitTime' does not exist on type '{ readonly id: "truecolor"; readonly label: "MODIS Terra True Color"; readonly layer: "MODIS_Terra_CorrectedReflectance_TrueColor"; readonly tileMatrix: "GoogleMapsCompatible_Level9"; readonly format: "jpg"; readonly isStatic: false; readonly dateLagDays: 1; readonly maxZoom: 9; }'.
components/demo/viz/SatelliteTilesDemo.tsx(68,100): error TS2339: Property 'tileMatrix' does not exist on type '{ readonly id: "truecolor"; readonly label: "MODIS Terra True Color"; readonly layer: "MODIS_Terra_CorrectedReflectance_TrueColor"; readonly tileMatrix: "GoogleMapsCompatible_Level9"; readonly format: "jpg"; readonly isStatic: false; readonly dateLagDays: 1; readonly maxZoom: 9; } | { ...; } | { ...; }'.
  Property 'tileMatrix' does not exist on type '{ readonly id: "airs"; readonly label: "AIRS CO (Daily)"; readonly layer: "AIRS_L3_Carbon_Monoxide_500hPa_Volume_Mixing_Ratio_Daily_Day"; readonly format: "png"; readonly isStatic: false; readonly dateLagDays: 3; readonly maxZoom: 5; readonly useWms: true; readonly omitTime: true; }'.
components/demo/viz/SatelliteTilesDemo.tsx(149,9): error TS2322: Type '{ readonly version: 8; readonly sources: { readonly base: { readonly type: "raster"; readonly tiles: readonly ["https://tile.openstreetmap.org/{z}/{x}/{y}.png"]; readonly tileSize: 256; readonly minzoom: 0; readonly maxzoom: 19; readonly scheme: "xyz"; }; readonly gibs: { ...; }; }; readonly layers: readonly [...]; ...' is not assignable to type 'string | StyleSpecification | ImmutableLike<StyleSpecification> | undefined'.
  Type '{ readonly version: 8; readonly sources: { readonly base: { readonly type: "raster"; readonly tiles: readonly ["https://tile.openstreetmap.org/{z}/{x}/{y}.png"]; readonly tileSize: 256; readonly minzoom: 0; readonly maxzoom: 19; readonly scheme: "xyz"; }; readonly gibs: { ...; }; }; readonly layers: readonly [...]; ...' is not assignable to type 'StyleSpecification'.
    Types of property '"sources"' are incompatible.
      Type '{ readonly base: { readonly type: "raster"; readonly tiles: readonly ["https://tile.openstreetmap.org/{z}/{x}/{y}.png"]; readonly tileSize: 256; readonly minzoom: 0; readonly maxzoom: 19; readonly scheme: "xyz"; }; readonly gibs: { ...; }; }' is not assignable to type '{ [_: string]: SourceSpecification; }'.
        Property 'base' is incompatible with index signature.
          Type '{ readonly type: "raster"; readonly tiles: readonly ["https://tile.openstreetmap.org/{z}/{x}/{y}.png"]; readonly tileSize: 256; readonly minzoom: 0; readonly maxzoom: 19; readonly scheme: "xyz"; }' is not assignable to type 'SourceSpecification'.
            Type '{ readonly type: "raster"; readonly tiles: readonly ["https://tile.openstreetmap.org/{z}/{x}/{y}.png"]; readonly tileSize: 256; readonly minzoom: 0; readonly maxzoom: 19; readonly scheme: "xyz"; }' is not assignable to type 'RasterSourceSpecification'.
              Types of property '"tiles"' are incompatible.
                The type 'readonly ["https://tile.openstreetmap.org/{z}/{x}/{y}.png"]' is 'readonly' and cannot be assigned to the mutable type 'string[]'.
components/devices/alarm-details.tsx(248,24): error TS2322: Type '{ children: (string | Element)[]; size: string; className: string; }' is not assignable to type 'IntrinsicAttributes & NeuButtonProps & RefAttributes<HTMLButtonElement>'.
  Property 'size' does not exist on type 'IntrinsicAttributes & NeuButtonProps & RefAttributes<HTMLButtonElement>'.
components/devices/alarm-details.tsx(252,34): error TS2322: Type '"outline"' is not assignable to type 'NeuButtonVariant | undefined'.
components/devices/alarm-details.tsx(672,24): error TS2322: Type '"outline"' is not assignable to type 'NeuButtonVariant | undefined'.
components/devices/alarm-details.tsx(676,24): error TS2322: Type '"outline"' is not assignable to type 'NeuButtonVariant | undefined'.
components/devices/alarm-details.tsx(696,24): error TS2322: Type '{ children: (string | Element)[]; size: string; className: string; }' is not assignable to type 'IntrinsicAttributes & NeuButtonProps & RefAttributes<HTMLButtonElement>'.
  Property 'size' does not exist on type 'IntrinsicAttributes & NeuButtonProps & RefAttributes<HTMLButtonElement>'.
components/devices/alarm-details.tsx(700,34): error TS2322: Type '"outline"' is not assignable to type 'NeuButtonVariant | undefined'.
components/devices/device-grid.tsx(103,28): error TS2339: Property 'deploymentTypes' does not exist on type 'Device'.
components/devices/device-grid.tsx(103,50): error TS7006: Parameter 'type' implicitly has an 'any' type.
components/devices/hyphae1-details.tsx(295,24): error TS2322: Type '{ children: (string | Element)[]; size: string; className: string; }' is not assignable to type 'IntrinsicAttributes & NeuButtonProps & RefAttributes<HTMLButtonElement>'.
  Property 'size' does not exist on type 'IntrinsicAttributes & NeuButtonProps & RefAttributes<HTMLButtonElement>'.
components/devices/hyphae1-details.tsx(299,34): error TS2322: Type '"outline"' is not assignable to type 'NeuButtonVariant | undefined'.
components/devices/hyphae1-details.tsx(703,24): error TS2322: Type '"outline"' is not assignable to type 'NeuButtonVariant | undefined'.
components/devices/hyphae1-details.tsx(707,24): error TS2322: Type '"outline"' is not assignable to type 'NeuButtonVariant | undefined'.
components/devices/hyphae1-details.tsx(733,28): error TS2322: Type '{ children: (string | Element)[]; size: string; className: string; }' is not assignable to type 'IntrinsicAttributes & NeuButtonProps & RefAttributes<HTMLButtonElement>'.
  Property 'size' does not exist on type 'IntrinsicAttributes & NeuButtonProps & RefAttributes<HTMLButtonElement>'.
components/devices/hyphae1-details.tsx(737,38): error TS2322: Type '"outline"' is not assignable to type 'NeuButtonVariant | undefined'.
components/devices/mushroom1-details.tsx(55,16): error TS2339: Property 'addListener' does not exist on type 'never'.
components/devices/mushroom1-details.tsx(56,29): error TS2339: Property 'removeListener' does not exist on type 'never'.
components/devices/mushroom1-details.tsx(1153,15): error TS2322: Type '"outline"' is not assignable to type 'NeuButtonVariant | undefined'.
components/devices/mushroom1-details.tsx(1163,15): error TS2322: Type '"outline"' is not assignable to type 'NeuButtonVariant | undefined'.
components/devices/mushroom1-details.tsx(1214,26): error TS2322: Type '"outline"' is not assignable to type 'NeuButtonVariant | undefined'.
components/devices/myconode-details.tsx(352,24): error TS2322: Type '{ children: (string | Element)[]; size: string; className: string; }' is not assignable to type 'IntrinsicAttributes & NeuButtonProps & RefAttributes<HTMLButtonElement>'.
  Property 'size' does not exist on type 'IntrinsicAttributes & NeuButtonProps & RefAttributes<HTMLButtonElement>'.
components/devices/myconode-details.tsx(356,24): error TS2322: Type '{ children: (string | Element)[]; size: string; variant: "default"; className: string; }' is not assignable to type 'IntrinsicAttributes & NeuButtonProps & RefAttributes<HTMLButtonElement>'.
  Property 'size' does not exist on type 'IntrinsicAttributes & NeuButtonProps & RefAttributes<HTMLButtonElement>'.
components/devices/myconode-details.tsx(1076,24): error TS2322: Type '"outline"' is not assignable to type 'NeuButtonVariant | undefined'.
components/devices/myconode-details.tsx(1080,24): error TS2322: Type '"outline"' is not assignable to type 'NeuButtonVariant | undefined'.
components/devices/myconode-details.tsx(1107,26): error TS2322: Type '{ children: (string | Element)[]; size: string; className: string; }' is not assignable to type 'IntrinsicAttributes & NeuButtonProps & RefAttributes<HTMLButtonElement>'.
  Property 'size' does not exist on type 'IntrinsicAttributes & NeuButtonProps & RefAttributes<HTMLButtonElement>'.
components/devices/myconode-details.tsx(1111,36): error TS2322: Type '"outline"' is not assignable to type 'NeuButtonVariant | undefined'.
components/devices/spore-particle-canvas.tsx(64,17): error TS18047: 'canvas' is possibly 'null'.
components/devices/spore-particle-canvas.tsx(65,17): error TS18047: 'canvas' is possibly 'null'.
components/devices/spore-particle-canvas.tsx(66,7): error TS18047: 'canvas' is possibly 'null'.
components/devices/spore-particle-canvas.tsx(67,7): error TS18047: 'canvas' is possibly 'null'.
components/devices/spore-particle-canvas.tsx(84,17): error TS18047: 'canvas' is possibly 'null'.
components/devices/spore-particle-canvas.tsx(85,17): error TS18047: 'canvas' is possibly 'null'.
components/devices/spore-particle-canvas.tsx(91,7): error TS18047: 'ctx' is possibly 'null'.
components/devices/spore-particle-canvas.tsx(92,7): error TS18047: 'ctx' is possibly 'null'.
components/devices/spore-particle-canvas.tsx(93,7): error TS18047: 'ctx' is possibly 'null'.
components/devices/spore-particle-canvas.tsx(100,9): error TS18047: 'ctx' is possibly 'null'.
components/devices/spore-particle-canvas.tsx(101,9): error TS18047: 'ctx' is possibly 'null'.
components/devices/spore-particle-canvas.tsx(102,9): error TS18047: 'ctx' is possibly 'null'.
components/devices/spore-particle-canvas.tsx(103,9): error TS18047: 'ctx' is possibly 'null'.
components/devices/spore-particle-canvas.tsx(114,7): error TS18047: 'ctx' is possibly 'null'.
components/devices/spore-particle-canvas.tsx(115,7): error TS18047: 'ctx' is possibly 'null'.
components/devices/spore-particle-canvas.tsx(116,7): error TS18047: 'ctx' is possibly 'null'.
components/devices/spore-particle-canvas.tsx(117,7): error TS18047: 'ctx' is possibly 'null'.
components/devices/sporebase-details.tsx(715,24): error TS2322: Type '"outline"' is not assignable to type 'NeuButtonVariant | undefined'.
components/devices/sporebase-details.tsx(719,24): error TS2322: Type '"outline"' is not assignable to type 'NeuButtonVariant | undefined'.
components/devices/sporebase-details.tsx(746,24): error TS2322: Type '{ children: (string | Element)[]; size: string; className: string; }' is not assignable to type 'IntrinsicAttributes & NeuButtonProps & RefAttributes<HTMLButtonElement>'.
  Property 'size' does not exist on type 'IntrinsicAttributes & NeuButtonProps & RefAttributes<HTMLButtonElement>'.
components/devices/sporebase-details.tsx(750,34): error TS2322: Type '"outline"' is not assignable to type 'NeuButtonVariant | undefined'.
components/earth-simulator/archive/grid-overlay.tsx(70,9): error TS2322: Type '{ gridColor: Color; gridOpacity: number; gridSize: number; transparent: true; side: 2; }' is not assignable to type 'Mutable<Overwrite<Partial<Overwrite<ShaderMaterial, MathProps<ShaderMaterial> & ReactProps<ShaderMaterial>>>, Omit<...>>> & GridMaterialType'.
  Property 'gridColor' does not exist on type 'Mutable<Overwrite<Partial<Overwrite<ShaderMaterial, MathProps<ShaderMaterial> & ReactProps<ShaderMaterial>>>, Omit<...>>> & GridMaterialType'.
components/earth-simulator/archive/webgl-globe.tsx(8,30): error TS2307: Cannot find module './layer-manager' or its corresponding type declarations.
components/earth-simulator/archive/webgl-globe.tsx(77,36): error TS2339: Property 'fov' does not exist on type 'PerspectiveCamera | OrthographicCamera'.
  Property 'fov' does not exist on type 'OrthographicCamera'.
components/earth-simulator/archive/webgl-globe.tsx(78,39): error TS2339: Property 'aspect' does not exist on type 'PerspectiveCamera | OrthographicCamera'.
  Property 'aspect' does not exist on type 'OrthographicCamera'.
components/earth-simulator/data-panel.tsx(14,24): error TS7053: Element implicitly has an 'any' type because expression of type 'any' can't be used to index type '{ none: string; low: string; medium: string; high: string; }'.
components/earth-simulator/fungal-layer.tsx(116,34): error TS2339: Property 'opacity' does not exist on type 'Material | Material[]'.
  Property 'opacity' does not exist on type 'Material[]'.
components/earth-simulator/fungal-layer.tsx(130,14): error TS2741: Property 'args' is missing in type '{ attach: string; count: number; array: Float32Array<ArrayBuffer>; itemSize: number; }' but required in type 'Mutable<Overwrite<Partial<Overwrite<BufferAttribute, MathProps<BufferAttribute> & ReactProps<BufferAttribute>>>, Omit<...>>>'.
components/earth-simulator/fungal-layer.tsx(136,14): error TS2741: Property 'args' is missing in type '{ attach: string; count: number; array: Float32Array<ArrayBuffer>; itemSize: number; }' but required in type 'Mutable<Overwrite<Partial<Overwrite<BufferAttribute, MathProps<BufferAttribute> & ReactProps<BufferAttribute>>>, Omit<...>>>'.
components/earth-simulator/heat-layer.tsx(44,7): error TS2339: Property 'heatMaterial' does not exist on type 'JSX.IntrinsicElements'.
components/earth-simulator/layer-controls.tsx(152,27): error TS2322: Type 'string' is not assignable to type 'never'.
components/earth-simulator/layer-controls.tsx(179,34): error TS2322: Type 'string' is not assignable to type 'never'.
components/earth-simulator/layers/air-quality-layer.tsx(153,20): error TS2339: Property 'location' does not exist on type 'AirQualityObservation & { aqiCategory?: AQICategory | undefined; }'.
components/earth-simulator/layers/air-quality-layer.tsx(156,57): error TS2345: Argument of type 'string | number | boolean' is not assignable to parameter of type 'number'.
  Type 'string' is not assignable to type 'number'.
components/earth-simulator/layers/air-quality-layer.tsx(160,30): error TS2339: Property 'location' does not exist on type 'AirQualityObservation & { aqiCategory?: AQICategory | undefined; }'.
components/earth-simulator/layers/air-quality-layer.tsx(161,29): error TS2339: Property 'location' does not exist on type 'AirQualityObservation & { aqiCategory?: AQICategory | undefined; }'.
components/earth-simulator/layers/air-quality-layer.tsx(182,38): error TS2339: Property 'toFixed' does not exist on type 'string | number | boolean'.
  Property 'toFixed' does not exist on type 'string'.
components/earth-simulator/layers/air-quality-layer.tsx(185,12): error TS2365: Operator '<' cannot be applied to types 'string | number | boolean' and 'number'.
components/earth-simulator/layers/air-quality-layer.tsx(185,30): error TS2339: Property 'toFixed' does not exist on type 'string | number | boolean'.
  Property 'toFixed' does not exist on type 'string'.
components/earth-simulator/layers/air-quality-layer.tsx(202,20): error TS2339: Property 'location' does not exist on type 'AirQualityObservation & { aqiCategory?: AQICategory | undefined; }'.
components/earth-simulator/layers/air-quality-layer.tsx(205,57): error TS2345: Argument of type 'string | number | boolean' is not assignable to parameter of type 'number'.
  Type 'string' is not assignable to type 'number'.
components/earth-simulator/layers/air-quality-layer.tsx(209,30): error TS2339: Property 'location' does not exist on type 'AirQualityObservation & { aqiCategory?: AQICategory | undefined; }'.
components/earth-simulator/layers/air-quality-layer.tsx(210,29): error TS2339: Property 'location' does not exist on type 'AirQualityObservation & { aqiCategory?: AQICategory | undefined; }'.
components/earth-simulator/layers/air-quality-layer.tsx(229,19): error TS2339: Property 'toFixed' does not exist on type 'string | number | boolean'.
  Property 'toFixed' does not exist on type 'string'.
components/earth-simulator/layers/air-quality-layer.tsx(283,28): error TS2339: Property 'location' does not exist on type 'AirQualityObservation & { aqiCategory?: AQICategory | undefined; }'.
components/earth-simulator/layers/air-quality-layer.tsx(283,72): error TS2339: Property 'location' does not exist on type 'AirQualityObservation & { aqiCategory?: AQICategory | undefined; }'.
components/earth-simulator/layers/biodiversity-layer.tsx(256,11): error TS2322: Type 'unknown' is not assignable to type 'ReactNode'.
components/earth-simulator/layers/biodiversity-layer.tsx(257,11): error TS2322: Type 'unknown' is not assignable to type 'ReactNode'.
components/earth-simulator/layers/biodiversity-layer.tsx(265,11): error TS2322: Type 'unknown' is not assignable to type 'ReactNode'.
components/earth-simulator/layers/biodiversity-layer.tsx(274,11): error TS2322: Type 'unknown' is not assignable to type 'ReactNode'.
components/earth-simulator/layers/biodiversity-layer.tsx(275,11): error TS2322: Type 'unknown' is not assignable to type 'ReactNode'.
components/earth-simulator/layers/biodiversity-layer.tsx(286,47): error TS2322: Type '{}' is not assignable to type 'ReactNode'.
components/earth-simulator/layers/biodiversity-layer.tsx(304,47): error TS2322: Type '{}' is not assignable to type 'ReactNode'.
components/earth-simulator/layers/deckgl-layers.tsx(135,20): error TS2339: Property 'location' does not exist on type 'Observation'.
components/earth-simulator/layers/deckgl-layers.tsx(135,44): error TS2339: Property 'location' does not exist on type 'Observation'.
components/earth-simulator/layers/deckgl-layers.tsx(138,22): error TS2339: Property 'location' does not exist on type 'Observation'.
components/earth-simulator/layers/deckgl-layers.tsx(138,47): error TS2339: Property 'location' does not exist on type 'Observation'.
components/earth-simulator/layers/deckgl-layers.tsx(139,40): error TS2362: The left-hand side of an arithmetic operation must be of type 'any', 'number', 'bigint' or an enum type.
components/earth-simulator/layers/deckgl-layers.tsx(152,3): error TS2322: Type '{ position: [number, number]; weight: string | number | true; }[]' is not assignable to type '{ position: [number, number]; weight: number; }[]'.
  Type '{ position: [number, number]; weight: string | number | true; }' is not assignable to type '{ position: [number, number]; weight: number; }'.
    Types of property 'weight' are incompatible.
      Type 'string | number | true' is not assignable to type 'number'.
        Type 'string' is not assignable to type 'number'.
components/earth-simulator/layers/deckgl-layers.tsx(153,20): error TS2339: Property 'location' does not exist on type 'Observation'.
components/earth-simulator/layers/deckgl-layers.tsx(153,44): error TS2339: Property 'location' does not exist on type 'Observation'.
components/earth-simulator/layers/deckgl-layers.tsx(155,22): error TS2339: Property 'location' does not exist on type 'Observation'.
components/earth-simulator/layers/deckgl-layers.tsx(155,47): error TS2339: Property 'location' does not exist on type 'Observation'.
components/earth-simulator/mycelium-layer.tsx(91,7): error TS2339: Property 'myceliumMaterial' does not exist on type 'JSX.IntrinsicElements'.
components/effects/connected-dots.tsx(58,24): error TS2554: Expected 1 arguments, but got 0.
components/effects/neural-network-canvas.tsx(260,16): error TS2339: Property 'enableZoom' does not exist on type '{ enableDamping: boolean; dampingFactor: number; rotateSpeed: number; minDistance: number; maxDistance: number; autoRotate: boolean; autoRotateSpeed: number; enablePan: boolean; update: () => void; dispose: () => void; }'.
components/effects/neural-network-canvas.tsx(409,22): error TS18047: 'canvas' is possibly 'null'.
components/effects/neural-web.tsx(51,24): error TS2554: Expected 1 arguments, but got 0.
components/effects/particle-canvas.tsx(79,22): error TS18047: 'canvas' is possibly 'null'.
components/effects/particle-canvas.tsx(80,11): error TS18047: 'canvas' is possibly 'null'.
components/effects/particle-canvas.tsx(81,11): error TS18047: 'canvas' is possibly 'null'.
components/effects/particle-canvas.tsx(82,7): error TS18047: 'ctx' is possibly 'null'.
components/effects/particle-canvas.tsx(90,9): error TS18047: 'ctx' is possibly 'null'.
components/effects/particle-canvas.tsx(91,9): error TS18047: 'ctx' is possibly 'null'.
components/effects/particle-canvas.tsx(92,9): error TS18047: 'ctx' is possibly 'null'.
components/effects/particle-canvas.tsx(93,9): error TS18047: 'ctx' is possibly 'null'.
components/effects/particle-gravity.tsx(43,24): error TS2554: Expected 1 arguments, but got 0.
components/effects/particle-wave.tsx(42,24): error TS2554: Expected 1 arguments, but got 0.
components/effects/particle-wave.tsx(65,17): error TS2783: 'mean' is specified more than once, so this usage will be overwritten.
components/effects/particle-wave.tsx(65,26): error TS2783: 'dev' is specified more than once, so this usage will be overwritten.
components/effects/perlin-flow.tsx(151,29): error TS2554: Expected 1 arguments, but got 0.
components/header.tsx(152,13): error TS2322: Type 'string' is not assignable to type 'never'.
components/header.tsx(285,35): error TS2322: Type 'string' is not assignable to type 'never'.
components/home/hero-search.tsx(56,33): error TS2749: 'SpeechRecognition' refers to a value, but is being used as a type here. Did you mean 'typeof SpeechRecognition'?
components/home/hero-search.tsx(118,64): error TS2749: 'SpeechRecognition' refers to a value, but is being used as a type here. Did you mean 'typeof SpeechRecognition'?
components/iot/telemetry-dashboard.tsx(75,70): error TS7006: Parameter 'url' implicitly has an 'any' type.
components/maps/DeviceTrips.tsx(65,11): error TS2322: Type '(d: DeviceTrack) => number[][]' is not assignable to type '((d: DeviceTrack) => number[][]) & AccessorFunction<any, PathGeometry>'.
  Type '(d: DeviceTrack) => number[][]' is not assignable to type 'AccessorFunction<any, PathGeometry>'.
    Type 'number[][]' is not assignable to type 'PathGeometry'.
      Type 'number[][]' is not assignable to type 'number[]'.
        Type 'number[]' is not assignable to type 'number'.
components/maps/DeviceTrips.tsx(85,11): error TS2322: Type '(d: DeviceTrack) => number[][]' is not assignable to type '((d: DeviceTrack) => number[][]) & AccessorFunction<any, PathGeometry>'.
  Type '(d: DeviceTrack) => number[][]' is not assignable to type 'AccessorFunction<any, PathGeometry>'.
    Type 'number[][]' is not assignable to type 'PathGeometry'.
      Type 'number[][]' is not assignable to type 'number[]'.
        Type 'number[]' is not assignable to type 'number'.
components/maps/globe-visualization.tsx(52,22): error TS2694: Namespace 'global.JSX' has no exported member 'Element'.
components/maps/globe-visualization.tsx(97,22): error TS2694: Namespace 'global.JSX' has no exported member 'Element'.
components/maps/LiveMapContent.tsx(139,31): error TS2677: A type predicate's type must be assignable to its parameter's type.
  Type 'Feature<Geometry, GeoJsonProperties>' is not assignable to type '{ type: string; geometry: Polygon | MultiPolygon; properties: { id: string; label: string; }; }'.
    Types of property 'geometry' are incompatible.
      Type 'Geometry' is not assignable to type 'Polygon | MultiPolygon'.
        Type 'Point' is not assignable to type 'Polygon | MultiPolygon'.
          Type 'Point' is not assignable to type 'MultiPolygon'.
            Types of property 'type' are incompatible.
              Type '"Point"' is not assignable to type '"MultiPolygon"'.
components/maps/local-map.tsx(161,24): error TS2307: Cannot find module 'maplibre-gl/dist/maplibre-gl.css' or its corresponding type declarations.
components/maps/local-map.tsx(166,18): error TS2352: Conversion of type '{ readonly version: 8; readonly name: "Mycosoft Dark"; readonly sources: { readonly osm: { readonly type: "raster"; readonly tiles: readonly ["https://a.basemaps.cartocdn.com/dark_all/{z}/{x}/{y}.png", "https://b.basemaps.cartocdn.com/dark_all/{z}/{x}/{y}.png", "https://c.basemaps.cartocdn.com/dark_all/{z}/{x}/{y}.p...' to type 'StyleSpecification' may be a mistake because neither type sufficiently overlaps with the other. If this was intentional, convert the expression to 'unknown' first.
  Type '{ readonly version: 8; readonly name: "Mycosoft Satellite"; readonly sources: { readonly satellite: { readonly type: "raster"; readonly tiles: readonly ["https://server.arcgisonline.com/ArcGIS/rest/services/World_Imagery/MapServer/tile/{z}/{y}/{x}"]; readonly tileSize: 256; readonly attribution: "┬⌐ Esri, Maxar, Eart...' is not comparable to type 'StyleSpecification'.
    Types of property '"sources"' are incompatible.
      Type '{ readonly satellite: { readonly type: "raster"; readonly tiles: readonly ["https://server.arcgisonline.com/ArcGIS/rest/services/World_Imagery/MapServer/tile/{z}/{y}/{x}"]; readonly tileSize: 256; readonly attribution: "┬⌐ Esri, Maxar, Earthstar Geographics"; }; }' is not comparable to type '{ [_: string]: SourceSpecification; }'.
        Property 'satellite' is incompatible with index signature.
          Type '{ readonly type: "raster"; readonly tiles: readonly ["https://server.arcgisonline.com/ArcGIS/rest/services/World_Imagery/MapServer/tile/{z}/{y}/{x}"]; readonly tileSize: 256; readonly attribution: "┬⌐ Esri, Maxar, Earthstar Geographics"; }' is not comparable to type 'SourceSpecification'.
            Type '{ readonly type: "raster"; readonly tiles: readonly ["https://server.arcgisonline.com/ArcGIS/rest/services/World_Imagery/MapServer/tile/{z}/{y}/{x}"]; readonly tileSize: 256; readonly attribution: "┬⌐ Esri, Maxar, Earthstar Geographics"; }' is not comparable to type 'RasterSourceSpecification'.
              Types of property '"tiles"' are incompatible.
                The type 'readonly ["https://server.arcgisonline.com/ArcGIS/rest/services/World_Imagery/MapServer/tile/{z}/{y}/{x}"]' is 'readonly' and cannot be assigned to the mutable type 'string[]'.
components/maps/local-map.tsx(207,31): error TS18047: 'maplibregl' is possibly 'null'.
components/maps/local-map.tsx(221,32): error TS18047: 'maplibregl' is possibly 'null'.
components/maps/mycelium-map.tsx(462,26): error TS18048: 'd.location' is possibly 'undefined'.
components/maps/mycelium-map.tsx(462,52): error TS18048: 'd.location' is possibly 'undefined'.
components/maps/mycelium-map.tsx(463,20): error TS2339: Property 'status' does not exist on type '{ deviceId: string; port?: string | undefined; deviceType: string; location?: { latitude: number; longitude: number; } | undefined; metrics?: { temperature?: number | undefined; humidity?: number | undefined; iaq?: number | undefined; } | undefined; }'.
components/maps/mycelium-map.tsx(463,45): error TS2339: Property 'connected' does not exist on type '{ deviceId: string; port?: string | undefined; deviceType: string; location?: { latitude: number; longitude: number; } | undefined; metrics?: { temperature?: number | undefined; humidity?: number | undefined; iaq?: number | undefined; } | undefined; }'.
components/maps/spore-tracker-map.tsx(126,7): error TS2448: Block-scoped variable 'fetchData' used before its declaration.
components/maps/spore-tracker-map.tsx(126,7): error TS2454: Variable 'fetchData' is used before being assigned.
components/maps/spore-tracker-map.tsx(146,7): error TS2448: Block-scoped variable 'fetchData' used before its declaration.
components/maps/spore-tracker-map.tsx(146,7): error TS2454: Variable 'fetchData' is used before being assigned.
components/maps/spore-tracker-map.tsx(195,76): error TS2571: Object is of type 'unknown'.
components/maps/spore-tracker-map.tsx(195,83): error TS2571: Object is of type 'unknown'.
components/maps/spore-tracker-map.tsx(214,18): error TS2448: Block-scoped variable 'updateMapOverlays' used before its declaration.
components/maps/spore-tracker-map.tsx(214,18): error TS2454: Variable 'updateMapOverlays' is used before being assigned.
components/maps/TimeScrubber.tsx(46,24): error TS2554: Expected 1 arguments, but got 0.
components/mas/myca-emotions-display.tsx(145,21): error TS2322: Type 'string' is not assignable to type 'never'.
components/mas/myca-emotions-display.tsx(171,21): error TS2322: Type 'string' is not assignable to type 'never'.
components/mas/myca-emotions-display.tsx(215,29): error TS2322: Type 'string' is not assignable to type 'never'.
components/mas/topology/activity-topology-3d.tsx(107,10): error TS2741: Property 'args' is missing in type '{ attach: string; count: number; array: Float32Array<ArrayBuffer>; itemSize: number; }' but required in type 'Mutable<Overwrite<Partial<Overwrite<BufferAttribute, MathProps<BufferAttribute> & ReactProps<BufferAttribute>>>, Omit<...>>>'.
components/mas/topology/advanced-topology-3d.tsx(727,33): error TS2749: 'SpeechRecognition' refers to a value, but is being used as a type here. Did you mean 'typeof SpeechRecognition'?
components/mas/topology/advanced-topology-3d.tsx(1267,11): error TS2322: Type 'boolean | undefined' is not assignable to type 'boolean'.
  Type 'undefined' is not assignable to type 'boolean'.
components/mas/topology/cytoscape-layout.tsx(29,3): error TS2353: Object literal may only specify known properties, and 'animate' does not exist in type 'BaseLayoutOptions'.
components/mas/topology/cytoscape-layout.tsx(38,3): error TS2578: Unused '@ts-expect-error' directive.
components/mas/topology/cytoscape-layout.tsx(50,3): error TS2353: Object literal may only specify known properties, and 'animate' does not exist in type 'BaseLayoutOptions'.
components/mas/topology/cytoscape-layout.tsx(52,3): error TS2578: Unused '@ts-expect-error' directive.
components/mas/topology/cytoscape-layout.tsx(185,38): error TS2724: 'cytoscape' has no exported member named 'Stylesheet'. Did you mean 'StylesheetCSS'?
components/mas/topology/cytoscape-layout.tsx(507,47): error TS2345: Argument of type 'CollectionReturnValue' is not assignable to parameter of type 'SearchDijkstraOptions'.
  Property 'root' is missing in type 'Collection<SingularElementReturnValue, SingularElementArgument> & EdgeCollection & NodeCollection & EdgeSingular & NodeSingular' but required in type 'SearchDijkstraOptions'.
components/mas/topology/memory-monitor.tsx(253,13): error TS2769: No overload matches this call.
  The last overload gave the following error.
    Object literal may only specify known properties, and 'style' does not exist in type 'Partial<unknown> & Attributes'.
components/mas/topology/node-widgets.tsx(724,61): error TS2367: This comparison appears to be unintentional because the types '"agent" | "integration" | "device" | "workflow" | "voice_session"' and '"cache"' have no overlap.
components/mas/topology/pipeline-topology-3d.tsx(253,53): error TS2345: Argument of type 'false | "animate-spin"' is not assignable to parameter of type 'string | undefined'.
  Type 'boolean' is not assignable to type 'string'.
components/mas/topology/pipeline-topology-3d.tsx(342,17): error TS2322: Type 'unknown' is not assignable to type 'ReactNode'.
components/mas/topology/topology-connection.tsx(227,20): error TS2339: Property 'dashOffset' does not exist on type 'LineDashedMaterial'.
components/mas/topology/topology-connection.tsx(228,18): error TS2339: Property 'dashOffset' does not exist on type 'LineDashedMaterial'.
components/mas/topology/topology-connection.tsx(238,13): error TS2322: Type 'RefObject<Line<BufferGeometry<NormalBufferAttributes, BufferGeometryEventMap>, Material | Material[], Object3DEventMap> | null>' is not assignable to type 'Ref<SVGLineElement> | undefined'.
  Type 'RefObject<Line<BufferGeometry<NormalBufferAttributes, BufferGeometryEventMap>, Material | Material[], Object3DEventMap> | null>' is not assignable to type 'RefObject<SVGLineElement | null>'.
    Type 'Line<BufferGeometry<NormalBufferAttributes, BufferGeometryEventMap>, Material | Material[], Object3DEventMap> | null' is not assignable to type 'SVGLineElement | null'.
      Type 'Line<BufferGeometry<NormalBufferAttributes, BufferGeometryEventMap>, Material | Material[], Object3DEventMap>' is missing the following properties from type 'SVGLineElement': x1, x2, y1, y2, and 296 more.
components/mas/topology/topology-connection.tsx(240,12): error TS2741: Property 'args' is missing in type '{ attach: string; count: number; array: Float32Array<ArrayBuffer>; itemSize: number; }' but required in type 'Mutable<Overwrite<Partial<Overwrite<BufferAttribute, MathProps<BufferAttribute> & ReactProps<BufferAttribute>>>, Omit<...>>>'.
components/mas/topology/topology-connection.tsx(260,12): error TS2741: Property 'args' is missing in type '{ attach: string; count: number; array: Float32Array<ArrayBuffer>; itemSize: number; }' but required in type 'Mutable<Overwrite<Partial<Overwrite<BufferAttribute, MathProps<BufferAttribute> & ReactProps<BufferAttribute>>>, Omit<...>>>'.
components/mas/topology/topology-node.tsx(148,7): error TS2339: Property 'stopPropagation' does not exist on type 'Event<string, unknown>'.
components/mas/topology/topology-node.tsx(153,7): error TS2339: Property 'stopPropagation' does not exist on type 'Event<string, unknown>'.
components/mindex/merkle-tree-viz.tsx(46,7): error TS2322: Type 'HierarchyNode<{ id: string; kind: "leaf"; hash: string; isAccumulator: true; }>' is not assignable to type 'HierarchyNode<VizNode>'.
  Types of property 'path' are incompatible.
    Type '(target: HierarchyNode<{ id: string; kind: "leaf"; hash: string; isAccumulator: true; }>) => HierarchyNode<{ id: string; kind: "leaf"; hash: string; isAccumulator: true; }>[]' is not assignable to type '(target: HierarchyNode<VizNode>) => HierarchyNode<VizNode>[]'.
      Types of parameters 'target' and 'target' are incompatible.
        Type 'HierarchyNode<VizNode>' is not assignable to type 'HierarchyNode<{ id: string; kind: "leaf"; hash: string; isAccumulator: true; }>'.
          The types of 'data.kind' are incompatible between these types.
            Type '"parent" | "root" | "leaf" | "sibling"' is not assignable to type '"leaf"'.
              Type '"parent"' is not assignable to type '"leaf"'.
components/mindex/merkle-tree-viz.tsx(75,8): error TS2345: Argument of type '() => d3.HierarchyNode<VizNode>[]' is not assignable to parameter of type '(d: VizNode) => Iterable<VizNode> | null | undefined'.
  Call signature return types 'HierarchyNode<VizNode>[]' and 'Iterable<VizNode> | null | undefined' are incompatible.
    The types returned by '[Symbol.iterator]().next(...)' are incompatible between these types.
      Type 'IteratorResult<HierarchyNode<VizNode>, undefined>' is not assignable to type 'IteratorResult<VizNode, any>'.
        Type 'IteratorYieldResult<HierarchyNode<VizNode>>' is not assignable to type 'IteratorResult<VizNode, any>'.
          Type 'IteratorYieldResult<HierarchyNode<VizNode>>' is not assignable to type 'IteratorYieldResult<VizNode>'.
            Type 'HierarchyNode<VizNode>' is missing the following properties from type 'VizNode': kind, hash, isAccumulator
components/mindex/merkle-tree-viz.tsx(82,5): error TS2322: Type 'HierarchyNode<HierarchyNode<VizNode>>' is not assignable to type 'HierarchyNode<VizNode>'.
  Types of property 'data' are incompatible.
    Type 'HierarchyNode<VizNode>' is missing the following properties from type 'VizNode': kind, hash, isAccumulator
components/mindex/merkle-tree-viz.tsx(84,7): error TS2353: Object literal may only specify known properties, and 'kind' does not exist in type 'HierarchyNode<VizNode>'.
components/mindex/merkle-tree-viz.tsx(296,88): error TS18047: 'state.data' is possibly 'null'.
components/mindex/merkle-tree-viz.tsx(309,88): error TS18047: 'state.data' is possibly 'null'.
components/mobile-nav.tsx(71,17): error TS2322: Type 'string' is not assignable to type 'never'.
components/mobile-nav.tsx(106,31): error TS2322: Type 'string' is not assignable to type 'never'.
components/mobile-nav.tsx(208,19): error TS2607: JSX element class does not support attributes because it does not have a 'props' property.
components/mobile-nav.tsx(208,20): error TS2786: 'Image' cannot be used as a JSX component.
  Its type 'new (width?: number | undefined, height?: number | undefined) => HTMLImageElement' is not a valid JSX element type.
    Type 'new (width?: number | undefined, height?: number | undefined) => HTMLImageElement' is not assignable to type 'new (props: any, context: any) => Component<any, any, any>'.
      Type 'HTMLImageElement' is missing the following properties from type 'Component<any, any, any>': context, setState, forceUpdate, render, and 2 more.
components/mushrooms/mushroom-directory.tsx(196,68): error TS7006: Parameter 'compound' implicitly has an 'any' type.
components/myca/MYCADataBridge.tsx(137,17): error TS2367: This comparison appears to be unintentional because the types '"idle" | "myca-to-user"' and '"user-to-myca"' have no overlap.
components/myca/MYCALiveActivityPanel.tsx(197,25): error TS2322: Type '"outline"' is not assignable to type 'NeuBadgeVariant | undefined'.
components/myca/MYCALiveActivityPanel.tsx(202,25): error TS2322: Type '"outline"' is not assignable to type 'NeuBadgeVariant | undefined'.
components/myca/MYCALiveDemoBackground.tsx(193,28): error TS2503: Cannot find namespace 'THREE'.
components/myca/MYCALiveDemoBackground.tsx(195,15): error TS2503: Cannot find namespace 'THREE'.
components/myca/MYCALiveDemoBackground.tsx(199,18): error TS2503: Cannot find namespace 'THREE'.
components/myca/MYCALiveDemoBackground.tsx(200,24): error TS2503: Cannot find namespace 'THREE'.
components/myca/MYCALiveDemoBackground.tsx(206,37): error TS2503: Cannot find namespace 'THREE'.
components/myca/MYCALiveDemoBackground.tsx(238,21): error TS2503: Cannot find namespace 'THREE'.
components/myca/MYCALiveDemoBackground.tsx(319,35): error TS2503: Cannot find namespace 'THREE'.
components/myca/MYCALiveDemoBackground.tsx(340,18): error TS2503: Cannot find namespace 'THREE'.
components/myca/MYCALiveDemoBackground.tsx(348,18): error TS2503: Cannot find namespace 'THREE'.
components/myca/MYCALiveDemoBackground.tsx(386,21): error TS2503: Cannot find namespace 'THREE'.
components/myca/MYCALiveDemoBackground.tsx(387,21): error TS2503: Cannot find namespace 'THREE'.
components/myca/MYCALiveDemoBackground.tsx(388,21): error TS2503: Cannot find namespace 'THREE'.
components/myca/MYCALiveDemoBackground.tsx(389,21): error TS2503: Cannot find namespace 'THREE'.
components/myca/TechnicalSpecs.tsx(224,27): error TS2322: Type 'string' is not assignable to type 'never'.
components/mycobrain/mycobrain-device-card.tsx(235,41): error TS2339: Property 'telemetry' does not exist on type 'MycoBrainDevice'.
components/mycobrain/mycobrain-device-manager.tsx(173,22): error TS2339: Property 'telemetry' does not exist on type 'MycoBrainDevice'.
components/mycobrain/mycobrain-device-manager.tsx(173,58): error TS2339: Property 'i2c_addresses' does not exist on type 'MycoBrainDevice'.
components/mycobrain/mycobrain-device-manager.tsx(174,31): error TS2339: Property 'telemetry' does not exist on type 'MycoBrainDevice'.
components/mycobrain/mycobrain-device-manager.tsx(174,66): error TS2339: Property 'i2c_addresses' does not exist on type 'MycoBrainDevice'.
components/mycobrain/mycobrain-device-manager.tsx(773,24): error TS2345: Argument of type '{ service_status: "offline" | "online" | "checking"; port_status: string; available_ports: number; connected_devices: number; selected_port: string; timestamp: string; }' is not assignable to parameter of type 'SetStateAction<DiagnosticsResult | null>'.
  Property 'status' is missing in type '{ service_status: "offline" | "online" | "checking"; port_status: string; available_ports: number; connected_devices: number; selected_port: string; timestamp: string; }' but required in type 'DiagnosticsResult'.
components/mycobrain/mycobrain-device-manager.tsx(790,22): error TS2345: Argument of type '{ service_status: "offline" | "online" | "checking"; port_status: string; available_ports: number; connected_devices: number; selected_port: string; error: string; timestamp: string; }' is not assignable to parameter of type 'SetStateAction<DiagnosticsResult | null>'.
  Property 'status' is missing in type '{ service_status: "offline" | "online" | "checking"; port_status: string; available_ports: number; connected_devices: number; selected_port: string; error: string; timestamp: string; }' but required in type 'DiagnosticsResult'.
components/mycobrain/mycobrain-device-manager.tsx(1275,19): error TS2322: Type 'MycoBrainSensors' is not assignable to type 'Record<string, Record<string, unknown>>'.
  Index signature for type 'string' is missing in type 'MycoBrainSensors'.
components/mycobrain/mycobrain-device-manager.tsx(1933,27): error TS2322: Type 'unknown' is not assignable to type 'Key | null | undefined'.
components/mycobrain/mycobrain-device-manager.tsx(1959,64): error TS2322: Type '{} | undefined' is not assignable to type 'ReactNode'.
  Type '{}' is not assignable to type 'ReactNode'.
components/mycobrain/mycobrain-device-manager.tsx(1961,33): error TS2322: Type 'unknown' is not assignable to type 'ReactNode'.
components/mycobrain/mycobrain-device-manager.tsx(1961,50): error TS2322: Type 'unknown' is not assignable to type 'ReactNode'.
components/mycobrain/mycobrain-device-manager.tsx(1970,31): error TS2322: Type 'unknown' is not assignable to type 'ReactNode'.
components/mycobrain/mycobrain-device-manager.tsx(1988,56): error TS2322: Type '{}' is not assignable to type 'ReactNode'.
components/mycobrain/mycobrain-device-manager.tsx(1992,56): error TS2322: Type '{}' is not assignable to type 'ReactNode'.
components/mycobrain/mycobrain-device-manager.tsx(1996,62): error TS2322: Type '{}' is not assignable to type 'ReactNode'.
components/mycobrain/mycobrain-device-manager.tsx(2000,84): error TS2769: No overload matches this call.
  Overload 1 of 4, '(value: string | number | Date): Date', gave the following error.
    Argument of type '{}' is not assignable to parameter of type 'string | number | Date'.
  Overload 2 of 4, '(value: string | number): Date', gave the following error.
    Argument of type '{}' is not assignable to parameter of type 'string | number'.
components/mycobrain/mycobrain-device-manager.tsx(2004,25): error TS2322: Type 'unknown' is not assignable to type 'ReactNode'.
components/mycobrain/mycobrain-device-manager.tsx(2004,65): error TS2339: Property 'length' does not exist on type '{}'.
components/mycobrain/mycobrain-device-manager.tsx(2006,48): error TS2339: Property 'map' does not exist on type '{}'.
components/mycobrain/mycobrain-device-manager.tsx(2019,71): error TS2345: Argument of type 'unknown' is not assignable to parameter of type 'string'.
components/mycobrain/mycobrain-device-manager.tsx(2027,71): error TS2345: Argument of type 'unknown' is not assignable to parameter of type 'string'.
components/mycobrain/mycobrain-device-manager.tsx(2035,71): error TS2345: Argument of type 'unknown' is not assignable to parameter of type 'string'.
components/mycobrain/mycobrain-device-manager.tsx(2266,48): error TS2322: Type '{}' is not assignable to type 'ReactNode'.
components/mycobrain/mycobrain-device-manager.tsx(2281,19): error TS2322: Type 'unknown' is not assignable to type 'ReactNode'.
components/mycobrain/mycobrain-device-manager.tsx(2281,61): error TS2339: Property 'length' does not exist on type '{}'.
components/mycobrain/mycobrain-device-manager.tsx(2285,45): error TS2339: Property 'map' does not exist on type '{}'.
components/mycobrain/mycobrain-overview-widget.tsx(76,50): error TS2339: Property 'telemetry' does not exist on type 'MycoBrainDevice'.
components/natureos/mindex-dashboard.tsx(711,9): error TS2769: No overload matches this call.
  Overload 1 of 2, '(props: { className?: string | undefined; }, context?: any): string | number | bigint | boolean | ReactElement<unknown, string | JSXElementConstructor<any>> | ... 4 more ... | undefined', gave the following error.
    Type '{ className: string; style: { color: string | undefined; }; }' is not assignable to type 'IntrinsicAttributes & { className?: string | undefined; }'.
      Property 'style' does not exist on type 'IntrinsicAttributes & { className?: string | undefined; }'.
  Overload 2 of 2, '(props: { className?: string | undefined; }): string | number | bigint | boolean | ReactElement<unknown, string | JSXElementConstructor<any>> | ... 4 more ... | undefined', gave the following error.
    Type '{ className: string; style: { color: string | undefined; }; }' is not assignable to type 'IntrinsicAttributes & { className?: string | undefined; }'.
      Property 'style' does not exist on type 'IntrinsicAttributes & { className?: string | undefined; }'.
components/natureos/mindex-dashboard.tsx(958,37): error TS2769: No overload matches this call.
  Overload 1 of 2, '(props: { className?: string | undefined; }, context?: any): string | number | bigint | boolean | ReactElement<unknown, string | JSXElementConstructor<any>> | ... 4 more ... | undefined', gave the following error.
    Type '{ className: string; style: { color: string; }; }' is not assignable to type 'IntrinsicAttributes & { className?: string | undefined; }'.
      Property 'style' does not exist on type 'IntrinsicAttributes & { className?: string | undefined; }'.
  Overload 2 of 2, '(props: { className?: string | undefined; }): string | number | bigint | boolean | ReactElement<unknown, string | JSXElementConstructor<any>> | ... 4 more ... | undefined', gave the following error.
    Type '{ className: string; style: { color: string; }; }' is not assignable to type 'IntrinsicAttributes & { className?: string | undefined; }'.
      Property 'style' does not exist on type 'IntrinsicAttributes & { className?: string | undefined; }'.
components/oei/entity-inspector.tsx(122,24): error TS2322: Type 'string' is not assignable to type 'never'.
components/oei/entity-inspector.tsx(218,79): error TS2345: Argument of type 'string | undefined' is not assignable to parameter of type 'string'.
  Type 'undefined' is not assignable to type 'string'.
components/performance/index.ts(31,8): error TS2724: '"./lazy-loader"' has no exported member named 'LazyLoaderProps'. Did you mean 'LazyLoader'?
components/performance/lazy-registry.tsx(33,19): error TS2322: Type 'string' is not assignable to type 'never'.
components/performance/lazy-registry.tsx(76,16): error TS2307: Cannot find module '@/components/simulators/petri-dish-simulator' or its corresponding type declarations.
components/performance/lazy-registry.tsx(84,16): error TS2307: Cannot find module '@/components/simulators/mushroom-simulator' or its corresponding type declarations.
components/performance/lazy-registry.tsx(104,16): error TS2307: Cannot find module '@/components/ai-studio/transformer-explainer' or its corresponding type declarations.
components/performance/lazy-registry.tsx(145,16): error TS2307: Cannot find module '@/components/visualizations/mycorrhizal-network-viz' or its corresponding type declarations.
components/performance/lazy-registry.tsx(161,16): error TS2307: Cannot find module '@/components/analytics/growth-analytics' or its corresponding type declarations.
components/realtime/signal-visualizer.tsx(19,24): error TS2554: Expected 1 arguments, but got 0.
components/scientific/fci-monitor.tsx(63,39): error TS2345: Argument of type 'string' is not assignable to parameter of type '"stop" | "start" | "pause" | "stimulate"'.
components/scientific/mycelium-network-viz.tsx(11,24): error TS2554: Expected 1 arguments, but got 0.
components/search-section.tsx(84,15): error TS2353: Object literal may only specify known properties, and '"@media (minWidth: 768px)"' does not exist in type 'Properties<string | number, string & {}>'.
components/search/fluid/AIConversation.tsx(240,11): error TS2304: Cannot find name 'data'.
components/search/fluid/AIConversation.tsx(241,23): error TS2304: Cannot find name 'data'.
components/search/fluid/FluidSearchCanvas.tsx(283,5): error TS2322: Type 'string' is not assignable to type 'number'.
components/search/fluid/FluidSearchCanvas.tsx(287,5): error TS2322: Type 'number' is not assignable to type 'string'.
components/search/fluid/FluidSearchCanvas.tsx(418,67): error TS2353: Object literal may only specify known properties, and 'source' does not exist in type 'SearchContext'.
components/search/fluid/FluidSearchCanvas.tsx(1964,12): error TS2304: Cannot find name 'cameras'.
components/search/fluid/FluidSearchCanvas.tsx(1965,34): error TS2304: Cannot find name 'cameras'.
components/search/fluid/widgets/CrepWidget.tsx(197,11): error TS2322: Type 'unknown' is not assignable to type 'ReactNode'.
components/search/fluid/widgets/CrepWidget.tsx(200,11): error TS2322: Type 'unknown' is not assignable to type 'ReactNode'.
components/search/fluid/widgets/CrepWidget.tsx(238,11): error TS2322: Type 'unknown' is not assignable to type 'ReactNode'.
components/search/fluid/widgets/CrepWidget.tsx(241,11): error TS2322: Type 'unknown' is not assignable to type 'ReactNode'.
components/search/fluid/widgets/CrepWidget.tsx(242,11): error TS2322: Type 'unknown' is not assignable to type 'ReactNode'.
components/search/fluid/widgets/CrepWidget.tsx(251,9): error TS2322: Type 'unknown' is not assignable to type 'ReactNode'.
components/search/fluid/widgets/CrepWidget.tsx(267,11): error TS2322: Type 'unknown' is not assignable to type 'ReactNode'.
components/search/fluid/widgets/CrepWidget.tsx(275,9): error TS2322: Type 'unknown' is not assignable to type 'ReactNode'.
components/search/fluid/widgets/CrepWidget.tsx(298,11): error TS2322: Type 'unknown' is not assignable to type 'ReactNode'.
components/search/fluid/widgets/CrepWidget.tsx(328,11): error TS2322: Type 'unknown' is not assignable to type 'ReactNode'.
components/search/fluid/widgets/CrepWidget.tsx(332,11): error TS2322: Type 'unknown' is not assignable to type 'ReactNode'.
components/search/fluid/widgets/CrepWidget.tsx(384,11): error TS2322: Type 'unknown' is not assignable to type 'ReactNode'.
components/search/fluid/widgets/CrepWidget.tsx(407,11): error TS2322: Type 'unknown' is not assignable to type 'ReactNode'.
components/search/fluid/widgets/CrepWidget.tsx(534,27): error TS2554: Expected 1 arguments, but got 0.
components/search/fluid/widgets/TaxonomyWidget.tsx(127,58): error TS2345: Argument of type 'string | undefined' is not assignable to parameter of type 'string'.
  Type 'undefined' is not assignable to type 'string'.
components/search/mobile/ChatInput.tsx(35,33): error TS2749: 'SpeechRecognition' refers to a value, but is being used as a type here. Did you mean 'typeof SpeechRecognition'?
components/search/mobile/ChatInput.tsx(80,29): error TS7006: Parameter 'event' implicitly has an 'any' type.
components/search/mobile/ChatInput.tsx(114,28): error TS7006: Parameter 'event' implicitly has an 'any' type.
components/search/panels/LiveResultsWidget.tsx(116,20): error TS2352: Conversion of type 'LiveObservation' to type 'Record<string, unknown>' may be a mistake because neither type sufficiently overlaps with the other. If this was intentional, convert the expression to 'unknown' first.
  Index signature for type 'string' is missing in type 'LiveObservation'.
components/search/panels/MYCAChatPanel.tsx(26,79): error TS2339: Property 'name' does not exist on type 'GeneticsResult'.
components/search/search-results.tsx(205,20): error TS2339: Property 'aircraft' does not exist on type '{ fungi: ForwardRefExoticComponent<Omit<LucideProps, "ref"> & RefAttributes<SVGSVGElement>>; compound: ForwardRefExoticComponent<...>; paper: ForwardRefExoticComponent<...>; }'.
components/search/search-results.tsx(205,20): error TS2339: Property 'device' does not exist on type '{ fungi: ForwardRefExoticComponent<Omit<LucideProps, "ref"> & RefAttributes<SVGSVGElement>>; compound: ForwardRefExoticComponent<...>; paper: ForwardRefExoticComponent<...>; }'.
components/search/search-results.tsx(205,20): error TS2339: Property 'emissions' does not exist on type '{ fungi: ForwardRefExoticComponent<Omit<LucideProps, "ref"> & RefAttributes<SVGSVGElement>>; compound: ForwardRefExoticComponent<...>; paper: ForwardRefExoticComponent<...>; }'.
components/search/search-results.tsx(205,20): error TS2339: Property 'event' does not exist on type '{ fungi: ForwardRefExoticComponent<Omit<LucideProps, "ref"> & RefAttributes<SVGSVGElement>>; compound: ForwardRefExoticComponent<...>; paper: ForwardRefExoticComponent<...>; }'.
components/search/search-results.tsx(205,20): error TS2339: Property 'infrastructure' does not exist on type '{ fungi: ForwardRefExoticComponent<Omit<LucideProps, "ref"> & RefAttributes<SVGSVGElement>>; compound: ForwardRefExoticComponent<...>; paper: ForwardRefExoticComponent<...>; }'.
components/search/search-results.tsx(205,20): error TS2339: Property 'research' does not exist on type '{ fungi: ForwardRefExoticComponent<Omit<LucideProps, "ref"> & RefAttributes<SVGSVGElement>>; compound: ForwardRefExoticComponent<...>; paper: ForwardRefExoticComponent<...>; }'.
components/search/search-results.tsx(205,20): error TS2339: Property 'satellite' does not exist on type '{ fungi: ForwardRefExoticComponent<Omit<LucideProps, "ref"> & RefAttributes<SVGSVGElement>>; compound: ForwardRefExoticComponent<...>; paper: ForwardRefExoticComponent<...>; }'.
components/search/search-results.tsx(205,20): error TS2339: Property 'space_weather' does not exist on type '{ fungi: ForwardRefExoticComponent<Omit<LucideProps, "ref"> & RefAttributes<SVGSVGElement>>; compound: ForwardRefExoticComponent<...>; paper: ForwardRefExoticComponent<...>; }'.
components/search/search-results.tsx(205,20): error TS2339: Property 'vessel' does not exist on type '{ fungi: ForwardRefExoticComponent<Omit<LucideProps, "ref"> & RefAttributes<SVGSVGElement>>; compound: ForwardRefExoticComponent<...>; paper: ForwardRefExoticComponent<...>; }'.
components/search/search-results.tsx(205,20): error TS2339: Property 'weather' does not exist on type '{ fungi: ForwardRefExoticComponent<Omit<LucideProps, "ref"> & RefAttributes<SVGSVGElement>>; compound: ForwardRefExoticComponent<...>; paper: ForwardRefExoticComponent<...>; }'.
components/search/search-results.tsx(225,14): error TS2604: JSX element type 'TypeIcon' does not have any construct or call signatures.
components/search/search-results.tsx(225,14): error TS2786: 'TypeIcon' cannot be used as a JSX component.
  Its type 'ForwardRefExoticComponent<Omit<LucideProps, "ref"> & RefAttributes<SVGSVGElement>> | undefined' is not a valid JSX element type.
    Type 'undefined' is not assignable to type 'ElementType'.
components/search/search-results.tsx(241,14): error TS18048: 'result.metadata.authors' is possibly 'undefined'.
components/search/search-results.tsx(267,30): error TS2339: Property 'scientificName' does not exist on type '{ authors?: string[] | undefined; year?: number | undefined; journal?: string | undefined; doi?: string | undefined; formula?: string | undefined; molecularWeight?: number | undefined; ... 6 more ...; timestamp?: string | undefined; } & Record<...>'.
components/search/search-results.tsx(267,95): error TS2339: Property 'scientificName' does not exist on type '{ authors?: string[] | undefined; year?: number | undefined; journal?: string | undefined; doi?: string | undefined; formula?: string | undefined; molecularWeight?: number | undefined; ... 6 more ...; timestamp?: string | undefined; } & Record<...>'.
components/search/search-results.tsx(271,58): error TS2339: Property 'join' does not exist on type '{}'.
components/search/search-results.tsx(274,30): error TS2339: Property 'category' does not exist on type '{ authors?: string[] | undefined; year?: number | undefined; journal?: string | undefined; doi?: string | undefined; formula?: string | undefined; molecularWeight?: number | undefined; ... 6 more ...; timestamp?: string | undefined; } & Record<...>'.
components/search/search-results.tsx(276,34): error TS2339: Property 'category' does not exist on type '{ authors?: string[] | undefined; year?: number | undefined; journal?: string | undefined; doi?: string | undefined; formula?: string | undefined; molecularWeight?: number | undefined; ... 6 more ...; timestamp?: string | undefined; } & Record<...>'.
components/security/incidents/agent-activity-stream.tsx(364,25): error TS18048: 'action.progressPercent' is possibly 'undefined'.
components/species/photo-gallery.tsx(49,21): error TS2554: Expected 1 arguments, but got 0.
components/species/photo-gallery.tsx(49,21): error TS7009: 'new' expression, whose target lacks a construct signature, implicitly has an 'any' type.
components/templates/species-template.tsx(107,19): error TS2345: Argument of type 'INaturalistPhoto[]' is not assignable to parameter of type 'SetStateAction<INaturalistPhoto[]>'.
  Type 'import("C:/Users/admin2/Desktop/MYCOSOFT/CODE/WEBSITE/website/lib/services/inaturalist").INaturalistPhoto[]' is not assignable to type 'INaturalistPhoto[]'.
    Type 'INaturalistPhoto' is missing the following properties from type 'INaturalistPhoto': id, original_url, square_url
components/ui/animated-icons.tsx(233,9): error TS2322: Type 'ReactNode | MotionValue<number> | MotionValue<string>' is not assignable to type 'ReactNode'.
  Type 'MotionValue<number>' is not assignable to type 'ReactNode'.
components/ui/mycelium-network.tsx(47,24): error TS2554: Expected 1 arguments, but got 0.
components/ui/mycelium-network.tsx(48,18): error TS2554: Expected 1 arguments, but got 0.
components/ui/neuromorphic/NeuromorphicTestPage.tsx(365,21): error TS2322: Type 'string' is not assignable to type 'never'.
components/ui/particle-flow.tsx(93,24): error TS2554: Expected 1 arguments, but got 0.
components/ui/particle-trails.tsx(21,31): error TS2304: Cannot find name 'Particle'.
components/ui/sidebar.tsx(178,15): error TS2769: No overload matches this call.
  The last overload gave the following error.
    Object literal may only specify known properties, and 'className' does not exist in type 'Partial<unknown> & Attributes'.
components/ui/sidebar.tsx(200,52): error TS2769: No overload matches this call.
  The last overload gave the following error.
    Object literal may only specify known properties, and 'className' does not exist in type 'Partial<unknown> & Attributes'.
components/ui/sidebar.tsx(200,66): error TS18046: 'child.props' is of type 'unknown'.
components/voice/PersonaPlexProvider.tsx(44,33): error TS2749: 'SpeechRecognition' refers to a value, but is being used as a type here. Did you mean 'typeof SpeechRecognition'?
components/voice/PersonaPlexProvider.tsx(60,29): error TS7006: Parameter 'event' implicitly has an 'any' type.
components/voice/PersonaPlexProvider.tsx(62,26): error TS18046: 'result' is of type 'unknown'.
components/voice/PersonaPlexProvider.tsx(71,28): error TS7006: Parameter 'event' implicitly has an 'any' type.
components/voice/UnifiedVoiceProvider.tsx(84,33): error TS2749: 'SpeechRecognition' refers to a value, but is being used as a type here. Did you mean 'typeof SpeechRecognition'?
components/voice/UnifiedVoiceProvider.tsx(117,29): error TS7006: Parameter 'event' implicitly has an 'any' type.
components/voice/UnifiedVoiceProvider.tsx(138,28): error TS7006: Parameter 'event' implicitly has an 'any' type.
components/widgets/all-life-summary.tsx(200,47): error TS2322: Type 'ForwardRefExoticComponent<Omit<LucideProps, "ref"> & RefAttributes<SVGSVGElement>> | "≡ƒìä"' is not assignable to type 'ReactNode'.
  Type 'ForwardRefExoticComponent<Omit<LucideProps, "ref"> & RefAttributes<SVGSVGElement>>' is not assignable to type 'ReactNode'.
    Type 'ForwardRefExoticComponent<Omit<LucideProps, "ref"> & RefAttributes<SVGSVGElement>>' is missing the following properties from type 'ReactPortal': children, type, props, key
components/widgets/live-counter.tsx(80,24): error TS2554: Expected 1 arguments, but got 0.
contexts/app-state-context.tsx(91,41): error TS18047: 'supabaseRef.current' is possibly 'null'.
drizzle.config.ts(6,3): error TS2322: Type '"pg"' is not assignable to type '"d1-http"'.
drizzle.config.ts(8,5): error TS2353: Object literal may only specify known properties, and 'connectionString' does not exist in type '{ accountId: string; databaseId: string; token: string; }'.
hooks/use-mobile-search-chat.ts(203,32): error TS2677: A type predicate's type must be assignable to its parameter's type.
  Type 'DataCard' is not assignable to type '{ type: "research" | "chemistry" | "location" | "images" | "species" | "genetics" | "taxonomy" | "news" | null; data: { id: string; name: string; subtitle: string | undefined; }; }'.
    Types of property 'data' are incompatible.
      Type 'Record<string, unknown>' is missing the following properties from type '{ id: string; name: string; subtitle: string | undefined; }': id, name, subtitle
hooks/use-mobile-search-chat.ts(205,19): error TS2345: Argument of type '{ id: string; role: "user" | "system" | "assistant"; content: string; timestamp: string; dataCards: { type: "research" | "chemistry" | "location" | "images" | "species" | "genetics" | "taxonomy" | "news" | null; data: { ...; }; }[] | undefined; }[]' is not assignable to parameter of type 'SetStateAction<MobileSearchMessage[]>'.
  Type '{ id: string; role: "user" | "system" | "assistant"; content: string; timestamp: string; dataCards: { type: "research" | "chemistry" | "location" | "images" | "species" | "genetics" | "taxonomy" | "news" | null; data: { ...; }; }[] | undefined; }[]' is not assignable to type 'MobileSearchMessage[]'.
    Type '{ id: string; role: MobileSearchMessage["role"]; content: string; timestamp: string; dataCards: { type: "research" | "chemistry" | "location" | "images" | "species" | "genetics" | "taxonomy" | "news" | null; data: { ...; }; }[] | undefined; }' is not assignable to type 'MobileSearchMessage'.
      Types of property 'dataCards' are incompatible.
        Type '{ type: "research" | "chemistry" | "location" | "images" | "species" | "genetics" | "taxonomy" | "news" | null; data: { id: string; name: string; subtitle: string | undefined; }; }[] | undefined' is not assignable to type 'DataCard[] | undefined'.
          Type '{ type: "research" | "chemistry" | "location" | "images" | "species" | "genetics" | "taxonomy" | "news" | null; data: { id: string; name: string; subtitle: string | undefined; }; }[]' is not assignable to type 'DataCard[]'.
            Type '{ type: "research" | "chemistry" | "location" | "images" | "species" | "genetics" | "taxonomy" | "news" | null; data: { id: string; name: string; subtitle: string | undefined; }; }' is not assignable to type 'DataCard'.
              Types of property 'type' are incompatible.
                Type '"research" | "chemistry" | "location" | "images" | "species" | "genetics" | "taxonomy" | "news" | null' is not assignable to type '"research" | "chemistry" | "location" | "images" | "species" | "genetics" | "taxonomy" | "news"'.
                  Type 'null' is not assignable to type '"research" | "chemistry" | "location" | "images" | "species" | "genetics" | "taxonomy" | "news"'.
hooks/use-packery.ts(353,5): error TS2322: Type 'RefObject<HTMLDivElement | null>' is not assignable to type 'RefObject<HTMLDivElement>'.
  Type 'HTMLDivElement | null' is not assignable to type 'HTMLDivElement'.
    Type 'null' is not assignable to type 'HTMLDivElement'.
hooks/use-unified-search.ts(53,3): error TS2304: Cannot find name 'CameraResult'.
hooks/use-unified-search.ts(80,12): error TS2304: Cannot find name 'CameraResult'.
hooks/use-unified-search.ts(164,41): error TS2339: Property 'species' does not exist on type 'UnifiedSearchResponse'.
hooks/use-unified-search.ts(164,65): error TS2339: Property 'species' does not exist on type 'UnifiedSearchResponse'.
hooks/use-unified-search.ts(165,43): error TS2339: Property 'compounds' does not exist on type 'UnifiedSearchResponse'.
hooks/use-unified-search.ts(165,69): error TS2339: Property 'compounds' does not exist on type 'UnifiedSearchResponse'.
hooks/use-unified-search.ts(166,42): error TS2339: Property 'genetics' does not exist on type 'UnifiedSearchResponse'.
hooks/use-unified-search.ts(166,67): error TS2339: Property 'genetics' does not exist on type 'UnifiedSearchResponse'.
hooks/use-unified-search.ts(167,42): error TS2339: Property 'research' does not exist on type 'UnifiedSearchResponse'.
hooks/use-unified-search.ts(167,67): error TS2339: Property 'research' does not exist on type 'UnifiedSearchResponse'.
hooks/use-unified-search.ts(169,40): error TS2339: Property 'events' does not exist on type 'UnifiedSearchResponse'.
hooks/use-unified-search.ts(169,63): error TS2339: Property 'events' does not exist on type 'UnifiedSearchResponse'.
hooks/use-unified-search.ts(170,42): error TS2339: Property 'aircraft' does not exist on type 'UnifiedSearchResponse'.
hooks/use-unified-search.ts(170,67): error TS2339: Property 'aircraft' does not exist on type 'UnifiedSearchResponse'.
hooks/use-unified-search.ts(171,41): error TS2339: Property 'vessels' does not exist on type 'UnifiedSearchResponse'.
hooks/use-unified-search.ts(171,65): error TS2339: Property 'vessels' does not exist on type 'UnifiedSearchResponse'.
hooks/use-unified-search.ts(172,44): error TS2339: Property 'satellites' does not exist on type 'UnifiedSearchResponse'.
hooks/use-unified-search.ts(172,71): error TS2339: Property 'satellites' does not exist on type 'UnifiedSearchResponse'.
hooks/use-unified-search.ts(173,41): error TS2339: Property 'weather' does not exist on type 'UnifiedSearchResponse'.
hooks/use-unified-search.ts(173,65): error TS2339: Property 'weather' does not exist on type 'UnifiedSearchResponse'.
hooks/use-unified-search.ts(174,43): error TS2339: Property 'emissions' does not exist on type 'UnifiedSearchResponse'.
hooks/use-unified-search.ts(174,69): error TS2339: Property 'emissions' does not exist on type 'UnifiedSearchResponse'.
hooks/use-unified-search.ts(175,48): error TS2339: Property 'infrastructure' does not exist on type 'UnifiedSearchResponse'.
hooks/use-unified-search.ts(175,79): error TS2339: Property 'infrastructure' does not exist on type 'UnifiedSearchResponse'.
hooks/use-unified-search.ts(176,41): error TS2339: Property 'devices' does not exist on type 'UnifiedSearchResponse'.
hooks/use-unified-search.ts(176,65): error TS2339: Property 'devices' does not exist on type 'UnifiedSearchResponse'.
hooks/use-unified-search.ts(177,46): error TS2339: Property 'space_weather' does not exist on type 'UnifiedSearchResponse'.
hooks/use-unified-search.ts(177,76): error TS2339: Property 'space_weather' does not exist on type 'UnifiedSearchResponse'.
hooks/use-unified-search.ts(204,8): error TS2304: Cannot find name 'cameras'.
hooks/use-unified-search.ts(207,5): error TS2740: Type 'UnifiedSearchResponse' is missing the following properties from type 'UnifiedSearchResults': species, compounds, genetics, research, and 10 more.
hooks/use-unified-search.ts(223,5): error TS18004: No value exists in scope for the shorthand property 'cameras'. Either declare one or provide an initializer.
hooks/use-user-settings.ts(224,11): error TS2322: Type '{ displayName: string; bio: string; avatar: string; } | { emailNotifications: boolean; pushNotifications: boolean; deviceAlerts: boolean; weeklyReports: boolean; securityAlerts: boolean; } | { ...; } | { ...; } | { ...; }' is not assignable to type '{ twoFactorEnabled: boolean; sessionTimeout: number; loginNotifications: boolean; } & { displayName: string; bio: string; avatar: string; } & { darkMode: boolean; compactView: boolean; betaFeatures: boolean; analyticsSharing: boolean; language: string; timezone: string; } & { ...; } & { ...; }'.
  Type '{ displayName: string; bio: string; avatar: string; }' is not assignable to type '{ twoFactorEnabled: boolean; sessionTimeout: number; loginNotifications: boolean; } & { displayName: string; bio: string; avatar: string; } & { darkMode: boolean; compactView: boolean; betaFeatures: boolean; analyticsSharing: boolean; language: string; timezone: string; } & { ...; } & { ...; }'.
    Type '{ displayName: string; bio: string; avatar: string; }' is missing the following properties from type '{ twoFactorEnabled: boolean; sessionTimeout: number; loginNotifications: boolean; }': twoFactorEnabled, sessionTimeout, loginNotifications
hooks/useMapVoiceControl.ts(166,43): error TS7053: Element implicitly has an 'any' type because expression of type '0' can't be used to index type '{}'.
  Property '0' does not exist on type '{}'.
hooks/useMapVoiceControl.ts(166,68): error TS7053: Element implicitly has an 'any' type because expression of type '1' can't be used to index type '{}'.
  Property '1' does not exist on type '{}'.
hooks/useMapWebSocket.ts(209,12): error TS2352: Conversion of type 'FrontendCommand' to type '{ speak: string; }' may be a mistake because neither type sufficiently overlaps with the other. If this was intentional, convert the expression to 'unknown' first.
  Property 'speak' is missing in type 'FrontendCommand' but required in type '{ speak: string; }'.
hooks/useVoiceChat.ts(82,33): error TS2749: 'SpeechRecognition' refers to a value, but is being used as a type here. Did you mean 'typeof SpeechRecognition'?
hooks/useVoiceChat.ts(119,29): error TS7006: Parameter 'event' implicitly has an 'any' type.
hooks/useVoiceChat.ts(155,28): error TS7006: Parameter 'event' implicitly has an 'any' type.
lib/agent-auth.ts(40,63): error TS2345: Argument of type '{ p_key_hash: string; }' is not assignable to parameter of type 'undefined'.
lib/agent-auth.ts(42,22): error TS2339: Property 'length' does not exist on type 'never'.
lib/agent-auth.ts(42,44): error TS2339: Property 'is_active' does not exist on type 'never'.
lib/agent-auth.ts(45,25): error TS2339: Property 'profile_id' does not exist on type 'never'.
lib/agent-auth.ts(47,25): error TS2339: Property 'api_key_id' does not exist on type 'never'.
lib/agent-auth.ts(48,28): error TS2339: Property 'balance_cents' does not exist on type 'never'.
lib/agent-auth.ts(49,36): error TS2339: Property 'rate_limit_per_minute' does not exist on type 'never'.
lib/agent-auth.ts(50,33): error TS2339: Property 'rate_limit_per_day' does not exist on type 'never'.
lib/agent-auth.ts(51,35): error TS2339: Property 'requests_this_minute' does not exist on type 'never'.
lib/agent-auth.ts(52,29): error TS2339: Property 'requests_today' does not exist on type 'never'.
lib/agent-auth.ts(89,27): error TS2339: Property 'id' does not exist on type 'never'.
lib/agent-auth.ts(91,30): error TS2339: Property 'balance_cents' does not exist on type 'never'.
lib/ai/langchain-setup.ts(80,21): error TS2339: Property 'addDocuments' does not exist on type 'Promise<SupabaseVectorStore>'.
lib/ai/langchain-setup.ts(97,37): error TS2339: Property 'similaritySearchWithScore' does not exist on type 'Promise<SupabaseVectorStore>'.
lib/ai/langchain-setup.ts(101,15): error TS7031: Binding element '_' implicitly has an 'any' type.
lib/ai/langchain-setup.ts(101,18): error TS7031: Binding element 'score' implicitly has an 'any' type.
lib/ai/langchain-setup.ts(102,12): error TS7031: Binding element 'doc' implicitly has an 'any' type.
lib/ai/langchain-setup.ts(102,17): error TS7031: Binding element 'score' implicitly has an 'any' type.
lib/ai/langchain-setup.ts(121,22): error TS2339: Property 'asRetriever' does not exist on type 'Promise<SupabaseVectorStore>'.
lib/dashboard/layout-persistence.ts(154,20): error TS2322: Type 'null' is not assignable to type 'DashboardLayout[]'.
lib/db.ts(14,12): error TS2304: Cannot find name 'sql'.
lib/devices/home-assistant-bridge.ts(76,3): error TS2322: Type '"temperature"' is not assignable to type 'ObservationType'.
lib/devices/home-assistant-bridge.ts(77,3): error TS2322: Type '"humidity"' is not assignable to type 'ObservationType'.
lib/devices/home-assistant-bridge.ts(78,3): error TS2322: Type '"pressure"' is not assignable to type 'ObservationType'.
lib/devices/home-assistant-bridge.ts(79,3): error TS2322: Type '"air_quality"' is not assignable to type 'ObservationType'.
lib/devices/home-assistant-bridge.ts(80,3): error TS2322: Type '"air_quality"' is not assignable to type 'ObservationType'.
lib/devices/home-assistant-bridge.ts(81,3): error TS2322: Type '"co2"' is not assignable to type 'ObservationType'.
lib/devices/home-assistant-bridge.ts(82,3): error TS2322: Type '"voc"' is not assignable to type 'ObservationType'.
lib/devices/home-assistant-bridge.ts(83,3): error TS2322: Type '"light"' is not assignable to type 'ObservationType'.
lib/devices/home-assistant-bridge.ts(84,3): error TS2322: Type '"motion"' is not assignable to type 'ObservationType'.
lib/devices/home-assistant-bridge.ts(85,3): error TS2322: Type '"door"' is not assignable to type 'ObservationType'.
lib/devices/home-assistant-bridge.ts(86,3): error TS2322: Type '"door"' is not assignable to type 'ObservationType'.
lib/devices/home-assistant-bridge.ts(87,3): error TS2322: Type '"battery"' is not assignable to type 'ObservationType'.
lib/devices/home-assistant-bridge.ts(88,3): error TS2322: Type '"voltage"' is not assignable to type 'ObservationType'.
lib/devices/home-assistant-bridge.ts(89,3): error TS2322: Type '"current"' is not assignable to type 'ObservationType'.
lib/devices/home-assistant-bridge.ts(90,3): error TS2322: Type '"power"' is not assignable to type 'ObservationType'.
lib/devices/home-assistant-bridge.ts(91,3): error TS2322: Type '"energy"' is not assignable to type 'ObservationType'.
lib/devices/home-assistant-bridge.ts(92,3): error TS2322: Type '"gas_resistance"' is not assignable to type 'ObservationType'.
lib/devices/home-assistant-bridge.ts(95,3): error TS2322: Type '"motion"' is not assignable to type 'ObservationType'.
lib/devices/home-assistant-bridge.ts(96,3): error TS2322: Type '"motion"' is not assignable to type 'ObservationType'.
lib/devices/home-assistant-bridge.ts(97,3): error TS2322: Type '"moisture"' is not assignable to type 'ObservationType'.
lib/devices/home-assistant-bridge.ts(98,3): error TS2322: Type '"smoke"' is not assignable to type 'ObservationType'.
lib/devices/home-assistant-bridge.ts(99,3): error TS2322: Type '"co2"' is not assignable to type 'ObservationType'.
lib/devices/home-assistant-bridge.ts(102,3): error TS2322: Type '"custom"' is not assignable to type 'ObservationType'.
lib/devices/home-assistant-bridge.ts(276,41): error TS2345: Argument of type '{ id: string; type: string; name: string; status: string; lastSeenAt: string; provenance: { source: string; sourceId: string; collectedAt: string; reliability: number; }; }' is not assignable to parameter of type 'Entity'.
  Type '{ id: string; type: string; name: string; status: string; lastSeenAt: string; provenance: { source: string; sourceId: string; collectedAt: string; reliability: number; }; }' is missing the following properties from type 'Entity': createdAt, updatedAt
lib/devices/home-assistant-bridge.ts(402,7): error TS2322: Type 'number | undefined' is not assignable to type 'string | number | boolean'.
  Type 'undefined' is not assignable to type 'string | number | boolean'.
lib/devices/mqtt-service.ts(159,9): error TS2571: Object is of type 'unknown'.
lib/devices/mqtt-service.ts(168,9): error TS2571: Object is of type 'unknown'.
lib/devices/mqtt-service.ts(172,9): error TS2571: Object is of type 'unknown'.
lib/devices/mqtt-service.ts(180,9): error TS2571: Object is of type 'unknown'.
lib/devices/mqtt-service.ts(186,9): error TS2571: Object is of type 'unknown'.
lib/devices/mqtt-service.ts(191,9): error TS2571: Object is of type 'unknown'.
lib/devices/mqtt-service.ts(208,9): error TS2571: Object is of type 'unknown'.
lib/devices/mqtt-service.ts(244,9): error TS2571: Object is of type 'unknown'.
lib/devices/mqtt-service.ts(272,9): error TS2571: Object is of type 'unknown'.
lib/devices/mqtt-service.ts(325,7): error TS2571: Object is of type 'unknown'.
lib/devices/mqtt-service.ts(439,36): error TS2345: Argument of type '{ id: string; type: string; name: any; status: string; lastSeenAt: string; location: any; properties: any; provenance: { source: string; sourceId: string; collectedAt: string; reliability: number; }; }' is not assignable to parameter of type 'Entity'.
  Type '{ id: string; type: string; name: any; status: string; lastSeenAt: string; location: any; properties: any; provenance: { source: string; sourceId: string; collectedAt: string; reliability: number; }; }' is missing the following properties from type 'Entity': createdAt, updatedAt
lib/devices/mqtt-service.ts(480,9): error TS2353: Object literal may only specify known properties, and 'source' does not exist in type 'Event'.
lib/devices/mqtt-service.ts(538,45): error TS2352: Conversion of type '{ id: string; type: ObservationType; entityId: string; value: number; unit: string; observedAt: any; location: any; source: string; provenance: { source: string; sourceId: string; collectedAt: string; reliability: number; }; }' to type 'Observation' may be a mistake because neither type sufficiently overlaps with the other. If this was intentional, convert the expression to 'unknown' first.
  Property 'receivedAt' is missing in type '{ id: string; type: ObservationType; entityId: string; value: number; unit: string; observedAt: any; location: any; source: string; provenance: { source: string; sourceId: string; collectedAt: string; reliability: number; }; }' but required in type 'Observation'.
lib/devices/mqtt-service.ts(554,5): error TS2322: Type '{ id: string; type: ObservationType; entityId: string; value: number | undefined; unit: string; observedAt: string; receivedAt: string; location: GeoLocation | undefined; source: string; provenance: { ...; }; values: { ...; } | undefined; }[]' is not assignable to type 'Observation[]'.
  Type '{ id: string; type: ObservationType; entityId: string; value: number | undefined; unit: string; observedAt: string; receivedAt: string; location: GeoLocation | undefined; source: string; provenance: { ...; }; values: { ...; } | undefined; }' is not assignable to type 'Observation'.
    Types of property 'value' are incompatible.
      Type 'number | undefined' is not assignable to type 'string | number | boolean'.
        Type 'undefined' is not assignable to type 'string | number | boolean'.
lib/email/templates/security-alert.ts(20,16): error TS2339: Property 'ipAddress' does not exist on type 'SecurityAlertData'.
lib/email/templates/security-alert.ts(23,22): error TS2339: Property 'ipAddress' does not exist on type 'SecurityAlertData'.
lib/email/templates/security-alert.ts(26,16): error TS2339: Property 'location' does not exist on type 'SecurityAlertData'.
lib/email/templates/security-alert.ts(29,22): error TS2339: Property 'location' does not exist on type 'SecurityAlertData'.
lib/ground-station/index.ts(4,1): error TS2308: Module "./service" has already exported a member named 'pushObservationToMindex'. Consider explicitly re-exporting to resolve the ambiguity.
lib/ground-station/mindex-bridge.ts(115,9): error TS2783: 'source' is specified more than once, so this usage will be overwritten.
lib/ground-station/service.ts(260,7): error TS2783: 'source' is specified more than once, so this usage will be overwritten.
lib/lod/index.ts(4,1): error TS2308: Module './cluster-aggregator' has already exported a member named 'Point'. Consider explicitly re-exporting to resolve the ambiguity.
lib/lod/lod-manager.ts(79,12): error TS7053: Element implicitly has an 'any' type because expression of type 'LODLevel' can't be used to index type '{ global?: number | undefined; regional?: number | undefined; local?: number | undefined; }'.
  Property 'detailed' does not exist on type '{ global?: number | undefined; regional?: number | undefined; local?: number | undefined; }'.
lib/mindex/crypto/encoding.ts(101,60): error TS2345: Argument of type 'Uint8Array<ArrayBufferLike>' is not assignable to parameter of type 'BufferSource'.
  Type 'Uint8Array<ArrayBufferLike>' is not assignable to type 'ArrayBufferView<ArrayBuffer>'.
    Types of property 'buffer' are incompatible.
      Type 'ArrayBufferLike' is not assignable to type 'ArrayBuffer'.
        Type 'SharedArrayBuffer' is missing the following properties from type 'ArrayBuffer': resizable, resize, detached, transfer, transferToFixedLength
lib/mindex/crypto/signatures.ts(78,7): error TS2769: No overload matches this call.
  The last overload gave the following error.
    Argument of type 'Uint8Array<ArrayBufferLike>' is not assignable to parameter of type 'BufferSource'.
      Type 'Uint8Array<ArrayBufferLike>' is not assignable to type 'ArrayBufferView<ArrayBuffer>'.
        Types of property 'buffer' are incompatible.
          Type 'ArrayBufferLike' is not assignable to type 'ArrayBuffer'.
            Type 'SharedArrayBuffer' is missing the following properties from type 'ArrayBuffer': resizable, resize, detached, transfer, transferToFixedLength
lib/mindex/crypto/signatures.ts(83,58): error TS2345: Argument of type 'Uint8Array<ArrayBufferLike>' is not assignable to parameter of type 'BufferSource'.
  Type 'Uint8Array<ArrayBufferLike>' is not assignable to type 'ArrayBufferView<ArrayBuffer>'.
    Types of property 'buffer' are incompatible.
      Type 'ArrayBufferLike' is not assignable to type 'ArrayBuffer'.
        Type 'SharedArrayBuffer' is missing the following properties from type 'ArrayBuffer': resizable, resize, detached, transfer, transferToFixedLength
lib/mindex/crypto/signatures.ts(97,7): error TS2769: No overload matches this call.
  The last overload gave the following error.
    Argument of type 'Uint8Array<ArrayBufferLike>' is not assignable to parameter of type 'BufferSource'.
      Type 'Uint8Array<ArrayBufferLike>' is not assignable to type 'ArrayBufferView<ArrayBuffer>'.
        Types of property 'buffer' are incompatible.
          Type 'ArrayBufferLike' is not assignable to type 'ArrayBuffer'.
            Type 'SharedArrayBuffer' is missing the following properties from type 'ArrayBuffer': resizable, resize, detached, transfer, transferToFixedLength
lib/mindex/crypto/signatures.ts(103,55): error TS2345: Argument of type 'Uint8Array<ArrayBufferLike>' is not assignable to parameter of type 'BufferSource'.
  Type 'Uint8Array<ArrayBufferLike>' is not assignable to type 'ArrayBufferView<ArrayBuffer>'.
    Types of property 'buffer' are incompatible.
      Type 'ArrayBufferLike' is not assignable to type 'ArrayBuffer'.
        Type 'SharedArrayBuffer' is missing the following properties from type 'ArrayBuffer': resizable, resize, detached, transfer, transferToFixedLength
lib/mindex/index.ts(32,1): error TS2308: Module './streaming/sse-manager' has already exported a member named 'subscribeToChannel'. Consider explicitly re-exporting to resolve the ambiguity.
lib/mindex/mycorrhizae/hooks.ts(343,16): error TS2352: Conversion of type 'Record<string, unknown>' to type 'ProtocolStats' may be a mistake because neither type sufficiently overlaps with the other. If this was intentional, convert the expression to 'unknown' first.
  Type 'Record<string, unknown>' is missing the following properties from type 'ProtocolStats': version, started, channel_count, subscriber_count, total_messages
lib/mindex/ordinals/inscription.ts(114,30): error TS2322: Type 'Uint8Array<ArrayBufferLike>' is not assignable to type 'BlobPart'.
  Type 'Uint8Array<ArrayBufferLike>' is not assignable to type 'ArrayBufferView<ArrayBuffer>'.
    Types of property 'buffer' are incompatible.
      Type 'ArrayBufferLike' is not assignable to type 'ArrayBuffer'.
        Type 'SharedArrayBuffer' is missing the following properties from type 'ArrayBuffer': resizable, resize, detached, transfer, transferToFixedLength
lib/mindex/ordinals/inscription.ts(130,30): error TS2322: Type 'Uint8Array<ArrayBufferLike>' is not assignable to type 'BlobPart'.
  Type 'Uint8Array<ArrayBufferLike>' is not assignable to type 'ArrayBufferView<ArrayBuffer>'.
    Types of property 'buffer' are incompatible.
      Type 'ArrayBufferLike' is not assignable to type 'ArrayBuffer'.
        Type 'SharedArrayBuffer' is missing the following properties from type 'ArrayBuffer': resizable, resize, detached, transfer, transferToFixedLength
lib/mindex/ordinals/inscription.ts(145,60): error TS2345: Argument of type 'Uint8Array<ArrayBufferLike>' is not assignable to parameter of type 'BufferSource'.
  Type 'Uint8Array<ArrayBufferLike>' is not assignable to type 'ArrayBufferView<ArrayBuffer>'.
    Types of property 'buffer' are incompatible.
      Type 'ArrayBufferLike' is not assignable to type 'ArrayBuffer'.
        Type 'SharedArrayBuffer' is missing the following properties from type 'ArrayBuffer': resizable, resize, detached, transfer, transferToFixedLength
lib/mindex/ordinals/inscription.ts(196,5): error TS2345: Argument of type 'Uint8Array<ArrayBufferLike>' is not assignable to parameter of type 'BufferSource'.
  Type 'Uint8Array<ArrayBufferLike>' is not assignable to type 'ArrayBufferView<ArrayBuffer>'.
    Types of property 'buffer' are incompatible.
      Type 'ArrayBufferLike' is not assignable to type 'ArrayBuffer'.
        Type 'SharedArrayBuffer' is missing the following properties from type 'ArrayBuffer': resizable, resize, detached, transfer, transferToFixedLength
lib/natureos-api.ts(143,38): error TS2769: No overload matches this call.
  Overload 1 of 12, '(key: StrictKey, fetcher: ((arg: ArgumentsTuple) => FetcherResponse<DeviceTelemetry[]>) | ((arg: ArgumentsTuple) => FetcherResponse<...>) | null, config: SWRConfiguration<...> | undefined): SWRResponse<...>', gave the following error.
    Argument of type 'string' is not assignable to parameter of type 'StrictKey'.
  Overload 2 of 12, '(key: Key, fetcher: BareFetcher<DeviceTelemetry[]> | null, config: SWRConfiguration<DeviceTelemetry[], any, BareFetcher<DeviceTelemetry[]>> | undefined): SWRResponse<...>', gave the following error.
    Argument of type '<T>(url: string) => Promise<T | null>' is not assignable to parameter of type 'BareFetcher<DeviceTelemetry[]>'.
      Type 'Promise<DeviceTelemetry[] | null>' is not assignable to type 'FetcherResponse<DeviceTelemetry[]>'.
        Type 'Promise<DeviceTelemetry[] | null>' is not assignable to type 'Promise<DeviceTelemetry[]>'.
          Type 'DeviceTelemetry[] | null' is not assignable to type 'DeviceTelemetry[]'.
            Type 'null' is not assignable to type 'DeviceTelemetry[]'.
lib/natureos-api.ts(161,38): error TS2769: No overload matches this call.
  Overload 1 of 12, '(key: StrictKey, fetcher: ((arg: ArgumentsTuple) => FetcherResponse<DeviceTelemetry>) | ((arg: ArgumentsTuple) => FetcherResponse<...>) | null, config: SWRConfiguration<...> | undefined): SWRResponse<...>', gave the following error.
    Argument of type 'string | null' is not assignable to parameter of type 'StrictKey'.
      Type 'string' is not assignable to type 'StrictKey'.
  Overload 2 of 12, '(key: Key, fetcher: BareFetcher<DeviceTelemetry> | null, config: SWRConfiguration<DeviceTelemetry, any, BareFetcher<DeviceTelemetry>> | undefined): SWRResponse<...>', gave the following error.
    Argument of type '<T>(url: string) => Promise<T | null>' is not assignable to parameter of type 'BareFetcher<DeviceTelemetry>'.
      Type 'Promise<DeviceTelemetry | null>' is not assignable to type 'FetcherResponse<DeviceTelemetry>'.
        Type 'Promise<DeviceTelemetry | null>' is not assignable to type 'Promise<DeviceTelemetry>'.
          Type 'DeviceTelemetry | null' is not assignable to type 'DeviceTelemetry'.
            Type 'null' is not assignable to type 'DeviceTelemetry'.
lib/natureos-functions/mindex-query.ts(36,11): error TS2322: Type '{}' is not assignable to type 'string'.
lib/natureos-functions/mindex-query.ts(37,11): error TS2322: Type 'unknown' is not assignable to type '"all" | "compounds" | "observations" | "taxa" | undefined'.
lib/natureos-functions/mindex-query.ts(38,11): error TS2322: Type 'unknown' is not assignable to type 'number | undefined'.
lib/natureos-functions/mindex-query.ts(58,38): error TS2345: Argument of type '{}' is not assignable to parameter of type 'number'.
lib/oei/connectors/aisstream-ships.ts(179,5): error TS2322: Type '"vessel"' is not assignable to type 'EntityType.VESSEL'.
lib/oei/connectors/aisstream-ships.ts(183,5): error TS2739: Type 'GeoLocation' is missing the following properties from type '{ type: "Point"; coordinates: [number, number]; }': type, coordinates
lib/oei/connectors/aisstream-ships.ts(330,22): error TS2339: Property 'latitude' does not exist on type '{ type: "Point"; coordinates: [number, number]; }'.
lib/oei/connectors/aisstream-ships.ts(331,22): error TS2339: Property 'latitude' does not exist on type '{ type: "Point"; coordinates: [number, number]; }'.
lib/oei/connectors/aisstream-ships.ts(332,22): error TS2339: Property 'longitude' does not exist on type '{ type: "Point"; coordinates: [number, number]; }'.
lib/oei/connectors/aisstream-ships.ts(333,22): error TS2339: Property 'longitude' does not exist on type '{ type: "Point"; coordinates: [number, number]; }'.
lib/oei/connectors/aisstream-ships.ts(340,51): error TS2339: Property 'properties' does not exist on type 'VesselEntity'.
lib/oei/connectors/aisstream-ships.ts(360,38): error TS2345: Argument of type 'VesselEntity' is not assignable to parameter of type 'Entity'.
  Type 'VesselEntity' is missing the following properties from type 'Entity': createdAt, updatedAt
lib/oei/connectors/blitzortung.ts(12,22): error TS2305: Module '"@/types/oei"' has no exported member 'Location'.
lib/oei/connectors/blitzortung.ts(416,5): error TS2322: Type '"high" | "medium"' is not assignable to type 'EventSeverity'.
  Type '"high"' is not assignable to type 'EventSeverity'.
lib/oei/connectors/carbon-mapper.ts(131,5): error TS2322: Type '"satellite"' is not assignable to type '"manual" | "network" | "estimated" | "gps" | undefined'.
lib/oei/connectors/flightradar24.ts(129,5): error TS2322: Type '"aircraft"' is not assignable to type 'EntityType.AIRCRAFT'.
lib/oei/connectors/flightradar24.ts(132,5): error TS2739: Type 'GeoLocation' is missing the following properties from type '{ type: "Point"; coordinates: [number, number]; }': type, coordinates
lib/oei/connectors/flightradar24.ts(286,38): error TS2345: Argument of type 'AircraftEntity' is not assignable to parameter of type 'Entity'.
  Type 'AircraftEntity' is missing the following properties from type 'Entity': name, createdAt, updatedAt
lib/oei/connectors/nws-alerts.ts(90,7): error TS2322: Type '"critical"' is not assignable to type 'EventSeverity'.
lib/oei/connectors/nws-alerts.ts(92,7): error TS2322: Type '"high"' is not assignable to type 'EventSeverity'.
lib/oei/connectors/nws-alerts.ts(94,7): error TS2322: Type '"medium"' is not assignable to type 'EventSeverity'.
lib/oei/connectors/nws-alerts.ts(96,7): error TS2322: Type '"low"' is not assignable to type 'EventSeverity'.
lib/oei/connectors/nws-alerts.ts(98,7): error TS2322: Type '"info"' is not assignable to type 'EventSeverity'.
lib/oei/connectors/nws-alerts.ts(115,7): error TS2322: Type 'number[]' is not assignable to type 'number[][]'.
  Type 'number' is not assignable to type 'number[]'.
lib/oei/connectors/openaq.ts(160,5): error TS2353: Object literal may only specify known properties, and 'location' does not exist in type 'AirQualityObservation'.
lib/oei/connectors/openrailway.ts(115,5): error TS2322: Type '"osm"' is not assignable to type '"manual" | "network" | "estimated" | "gps" | undefined'.
lib/oei/connectors/openrailway.ts(121,5): error TS2322: Type '"halt" | "station" | "junction" | "yard"' is not assignable to type '"line" | "station" | "junction" | "yard"'.
  Type '"halt"' is not assignable to type '"line" | "station" | "junction" | "yard"'.
lib/oei/connectors/opensky-adsb.ts(134,5): error TS2322: Type '"aircraft"' is not assignable to type 'EntityType.AIRCRAFT'.
lib/oei/connectors/opensky-adsb.ts(137,5): error TS2739: Type 'GeoLocation' is missing the following properties from type '{ type: "Point"; coordinates: [number, number]; }': type, coordinates
lib/oei/connectors/opensky-adsb.ts(274,38): error TS2345: Argument of type 'AircraftEntity' is not assignable to parameter of type 'Entity'.
  Type 'AircraftEntity' is missing the following properties from type 'Entity': name, createdAt, updatedAt
lib/oei/connectors/satellite-tracking.ts(300,7): error TS2322: Type '"calculated"' is not assignable to type '"manual" | "network" | "estimated" | "gps" | undefined'.
lib/oei/connectors/space-weather.ts(127,7): error TS2322: Type '"info" | "warning" | "critical" | "severe"' is not assignable to type 'EventSeverity'.
  Type '"info"' is not assignable to type 'EventSeverity'.
lib/oei/connectors/space-weather.ts(142,7): error TS2322: Type '"info" | "warning" | "critical" | "severe"' is not assignable to type 'EventSeverity'.
  Type '"info"' is not assignable to type 'EventSeverity'.
lib/oei/connectors/space-weather.ts(157,7): error TS2322: Type '"info" | "warning" | "critical" | "severe"' is not assignable to type 'EventSeverity'.
  Type '"info"' is not assignable to type 'EventSeverity'.
lib/oei/connectors/usgs-volcano.ts(97,7): error TS2322: Type '"critical"' is not assignable to type 'EventSeverity'.
lib/oei/connectors/usgs-volcano.ts(99,7): error TS2322: Type '"high"' is not assignable to type 'EventSeverity'.
lib/oei/connectors/usgs-volcano.ts(101,7): error TS2322: Type '"medium"' is not assignable to type 'EventSeverity'.
lib/oei/connectors/usgs-volcano.ts(103,7): error TS2322: Type '"info"' is not assignable to type 'EventSeverity'.
lib/oei/connectors/usgs-volcano.ts(105,7): error TS2322: Type '"info"' is not assignable to type 'EventSeverity'.
lib/oei/db-service.ts(45,17): error TS2352: Conversion of type 'GeoLocation | undefined' to type 'Record<string, unknown>' may be a mistake because neither type sufficiently overlaps with the other. If this was intentional, convert the expression to 'unknown' first.
  Type 'GeoLocation' is not comparable to type 'Record<string, unknown>'.
    Index signature for type 'string' is missing in type 'GeoLocation'.
lib/oei/db-service.ts(50,19): error TS2352: Conversion of type 'Provenance' to type 'Record<string, unknown>' may be a mistake because neither type sufficiently overlaps with the other. If this was intentional, convert the expression to 'unknown' first.
  Index signature for type 'string' is missing in type 'Provenance'.
lib/oei/db-service.ts(170,29): error TS2339: Property 'location' does not exist on type 'Observation'.
lib/oei/db-service.ts(175,27): error TS2551: Property 'values' does not exist on type 'Observation'. Did you mean 'value'?
lib/oei/db-service.ts(178,27): error TS2339: Property 'source' does not exist on type 'Observation'.
lib/oei/db-service.ts(179,29): error TS2339: Property 'sourceId' does not exist on type 'Observation'.
lib/oei/db-service.ts(180,19): error TS2352: Conversion of type 'Provenance' to type 'Record<string, unknown>' may be a mistake because neither type sufficiently overlaps with the other. If this was intentional, convert the expression to 'unknown' first.
  Index signature for type 'string' is missing in type 'Provenance'.
lib/oei/db-service.ts(199,19): error TS2339: Property 'location' does not exist on type 'Observation'.
lib/oei/db-service.ts(204,17): error TS2551: Property 'values' does not exist on type 'Observation'. Did you mean 'value'?
lib/oei/db-service.ts(207,17): error TS2339: Property 'source' does not exist on type 'Observation'.
lib/oei/db-service.ts(208,19): error TS2339: Property 'sourceId' does not exist on type 'Observation'.
lib/oei/db-service.ts(209,19): error TS2352: Conversion of type 'Provenance' to type 'Record<string, unknown>' may be a mistake because neither type sufficiently overlaps with the other. If this was intentional, convert the expression to 'unknown' first.
  Index signature for type 'string' is missing in type 'Provenance'.
lib/oei/db-service.ts(312,17): error TS2352: Conversion of type 'GeoLocation | undefined' to type 'Record<string, unknown>' may be a mistake because neither type sufficiently overlaps with the other. If this was intentional, convert the expression to 'unknown' first.
  Type 'GeoLocation' is not comparable to type 'Record<string, unknown>'.
    Index signature for type 'string' is missing in type 'GeoLocation'.
lib/oei/db-service.ts(313,21): error TS2352: Conversion of type 'GeoBounds | undefined' to type 'Record<string, unknown>' may be a mistake because neither type sufficiently overlaps with the other. If this was intentional, convert the expression to 'unknown' first.
  Type 'GeoBounds' is not comparable to type 'Record<string, unknown>'.
    Index signature for type 'string' is missing in type 'GeoBounds'.
lib/oei/db-service.ts(318,16): error TS2352: Conversion of type 'EventAction[] | undefined' to type 'Record<string, unknown>[]' may be a mistake because neither type sufficiently overlaps with the other. If this was intentional, convert the expression to 'unknown' first.
  Type 'EventAction[]' is not comparable to type 'Record<string, unknown>[]'.
    Type 'EventAction' is not comparable to type 'Record<string, unknown>'.
      Index signature for type 'string' is missing in type 'EventAction'.
lib/oei/db-service.ts(321,19): error TS2352: Conversion of type 'Provenance' to type 'Record<string, unknown>' may be a mistake because neither type sufficiently overlaps with the other. If this was intentional, convert the expression to 'unknown' first.
  Index signature for type 'string' is missing in type 'Provenance'.
lib/oei/db-service.ts(327,25): error TS2353: Object literal may only specify known properties, and 'updatedAt' does not exist in type '{ type?: string | SQL<unknown> | PgColumn<ColumnBaseConfig<ColumnDataType, string>, {}, {}> | undefined; title?: string | SQL<unknown> | PgColumn<...> | undefined; ... 20 more ...; observationIds?: unknown; }'.
lib/oei/mindex-ingest.ts(351,5): error TS2783: 'id' is specified more than once, so this usage will be overwritten.
lib/oei/websocket-service.ts(187,7): error TS2322: Type '"vessel"' is not assignable to type 'EntityType.VESSEL'.
lib/oei/websocket-service.ts(189,54): error TS2345: Argument of type 'number | undefined' is not assignable to parameter of type 'number'.
  Type 'undefined' is not assignable to type 'number'.
lib/oei/websocket-service.ts(191,9): error TS2353: Object literal may only specify known properties, and 'latitude' does not exist in type '{ type: "Point"; coordinates: [number, number]; }'.
lib/research/pdf-extractor.ts(115,30): error TS2339: Property 'Keywords' does not exist on type '{ Title?: string | undefined; Author?: string | undefined; Subject?: string | undefined; Creator?: string | undefined; Producer?: string | undefined; CreationDate?: string | undefined; ModDate?: string | undefined; }'.
lib/research/pdf-extractor.ts(138,37): error TS2322: Type 'Buffer<ArrayBufferLike>' is not assignable to type 'BlobPart'.
  Type 'Buffer<ArrayBufferLike>' is not assignable to type 'ArrayBufferView<ArrayBuffer>'.
    Types of property 'buffer' are incompatible.
      Type 'ArrayBufferLike' is not assignable to type 'ArrayBuffer'.
        Type 'SharedArrayBuffer' is missing the following properties from type 'ArrayBuffer': resizable, resize, detached, transfer, transferToFixedLength
lib/scrapers/celestrak-scraper.ts(9,28): error TS2459: Module '"./base-scraper"' declares 'ScraperResult' locally, but it is not exported.
lib/scrapers/celestrak-scraper.ts(9,48): error TS2459: Module '"./base-scraper"' declares 'ScraperConfig' locally, but it is not exported.
lib/scrapers/celestrak-scraper.ts(46,14): error TS2515: Non-abstract class 'CelesTrakScraper' does not implement inherited abstract member validate from class 'BaseScraper<unknown>'.
lib/scrapers/celestrak-scraper.ts(54,7): error TS2561: Object literal may only specify known properties, but 'interval' does not exist in type 'ScraperConfig'. Did you mean to write 'intervalMs'?
lib/scrapers/celestrak-scraper.ts(106,50): error TS2345: Argument of type 'TLEData[]' is not assignable to parameter of type 'ScrapedData<unknown>'.
  Type 'TLEData[]' is missing the following properties from type 'ScrapedData<unknown>': id, scraperId, sourceUrl, timestamp, and 3 more.
lib/scrapers/celestrak-scraper.ts(148,7): error TS2740: Type 'ScrapedData<TLEData[]>' is missing the following properties from type 'TLEData[]': length, pop, push, concat, and 35 more.
lib/search/earth-search-connectors.ts(527,9): error TS2353: Object literal may only specify known properties, and 'xrayFlux' does not exist in type 'SpaceWeatherResult'.
lib/search/embedding-engine.ts(360,53): error TS2339: Property 'xrayFlux' does not exist on type 'SpaceWeatherResult'.
lib/search/unified-search-sdk.ts(329,9): error TS2740: Type '{ query: string; results: UnifiedSearchResults; totalCount: number; timing: { total: number; mindex: number; inaturalist?: number | undefined; crossref?: number | undefined; ai?: number | undefined; earth?: number | undefined; }; ... 4 more ...; error?: string | undefined; }' is missing the following properties from type 'UnifiedSearchResults': species, compounds, genetics, research, and 10 more.
lib/search/unified-search-sdk.ts(424,11): error TS2740: Type '{ query: string; results: UnifiedSearchResults; totalCount: number; timing: { total: number; mindex: number; inaturalist?: number | undefined; crossref?: number | undefined; ai?: number | undefined; earth?: number | undefined; }; ... 4 more ...; error?: string | undefined; }' is missing the following properties from type 'UnifiedSearchResults': species, compounds, genetics, research, and 10 more.
lib/search/unified-search-sdk.ts(435,9): error TS2740: Type '{ query: string; results: UnifiedSearchResults; totalCount: number; timing: { total: number; mindex: number; inaturalist?: number | undefined; crossref?: number | undefined; ai?: number | undefined; earth?: number | undefined; }; ... 4 more ...; error?: string | undefined; }' is missing the following properties from type 'UnifiedSearchResults': species, compounds, genetics, research, and 10 more.
lib/security/compliance-frameworks.ts(1147,17): error TS2353: Object literal may only specify known properties, and ''ITAR'' does not exist in type '{ 'NIST-800-53'?: string[] | undefined; 'NIST-800-171'?: string[] | undefined; 'CMMC-L2'?: string[] | undefined; NISPOM?: string[] | undefined; FOCI?: string[] | undefined; }'.
lib/security/compliance-frameworks.ts(1287,42): error TS2353: Object literal may only specify known properties, and ''CNSSI-1253'' does not exist in type '{ 'NIST-800-53'?: string[] | undefined; 'NIST-800-171'?: string[] | undefined; 'CMMC-L2'?: string[] | undefined; NISPOM?: string[] | undefined; FOCI?: string[] | undefined; }'.
lib/security/compliance-frameworks.ts(1302,42): error TS2353: Object literal may only specify known properties, and ''CNSSI-1253'' does not exist in type '{ 'NIST-800-53'?: string[] | undefined; 'NIST-800-171'?: string[] | undefined; 'CMMC-L2'?: string[] | undefined; NISPOM?: string[] | undefined; FOCI?: string[] | undefined; }'.
lib/security/compliance-frameworks.ts(1318,42): error TS2353: Object literal may only specify known properties, and ''CNSSI-1253'' does not exist in type '{ 'NIST-800-53'?: string[] | undefined; 'NIST-800-171'?: string[] | undefined; 'CMMC-L2'?: string[] | undefined; NISPOM?: string[] | undefined; FOCI?: string[] | undefined; }'.
lib/security/compliance-frameworks.ts(1333,42): error TS2353: Object literal may only specify known properties, and ''CNSSI-1253'' does not exist in type '{ 'NIST-800-53'?: string[] | undefined; 'NIST-800-171'?: string[] | undefined; 'CMMC-L2'?: string[] | undefined; NISPOM?: string[] | undefined; FOCI?: string[] | undefined; }'.
lib/security/compliance-frameworks.ts(1347,42): error TS2353: Object literal may only specify known properties, and ''CNSSI-1253'' does not exist in type '{ 'NIST-800-53'?: string[] | undefined; 'NIST-800-171'?: string[] | undefined; 'CMMC-L2'?: string[] | undefined; NISPOM?: string[] | undefined; FOCI?: string[] | undefined; }'.
lib/security/compliance-frameworks.ts(1362,42): error TS2353: Object literal may only specify known properties, and ''CNSSI-1253'' does not exist in type '{ 'NIST-800-53'?: string[] | undefined; 'NIST-800-171'?: string[] | undefined; 'CMMC-L2'?: string[] | undefined; NISPOM?: string[] | undefined; FOCI?: string[] | undefined; }'.
lib/security/compliance-frameworks.ts(1376,42): error TS2353: Object literal may only specify known properties, and ''CNSSI-1253'' does not exist in type '{ 'NIST-800-53'?: string[] | undefined; 'NIST-800-171'?: string[] | undefined; 'CMMC-L2'?: string[] | undefined; NISPOM?: string[] | undefined; FOCI?: string[] | undefined; }'.
lib/security/compliance-frameworks.ts(1391,42): error TS2353: Object literal may only specify known properties, and ''CNSSI-1253'' does not exist in type '{ 'NIST-800-53'?: string[] | undefined; 'NIST-800-171'?: string[] | undefined; 'CMMC-L2'?: string[] | undefined; NISPOM?: string[] | undefined; FOCI?: string[] | undefined; }'.
lib/security/compliance-frameworks.ts(1407,42): error TS2353: Object literal may only specify known properties, and ''CNSSI-1253'' does not exist in type '{ 'NIST-800-53'?: string[] | undefined; 'NIST-800-171'?: string[] | undefined; 'CMMC-L2'?: string[] | undefined; NISPOM?: string[] | undefined; FOCI?: string[] | undefined; }'.
lib/security/compliance-frameworks.ts(1422,42): error TS2353: Object literal may only specify known properties, and ''CNSSI-1253'' does not exist in type '{ 'NIST-800-53'?: string[] | undefined; 'NIST-800-171'?: string[] | undefined; 'CMMC-L2'?: string[] | undefined; NISPOM?: string[] | undefined; FOCI?: string[] | undefined; }'.
lib/security/compliance-frameworks.ts(1438,42): error TS2353: Object literal may only specify known properties, and ''CNSSI-1253'' does not exist in type '{ 'NIST-800-53'?: string[] | undefined; 'NIST-800-171'?: string[] | undefined; 'CMMC-L2'?: string[] | undefined; NISPOM?: string[] | undefined; FOCI?: string[] | undefined; }'.
lib/security/compliance-frameworks.ts(1453,42): error TS2353: Object literal may only specify known properties, and ''CNSSI-1253'' does not exist in type '{ 'NIST-800-53'?: string[] | undefined; 'NIST-800-171'?: string[] | undefined; 'CMMC-L2'?: string[] | undefined; NISPOM?: string[] | undefined; FOCI?: string[] | undefined; }'.
lib/security/compliance-frameworks.ts(1468,42): error TS2353: Object literal may only specify known properties, and ''CNSSI-1253'' does not exist in type '{ 'NIST-800-53'?: string[] | undefined; 'NIST-800-171'?: string[] | undefined; 'CMMC-L2'?: string[] | undefined; NISPOM?: string[] | undefined; FOCI?: string[] | undefined; }'.
lib/security/compliance-frameworks.ts(1512,42): error TS2353: Object literal may only specify known properties, and ''ICD-503'' does not exist in type '{ 'NIST-800-53'?: string[] | undefined; 'NIST-800-171'?: string[] | undefined; 'CMMC-L2'?: string[] | undefined; NISPOM?: string[] | undefined; FOCI?: string[] | undefined; }'.
lib/security/compliance-frameworks.ts(1553,42): error TS2353: Object literal may only specify known properties, and ''ICD-503'' does not exist in type '{ 'NIST-800-53'?: string[] | undefined; 'NIST-800-171'?: string[] | undefined; 'CMMC-L2'?: string[] | undefined; NISPOM?: string[] | undefined; FOCI?: string[] | undefined; }'.
lib/security/compliance-frameworks.ts(1594,17): error TS2353: Object literal may only specify known properties, and ''FEDRAMP-HIGH'' does not exist in type '{ 'NIST-800-53'?: string[] | undefined; 'NIST-800-171'?: string[] | undefined; 'CMMC-L2'?: string[] | undefined; NISPOM?: string[] | undefined; FOCI?: string[] | undefined; }'.
lib/security/compliance-frameworks.ts(1636,42): error TS2353: Object literal may only specify known properties, and ''ICD-503'' does not exist in type '{ 'NIST-800-53'?: string[] | undefined; 'NIST-800-171'?: string[] | undefined; 'CMMC-L2'?: string[] | undefined; NISPOM?: string[] | undefined; FOCI?: string[] | undefined; }'.
lib/security/compliance-frameworks.ts(1651,42): error TS2353: Object literal may only specify known properties, and ''ICD-503'' does not exist in type '{ 'NIST-800-53'?: string[] | undefined; 'NIST-800-171'?: string[] | undefined; 'CMMC-L2'?: string[] | undefined; NISPOM?: string[] | undefined; FOCI?: string[] | undefined; }'.
lib/security/compliance-frameworks.ts(2081,41): error TS2551: Property 'CMMC-L1' does not exist on type '{ 'NIST-800-53'?: string[] | undefined; 'NIST-800-171'?: string[] | undefined; 'CMMC-L2'?: string[] | undefined; NISPOM?: string[] | undefined; FOCI?: string[] | undefined; }'. Did you mean 'CMMC-L2'?
lib/security/database.ts(1904,9): error TS2322: Type '"fcl"' is not assignable to type '"config" | "report" | "scan" | "control" | "incident"'.
lib/security/database.ts(1944,9): error TS2322: Type '"fcl"' is not assignable to type '"config" | "report" | "scan" | "control" | "incident"'.
lib/security/database.ts(1981,9): error TS2322: Type '"fcl"' is not assignable to type '"config" | "report" | "scan" | "control" | "incident"'.
lib/security/database.ts(2046,9): error TS2322: Type '"fcl"' is not assignable to type '"config" | "report" | "scan" | "control" | "incident"'.
lib/security/email-alerts.ts(352,5): error TS2783: 'recipients' is specified more than once, so this usage will be overwritten.
lib/security/exostar-client.ts(299,19): error TS7006: Parameter 'a' implicitly has an 'any' type.
lib/security/exostar/exostar-client.ts(474,12): error TS2678: Type '"CMMC"' is not comparable to type 'ComplianceFramework'.
lib/security/index.ts(16,1): error TS2308: Module './compliance-frameworks' has already exported a member named 'getControlsByFramework'. Consider explicitly re-exporting to resolve the ambiguity.
lib/security/index.ts(35,1): error TS2308: Module './database' has already exported a member named 'PlaybookExecution'. Consider explicitly re-exporting to resolve the ambiguity.
lib/security/index.ts(35,1): error TS2308: Module './playbook-engine' has already exported a member named 'Playbook'. Consider explicitly re-exporting to resolve the ambiguity.
lib/security/index.ts(35,1): error TS2308: Module './playbook-engine' has already exported a member named 'PlaybookAction'. Consider explicitly re-exporting to resolve the ambiguity.
lib/security/index.ts(35,1): error TS2308: Module './playbook-engine' has already exported a member named 'PlaybookCondition'. Consider explicitly re-exporting to resolve the ambiguity.
lib/security/index.ts(35,1): error TS2308: Module './playbook-engine' has already exported a member named 'PlaybookTrigger'. Consider explicitly re-exporting to resolve the ambiguity.
lib/security/index.ts(35,1): error TS2308: Module './playbook-engine' has already exported a member named 'executePlaybook'. Consider explicitly re-exporting to resolve the ambiguity.
lib/security/index.ts(35,1): error TS2308: Module './playbook-engine' has already exported a member named 'getPlaybooks'. Consider explicitly re-exporting to resolve the ambiguity.
lib/security/index.ts(36,1): error TS2308: Module './database' has already exported a member named 'ScanResult'. Consider explicitly re-exporting to resolve the ambiguity.
lib/security/index.ts(36,1): error TS2308: Module './network-scanner' has already exported a member named 'cancelScan'. Consider explicitly re-exporting to resolve the ambiguity.
lib/security/index.ts(37,1): error TS2308: Module './email-alerts' has already exported a member named 'EmailConfig'. Consider explicitly re-exporting to resolve the ambiguity.
lib/security/myca-sec.ts(122,76): error TS2322: Type 'boolean' is not assignable to type 'string | number | string[]'.
lib/security/myca-sec.ts(301,80): error TS2345: Argument of type '{} | null' is not assignable to parameter of type 'string'.
  Type 'null' is not assignable to type 'string'.
lib/security/network-scanner.ts(114,7): error TS2322: Type '"unknown"' is not assignable to type '"open" | "closed" | "filtered"'.
lib/security/playbook-engine.ts(494,41): error TS2345: Argument of type 'TriggerEvent' is not assignable to parameter of type 'Record<string, unknown>'.
  Index signature for type 'string' is missing in type 'TriggerEvent'.
lib/security/ssp-generator/index.ts(385,9): error TS2322: Type '{ controlId: string; framework: ComplianceFramework; family: string; name: string; baselineControl: true; implementationStatus: "Partially Implemented" | "Not Applicable" | "Implemented" | "Planned"; ... 5 more ...; assessor: string; }[]' is not assignable to type 'ControlImplementation[]'.
  Type '{ controlId: string; framework: ComplianceFramework; family: string; name: string; baselineControl: true; implementationStatus: "Partially Implemented" | "Not Applicable" | "Implemented" | "Planned"; ... 5 more ...; assessor: string; }' is not assignable to type 'ControlImplementation'.
    Types of property 'assessmentMethod' are incompatible.
      Type '"interview" | "test" | "examine" | "Examine"' is not assignable to type '"Test" | "Interview" | "Examine"'.
        Type '"interview"' is not assignable to type '"Test" | "Interview" | "Examine"'. Did you mean '"Interview"'?
lib/services/ancestry-service.ts(73,19): error TS2339: Property 'length' does not exist on type 'Record<string, any>[] | any[][] | FullQueryResults<boolean>'.
  Property 'length' does not exist on type 'FullQueryResults<boolean>'.
lib/services/ancestry-service.ts(73,33): error TS7053: Element implicitly has an 'any' type because expression of type '0' can't be used to index type 'Record<string, any>[] | any[][] | FullQueryResults<boolean>'.
  Property '0' does not exist on type 'Record<string, any>[] | any[][] | FullQueryResults<boolean>'.
lib/services/ancestry-service.ts(100,36): error TS2531: Object is possibly 'null'.
lib/services/ancestry-service.ts(142,16): error TS2339: Property 'length' does not exist on type 'Record<string, any>[] | any[][] | FullQueryResults<boolean>'.
  Property 'length' does not exist on type 'FullQueryResults<boolean>'.
lib/services/ancestry-service.ts(146,21): error TS7053: Element implicitly has an 'any' type because expression of type '0' can't be used to index type 'Record<string, any>[] | any[][] | FullQueryResults<boolean>'.
  Property '0' does not exist on type 'Record<string, any>[] | any[][] | FullQueryResults<boolean>'.
lib/services/ancestry-service.ts(223,19): error TS2339: Property 'length' does not exist on type 'Record<string, any>[] | any[][] | FullQueryResults<boolean>'.
  Property 'length' does not exist on type 'FullQueryResults<boolean>'.
lib/services/ancestry-service.ts(223,33): error TS7053: Element implicitly has an 'any' type because expression of type '0' can't be used to index type 'Record<string, any>[] | any[][] | FullQueryResults<boolean>'.
  Property '0' does not exist on type 'Record<string, any>[] | any[][] | FullQueryResults<boolean>'.
lib/services/ancestry-service.ts(256,12): error TS18046: 'result' is of type 'unknown'.
lib/services/ancestry-service.ts(256,38): error TS18046: 'result' is of type 'unknown'.
lib/services/ancestry-service.ts(270,19): error TS2339: Property 'count' does not exist on type 'Record<string, any>[] | any[][] | FullQueryResults<boolean>'.
  Property 'count' does not exist on type 'Record<string, any>[]'.
lib/services/cache-service.ts(3,21): error TS2307: Cannot find module '@vercel/blob' or its corresponding type declarations.
lib/services/cache-service.ts(18,10): error TS7053: Element implicitly has an 'any' type because expression of type 'string' can't be used to index type 'TempDB'.
  No index signature with a parameter of type 'string' was found on type 'TempDB'.
lib/services/cache-service.ts(19,7): error TS7053: Element implicitly has an 'any' type because expression of type 'string' can't be used to index type 'TempDB'.
  No index signature with a parameter of type 'string' was found on type 'TempDB'.
lib/services/cache-service.ts(21,5): error TS7053: Element implicitly has an 'any' type because expression of type 'string' can't be used to index type 'TempDB'.
  No index signature with a parameter of type 'string' was found on type 'TempDB'.
lib/services/cache-service.ts(39,9): error TS7053: Element implicitly has an 'any' type because expression of type 'string' can't be used to index type 'TempDB'.
  No index signature with a parameter of type 'string' was found on type 'TempDB'.
lib/services/cache-service.ts(40,14): error TS7053: Element implicitly has an 'any' type because expression of type 'string' can't be used to index type 'TempDB'.
  No index signature with a parameter of type 'string' was found on type 'TempDB'.
lib/services/cache-service.ts(52,14): error TS7053: Element implicitly has an 'any' type because expression of type 'string' can't be used to index type 'TempDB'.
  No index signature with a parameter of type 'string' was found on type 'TempDB'.
lib/services/cache-service.ts(53,11): error TS7053: Element implicitly has an 'any' type because expression of type 'string' can't be used to index type 'TempDB'.
  No index signature with a parameter of type 'string' was found on type 'TempDB'.
lib/services/cache-service.ts(55,9): error TS7053: Element implicitly has an 'any' type because expression of type 'string' can't be used to index type 'TempDB'.
  No index signature with a parameter of type 'string' was found on type 'TempDB'.
lib/services/cache-service.ts(202,47): error TS2339: Property 'timestamp' does not exist on type '{}'.
lib/services/cache-service.ts(204,25): error TS2339: Property 'data' does not exist on type '{}'.
lib/services/cache-service.ts(260,7): error TS2740: Type '{}' is missing the following properties from type 'unknown[]': length, pop, push, concat, and 35 more.
lib/services/cache-service.ts(265,47): error TS2339: Property 'timestamp' does not exist on type '{}'.
lib/services/cache-service.ts(267,25): error TS2339: Property 'results' does not exist on type '{}'.
lib/services/cache-service.ts(322,47): error TS2339: Property 'timestamp' does not exist on type '{}'.
lib/services/cache-service.ts(324,25): error TS2339: Property 'data' does not exist on type '{}'.
lib/services/cache-service.ts(347,41): error TS2339: Property 'isAvailable' does not exist on type '{}'.
lib/services/cache-service.ts(347,99): error TS2339: Property 'lastChanged' does not exist on type '{}'.
lib/services/cache-service.ts(361,60): error TS2339: Property 'isAvailable' does not exist on type '{}'.
lib/services/cache-service.ts(375,39): error TS2339: Property 'lastChecked' does not exist on type '{}'.
lib/services/cache-service.ts(377,29): error TS2339: Property 'isAvailable' does not exist on type '{}'.
lib/services/cache-service.ts(378,29): error TS2339: Property 'lastChecked' does not exist on type '{}'.
lib/services/cache-service.ts(401,34): error TS2339: Property 'count' does not exist on type '{}'.
lib/services/cache-service.ts(424,32): error TS18046: 'b' is of type 'unknown'.
lib/services/cache-service.ts(424,42): error TS18046: 'a' is of type 'unknown'.
lib/services/cache-service.ts(426,54): error TS18046: 'item' is of type 'unknown'.
lib/services/cache-service.ts(448,13): error TS18046: 'species' is of type 'unknown'.
lib/services/cache-service.ts(450,57): error TS18046: 'species' is of type 'unknown'.
lib/services/cache-service.ts(455,19): error TS18046: 'species' is of type 'unknown'.
lib/services/cache-service.ts(456,27): error TS18046: 'species' is of type 'unknown'.
lib/services/cache-service.ts(457,31): error TS18046: 'species' is of type 'unknown'.
lib/services/cache-service.ts(458,28): error TS18046: 'species' is of type 'unknown'.
lib/services/cache-service.ts(459,25): error TS18046: 'species' is of type 'unknown'.
lib/services/cache-service.ts(466,26): error TS18046: 'species' is of type 'unknown'.
lib/services/cache-service.ts(468,32): error TS18046: 'species' is of type 'unknown'.
lib/services/cache-service.ts(469,24): error TS18046: 'species' is of type 'unknown'.
lib/services/cache-service.ts(471,27): error TS18046: 'species' is of type 'unknown'.
lib/services/cache-service.ts(477,60): error TS18046: 'species' is of type 'unknown'.
lib/services/cache-service.ts(484,36): error TS18046: 'species' is of type 'unknown'.
lib/services/cache-service.ts(496,21): error TS2769: No overload matches this call.
  Overload 1 of 2, '(predicate: (value: unknown, index: number, array: unknown[]) => value is unknown, thisArg?: any): unknown[]', gave the following error.
    Argument of type '(species: Record<string, unknown>) => boolean | undefined' is not assignable to parameter of type '(value: unknown, index: number, array: unknown[]) => value is unknown'.
      Types of parameters 'species' and 'value' are incompatible.
        Type 'unknown' is not assignable to type 'Record<string, unknown>'.
  Overload 2 of 2, '(predicate: (value: unknown, index: number, array: unknown[]) => unknown, thisArg?: any): unknown[]', gave the following error.
    Argument of type '(species: Record<string, unknown>) => boolean | undefined' is not assignable to parameter of type '(value: unknown, index: number, array: unknown[]) => unknown'.
      Types of parameters 'species' and 'value' are incompatible.
        Type 'unknown' is not assignable to type 'Record<string, unknown>'.
lib/services/cache-service.ts(507,18): error TS2345: Argument of type '(species: Record<string, unknown>) => { id: unknown; name: unknown; preferred_common_name: string; iconic_taxon_name: string; rank: string; is_active: boolean; matched_term: string; default_photo: { medium_url: string; attribution: string; }; }' is not assignable to parameter of type '(value: unknown, index: number, array: unknown[]) => { id: unknown; name: unknown; preferred_common_name: string; iconic_taxon_name: string; rank: string; is_active: boolean; matched_term: string; default_photo: { medium_url: string; attribution: string; }; }'.
  Types of parameters 'species' and 'value' are incompatible.
    Type 'unknown' is not assignable to type 'Record<string, unknown>'.
lib/services/cache-service.ts(542,33): error TS18046: 'compound' is of type 'unknown'.
lib/services/cache-service.ts(548,44): error TS2341: Property 'searchHistory' is private and only accessible within class 'SearchTracker'.
lib/services/cache-service.ts(553,11): error TS18046: 'species' is of type 'unknown'.
lib/services/cache-service.ts(554,32): error TS18046: 'species' is of type 'unknown'.
lib/services/cache-service.ts(560,31): error TS18046: 'compound' is of type 'unknown'.
lib/services/cache-service.ts(570,19): error TS2769: No overload matches this call.
  Overload 1 of 2, '(predicate: (value: unknown, index: number, array: unknown[]) => value is unknown, thisArg?: any): unknown[]', gave the following error.
    Argument of type '(species: Record<string, unknown>) => boolean | undefined' is not assignable to parameter of type '(value: unknown, index: number, array: unknown[]) => value is unknown'.
      Types of parameters 'species' and 'value' are incompatible.
        Type 'unknown' is not assignable to type 'Record<string, unknown>'.
  Overload 2 of 2, '(predicate: (value: unknown, index: number, array: unknown[]) => unknown, thisArg?: any): unknown[]', gave the following error.
    Argument of type '(species: Record<string, unknown>) => boolean | undefined' is not assignable to parameter of type '(value: unknown, index: number, array: unknown[]) => unknown'.
      Types of parameters 'species' and 'value' are incompatible.
        Type 'unknown' is not assignable to type 'Record<string, unknown>'.
lib/services/cache-service.ts(581,16): error TS2345: Argument of type '(species: Record<string, unknown>) => { id: unknown; name: unknown; preferred_common_name: string; iconic_taxon_name: string; rank: string; is_active: boolean; matched_term: string; default_photo: { medium_url: string; attribution: string; }; }' is not assignable to parameter of type '(value: unknown, index: number, array: unknown[]) => { id: unknown; name: unknown; preferred_common_name: string; iconic_taxon_name: string; rank: string; is_active: boolean; matched_term: string; default_photo: { medium_url: string; attribution: string; }; }'.
  Types of parameters 'species' and 'value' are incompatible.
    Type 'unknown' is not assignable to type 'Record<string, unknown>'.
lib/services/chemical-data.ts(94,16): error TS2339: Property 'structure' does not exist on type '{ id: string; commonName: string; molecularFormula: string; molecularWeight: number; smiles: string; inchi: string; inchiKey: string; description: string; biologicalActivity: string[]; safety: { ...; }; references: { ...; }[]; }'.
lib/services/chemical-data.ts(101,16): error TS2339: Property 'foundIn' does not exist on type '{ id: string; commonName: string; molecularFormula: string; molecularWeight: number; smiles: string; inchi: string; inchiKey: string; description: string; biologicalActivity: string[]; safety: { ...; }; references: { ...; }[]; }'.
lib/services/chemical-data.ts(142,16): error TS2339: Property 'structure' does not exist on type '{ id: string; commonName: string; molecularFormula: string; molecularWeight: number; smiles: string; inchi: string; inchiKey: string; description: string; biologicalActivity: string[]; safety: { ...; }; references: { ...; }[]; }'.
lib/services/chemical-data.ts(149,16): error TS2339: Property 'foundIn' does not exist on type '{ id: string; commonName: string; molecularFormula: string; molecularWeight: number; smiles: string; inchi: string; inchiKey: string; description: string; biologicalActivity: string[]; safety: { ...; }; references: { ...; }[]; }'.
lib/services/chemical-data.ts(190,16): error TS2339: Property 'structure' does not exist on type '{ id: string; commonName: string; molecularFormula: string; molecularWeight: number; smiles: string; inchi: string; inchiKey: string; description: string; biologicalActivity: string[]; safety: { ...; }; references: { ...; }[]; }'.
lib/services/chemical-data.ts(197,16): error TS2339: Property 'foundIn' does not exist on type '{ id: string; commonName: string; molecularFormula: string; molecularWeight: number; smiles: string; inchi: string; inchiKey: string; description: string; biologicalActivity: string[]; safety: { ...; }; references: { ...; }[]; }'.
lib/services/contingency-sources.ts(72,30): error TS2339: Property 'description' does not exist on type '{ iNaturalistId: string; commonNames: string[]; scientificName: string; description: string; characteristics: { habitat: string[]; season: string[]; edibility: string; ecology: string; }; taxonomy: { ...; }; ... 5 more ...; defaultImages: { ...; }[]; } | ... 4 more ... | { ...; }'.
  Property 'description' does not exist on type '{ iNaturalistId: string; commonNames: string[]; scientificName: string; searchTerms: string[]; compounds: { id: string; name: string; }[]; relatedResearch: string[]; }'.
lib/services/contingency-sources.ts(163,33): error TS2339: Property 'description' does not exist on type '{ iNaturalistId: string; commonNames: string[]; scientificName: string; description: string; characteristics: { habitat: string[]; season: string[]; edibility: string; ecology: string; }; taxonomy: { ...; }; ... 5 more ...; defaultImages: { ...; }[]; } | ... 4 more ... | { ...; }'.
  Property 'description' does not exist on type '{ iNaturalistId: string; commonNames: string[]; scientificName: string; searchTerms: string[]; compounds: { id: string; name: string; }[]; relatedResearch: string[]; }'.
lib/services/contingency-sources.ts(164,30): error TS2339: Property 'taxonomy' does not exist on type '{ iNaturalistId: string; commonNames: string[]; scientificName: string; description: string; characteristics: { habitat: string[]; season: string[]; edibility: string; ecology: string; }; taxonomy: { ...; }; ... 5 more ...; defaultImages: { ...; }[]; } | ... 4 more ... | { ...; }'.
  Property 'taxonomy' does not exist on type '{ iNaturalistId: string; commonNames: string[]; scientificName: string; searchTerms: string[]; compounds: { id: string; name: string; }[]; relatedResearch: string[]; }'.
lib/services/contingency-sources.ts(173,37): error TS2339: Property 'characteristics' does not exist on type '{ iNaturalistId: string; commonNames: string[]; scientificName: string; description: string; characteristics: { habitat: string[]; season: string[]; edibility: string; ecology: string; }; taxonomy: { ...; }; ... 5 more ...; defaultImages: { ...; }[]; } | ... 4 more ... | { ...; }'.
  Property 'characteristics' does not exist on type '{ iNaturalistId: string; commonNames: string[]; scientificName: string; searchTerms: string[]; compounds: { id: string; name: string; }[]; relatedResearch: string[]; }'.
lib/services/document-aggregator.ts(24,23): error TS2339: Property 'documents' does not exist on type 'unknown[]'.
lib/services/document-aggregator.ts(25,28): error TS2339: Property 'documents' does not exist on type 'unknown[]'.
lib/services/inaturalist.ts(126,56): error TS2345: Argument of type '{ url: string; medium_url: string; large_url: string; attribution: string; license_code: string; taxon_id: string; observation_id: unknown; photo_id: unknown; }[]' is not assignable to parameter of type 'INaturalistPhoto[]'.
  Type '{ url: string; medium_url: string; large_url: string; attribution: string; license_code: string; taxon_id: string; observation_id: unknown; photo_id: unknown; }' is not assignable to type 'INaturalistPhoto'.
    Types of property 'observation_id' are incompatible.
      Type 'unknown' is not assignable to type 'string | undefined'.
lib/services/nlq-connectors/telemetry-connector.ts(128,21): error TS2339: Property 'slice' does not exist on type '{}'.
lib/services/species-mapping.ts(319,38): error TS2339: Property 'relatedResearch' does not exist on type '{ iNaturalistId: string; commonNames: string[]; scientificName: string; description: string; characteristics: { habitat: string[]; season: string[]; edibility: string; ecology: string; }; taxonomy: { ...; }; ... 5 more ...; defaultImages: { ...; }[]; } | ... 4 more ... | { ...; }'.
  Property 'relatedResearch' does not exist on type '{ iNaturalistId: string; commonNames: string[]; scientificName: string; description: string; characteristics: { habitat: string[]; season: string[]; edibility: string; ecology: string; }; taxonomy: { ...; }; defaultImages: { ...; }[]; compounds: { ...; }[]; searchTerms: string[]; }'.
lib/stripe/billing.ts(438,36): error TS2339: Property 'createUsageRecord' does not exist on type 'SubscriptionItemsResource'.
lib/stripe/billing.ts(545,34): error TS2339: Property 'retrieveUpcoming' does not exist on type 'InvoicesResource'.
lib/stripe/client.ts(30,34): error TS2339: Property 'redirectToCheckout' does not exist on type 'Stripe'.
lib/stripe/server.ts(15,7): error TS2322: Type '"2024-12-18.acacia"' is not assignable to type '"2026-02-25.clover"'.
lib/temp-db-singleton.ts(35,5): error TS2322: Type 'Collection<T>' is not assignable to type 'Collection<Record<string, unknown>>'.
  Type 'T' is not assignable to type 'Record<string, unknown>'.
lib/temp-db-singleton.ts(44,7): error TS2322: Type 'Record<string, unknown>[]' is not assignable to type 'T[]'.
  Type 'Record<string, unknown>' is not assignable to type 'T'.
    'T' could be instantiated with an arbitrary type which could be unrelated to 'Record<string, unknown>'.
lib/temp-db-singleton.ts(52,24): error TS2322: Type 'Record<string, unknown>' is not assignable to type 'T'.
  'T' could be instantiated with an arbitrary type which could be unrelated to 'Record<string, unknown>'.
lib/temp-db-singleton.ts(56,5): error TS2322: Type 'Record<string, unknown>[]' is not assignable to type 'T[]'.
  Type 'Record<string, unknown>' is not assignable to type 'T'.
    'T' could be instantiated with an arbitrary type which could be unrelated to 'Record<string, unknown>'.
lib/temp-db-singleton.ts(85,26): error TS2345: Argument of type 'T' is not assignable to parameter of type 'Record<string, unknown>'.
lib/temp-db-singleton.ts(91,26): error TS2345: Argument of type 'T' is not assignable to parameter of type 'Record<string, unknown>'.
lib/temp-db.ts(12,5): error TS2353: Object literal may only specify known properties, and 'type' does not exist in type 'FungiSpecies'.
lib/temp-db.ts(52,5): error TS2353: Object literal may only specify known properties, and 'type' does not exist in type 'FungiSpecies'.
lib/trails/trail-calculator.ts(129,19): error TS2532: Object is possibly 'undefined'.
plans/natureos-devices-command-center/natureos-devices-command-center/app/natureos/devices/page.tsx(1,38): error TS2307: Cannot find module '@/components/devices/devices-command-center' or its corresponding type declarations.
plans/natureos-devices-command-center/natureos-devices-command-center/app/natureos/devices/page.tsx(2,36): error TS2307: Cannot find module '@/lib/devices/data' or its corresponding type declarations.
plans/natureos-devices-command-center/natureos-devices-command-center/components/devices/device-card-3d.tsx(8,33): error TS2307: Cannot find module '@/lib/devices/types' or its corresponding type declarations.
plans/natureos-devices-command-center/natureos-devices-command-center/components/devices/device-card.tsx(6,29): error TS2307: Cannot find module '@/lib/devices/types' or its corresponding type declarations.
plans/natureos-devices-command-center/natureos-devices-command-center/components/devices/device-card.tsx(7,43): error TS2307: Cannot find module '@/lib/devices/metrics' or its corresponding type declarations.
plans/natureos-devices-command-center/natureos-devices-command-center/components/devices/device-card.tsx(125,53): error TS7006: Parameter 't' implicitly has an 'any' type.
plans/natureos-devices-command-center/natureos-devices-command-center/components/devices/device-details-modal.tsx(6,29): error TS2307: Cannot find module '@/lib/devices/types' or its corresponding type declarations.
plans/natureos-devices-command-center/natureos-devices-command-center/components/devices/device-details-modal.tsx(7,43): error TS2307: Cannot find module '@/lib/devices/metrics' or its corresponding type declarations.
plans/natureos-devices-command-center/natureos-devices-command-center/components/devices/devices-command-center.tsx(6,46): error TS2307: Cannot find module '@/lib/devices/types' or its corresponding type declarations.
plans/natureos-devices-command-center/natureos-devices-command-center/components/devices/devices-command-center.tsx(7,30): error TS2307: Cannot find module '@/lib/devices/metrics' or its corresponding type declarations.
plans/natureos-devices-command-center/natureos-devices-command-center/components/devices/devices-command-center.tsx(36,55): error TS7006: Parameter 'd' implicitly has an 'any' type.
plans/natureos-devices-command-center/natureos-devices-command-center/components/devices/devices-command-center.tsx(37,53): error TS7006: Parameter 'd' implicitly has an 'any' type.
plans/natureos-devices-command-center/natureos-devices-command-center/components/devices/devices-command-center.tsx(143,44): error TS7006: Parameter 'd' implicitly has an 'any' type.
plans/natureos-devices-command-center/natureos-devices-command-center/components/devices/devices-grid.tsx(6,43): error TS2307: Cannot find module '@/lib/devices/types' or its corresponding type declarations.
plans/natureos-devices-command-center/natureos-devices-command-center/components/devices/devices-grid.tsx(21,33): error TS7006: Parameter 't' implicitly has an 'any' type.
plans/natureos-devices-command-center/natureos-devices-command-center/components/devices/devices-hero.tsx(6,41): error TS2307: Cannot find module '@/lib/devices/metrics' or its corresponding type declarations.
plans/natureos-devices-command-center/natureos-devices-command-center/components/devices/devices-stats.tsx(6,41): error TS2307: Cannot find module '@/lib/devices/metrics' or its corresponding type declarations.
plans/natureos-devices-command-center/natureos-devices-command-center/components/devices/mycobrain-panel.tsx(6,29): error TS2307: Cannot find module '@/lib/devices/types' or its corresponding type declarations.
plans/natureos-devices-command-center/natureos-devices-command-center/components/devices/mycobrain-panel.tsx(7,29): error TS2307: Cannot find module '@/lib/devices/metrics' or its corresponding type declarations.
plans/natureos-devices-command-center/natureos-devices-command-center/components/devices/network-topology.tsx(6,29): error TS2307: Cannot find module '@/lib/devices/types' or its corresponding type declarations.
plans/natureos-devices-command-center/natureos-devices-command-center/components/devices/network-topology.tsx(7,30): error TS2307: Cannot find module '@/lib/devices/metrics' or its corresponding type declarations.
plans/natureos-devices-command-center/natureos-devices-command-center/components/devices/network-topology.tsx(9,43): error TS2307: Cannot find module 'react-force-graph-2d' or its corresponding type declarations.
plans/natureos-devices-command-center/natureos-devices-command-center/components/devices/network-topology.tsx(29,44): error TS2345: Argument of type 'RefObject<HTMLDivElement | null>' is not assignable to parameter of type 'RefObject<HTMLElement>'.
  Type 'HTMLDivElement | null' is not assignable to type 'HTMLElement'.
    Type 'null' is not assignable to type 'HTMLElement'.
plans/natureos-devices-command-center/natureos-devices-command-center/components/devices/network-topology.tsx(49,10): error TS2578: Unused '@ts-expect-error' directive.
plans/natureos-devices-command-center/natureos-devices-command-center/components/devices/network-topology.tsx(51,11): error TS2769: No overload matches this call.
  Overload 1 of 2, '(props: {}, context?: any): string | number | bigint | boolean | ReactElement<unknown, string | JSXElementConstructor<any>> | Iterable<ReactNode> | Promise<...> | Component<...> | null | undefined', gave the following error.
    Type '{ width: number; height: number; graphData: { nodes: GraphNode[]; links: GraphLink[]; }; backgroundColor: string; nodeRelSize: number; linkColor: () => string; linkWidth: number; ... 6 more ...; cooldownTicks: number; }' is not assignable to type 'IntrinsicAttributes'.
      Property 'width' does not exist on type 'IntrinsicAttributes'.
  Overload 2 of 2, '(props: {}): string | number | bigint | boolean | ReactElement<unknown, string | JSXElementConstructor<any>> | Iterable<ReactNode> | Promise<...> | Component<...> | null | undefined', gave the following error.
    Type '{ width: number; height: number; graphData: { nodes: GraphNode[]; links: GraphLink[]; }; backgroundColor: string; nodeRelSize: number; linkColor: () => string; linkWidth: number; ... 6 more ...; cooldownTicks: number; }' is not assignable to type 'IntrinsicAttributes'.
      Property 'width' does not exist on type 'IntrinsicAttributes'.
plans/natureos-devices-command-center/natureos-devices-command-center/components/devices/particle-background.tsx(4,48): error TS2307: Cannot find module '@tsparticles/react' or its corresponding type declarations.
plans/natureos-devices-command-center/natureos-devices-command-center/components/devices/particle-background.tsx(5,26): error TS2307: Cannot find module '@tsparticles/slim' or its corresponding type declarations.
plans/natureos-devices-command-center/natureos-devices-command-center/components/devices/particle-background.tsx(6,37): error TS2307: Cannot find module '@tsparticles/engine' or its corresponding type declarations.
plans/natureos-devices-command-center/natureos-devices-command-center/components/devices/particle-background.tsx(13,32): error TS7006: Parameter 'engine' implicitly has an 'any' type.
scripts/seed-fungi-species.ts(2,21): error TS2307: Cannot find module '@vercel/blob' or its corresponding type declarations.
scripts/seed-fungi-species.ts(19,10): error TS18046: 'searchData' is of type 'unknown'.
scripts/seed-fungi-species.ts(23,20): error TS18046: 'searchData' is of type 'unknown'.
scripts/seed-fungi-species.ts(31,19): error TS18046: 'imageData' is of type 'unknown'.
scripts/seed.ts(6,35): error TS2769: No overload matches this call.
  Overload 1 of 2, '(value: { commonName: string | SQL<unknown> | Placeholder<string, any>; scientificName: string | SQL<unknown> | Placeholder<string, any>; taxonomy: unknown; id?: number | SQL<...> | Placeholder<...> | undefined; ... 11 more ...; gbifImages?: unknown[] | ... 3 more ... | undefined; }): PgInsertBase<...>', gave the following error.
    Argument of type '{ name: string; scientificName: string; type: string; description: string; }[]' is not assignable to parameter of type '{ commonName: string | SQL<unknown> | Placeholder<string, any>; scientificName: string | SQL<unknown> | Placeholder<string, any>; taxonomy: unknown; id?: number | SQL<...> | Placeholder<...> | undefined; ... 11 more ...; gbifImages?: unknown[] | ... 3 more ... | undefined; }'.
      Type '{ name: string; scientificName: string; type: string; description: string; }[]' is missing the following properties from type '{ commonName: string | SQL<unknown> | Placeholder<string, any>; scientificName: string | SQL<unknown> | Placeholder<string, any>; taxonomy: unknown; id?: number | SQL<...> | Placeholder<...> | undefined; ... 11 more ...; gbifImages?: unknown[] | ... 3 more ... | undefined; }': commonName, scientificName, taxonomy
scripts/setup-stripe-products.ts(21,3): error TS2322: Type '"2024-12-18.acacia"' is not assignable to type '"2026-02-25.clover"'.
scripts/setup-stripe-products.ts(308,29): error TS18048: 'STRIPE_SECRET_KEY' is possibly 'undefined'.
scripts/validate-top-100.ts(1,10): error TS2724: '"@/lib/utils/species-validator"' has no exported member named 'validateSpeciesId'. Did you mean 'validateAllSpecies'?
supabase/functions/generate-embeddings/index.ts(8,23): error TS2307: Cannot find module 'https://deno.land/std@0.168.0/http/server.ts' or its corresponding type declarations.
supabase/functions/generate-embeddings/index.ts(15,14): error TS7006: Parameter 'req' implicitly has an 'any' type.
supabase/functions/generate-embeddings/index.ts(30,26): error TS2304: Cannot find name 'Deno'.
supabase/functions/generate-embeddings/index.ts(73,31): error TS18046: 'error' is of type 'unknown'.
supabase/functions/process-telemetry/index.ts(8,30): error TS2307: Cannot find module 'jsr:@supabase/supabase-js@2' or its corresponding type declarations.
supabase/functions/process-telemetry/index.ts(10,22): error TS2304: Cannot find name 'Deno'.
supabase/functions/process-telemetry/index.ts(11,35): error TS2304: Cannot find name 'Deno'.
supabase/functions/process-telemetry/index.ts(13,1): error TS2304: Cannot find name 'Deno'.
tests/e2e/voice-search.spec.ts(107,22): error TS2349: This expression is not callable.
  Type '{ send: (data: string) => void; close: () => void; addEventListener: (event: string, callback: Function) => void; readyState: number; }' has no call signatures.
tests/e2e/voice-search.spec.ts(149,42): error TS2353: Object literal may only specify known properties, and 'permissions' does not exist in type '{ origin?: string | undefined; }'.
types/index.ts(13,1): error TS2308: Module "./fungi" has already exported a member named 'FungiSpecies'. Consider explicitly re-exporting to resolve the ambiguity.
